Archive member included to satisfy reference by file (symbol)

.\CortexM3\ARM_GCC_541\Debug\UltraLyd.a(VCC.o)
                              .\CortexM3\ARM_GCC_541\Debug\main.o (VCC_Write)
.\CortexM3\ARM_GCC_541\Debug\UltraLyd.a(UART_1.o)
                              .\CortexM3\ARM_GCC_541\Debug\main.o (UART_1_Start)
.\CortexM3\ARM_GCC_541\Debug\UltraLyd.a(isr_UART_1_RX.o)
                              .\CortexM3\ARM_GCC_541\Debug\main.o (isr_UART_1_RX_StartEx)
.\CortexM3\ARM_GCC_541\Debug\UltraLyd.a(LED.o)
                              .\CortexM3\ARM_GCC_541\Debug\main.o (LED_Write)
.\CortexM3\ARM_GCC_541\Debug\UltraLyd.a(UART_1_IntClock.o)
                              .\CortexM3\ARM_GCC_541\Debug\UltraLyd.a(UART_1.o) (UART_1_IntClock_Start)
.\CortexM3\ARM_GCC_541\Debug\UltraLyd.a(CyLib.o)
                              .\CortexM3\ARM_GCC_541\Debug\Cm3Start.o (CyHalt)
.\CortexM3\ARM_GCC_541\Debug\UltraLyd.a(cyPm.o)
                              .\CortexM3\ARM_GCC_541\Debug\UltraLyd.a(CyLib.o) (CyPmReadStatus)
.\CortexM3\ARM_GCC_541\Debug\UltraLyd.a(D.o)
                              .\CortexM3\ARM_GCC_541\Debug\main.o (D_Write)
.\CortexM3\ARM_GCC_541\Debug\UltraLyd.a(motorMode.o)
                              .\CortexM3\ARM_GCC_541\Debug\main.o (motorMode_Write)
.\CortexM3\ARM_GCC_541\Debug\UltraLyd.a(Enable.o)
                              .\CortexM3\ARM_GCC_541\Debug\main.o (Enable_Write)
.\CortexM3\ARM_GCC_541\Debug\UltraLyd.a(Sonic_Sensor.o)
                              .\CortexM3\ARM_GCC_541\Debug\main.o (Sonic_Sensor_Write)
.\CortexM3\ARM_GCC_541\Debug\UltraLyd.a(Counter.o)
                              .\CortexM3\ARM_GCC_541\Debug\main.o (Counter_ReadCounter)
.\CortexM3\ARM_GCC_541\Debug\UltraLyd.a(DrejRun.o)
                              .\CortexM3\ARM_GCC_541\Debug\main.o (DrejRun_Write)
.\CortexM3\ARM_GCC_541\Debug\UltraLyd.a(MOR.o)
                              .\CortexM3\ARM_GCC_541\Debug\main.o (MOR_Write)
.\CortexM3\ARM_GCC_541\Debug\UltraLyd.a(CyBootAsmGnu.o)
                              .\CortexM3\ARM_GCC_541\Debug\cyfitter_cfg.o (CyDelayCycles)
.\CortexM3\ARM_GCC_541\Debug\UltraLyd.a(CyFlash.o)
                              .\CortexM3\ARM_GCC_541\Debug\UltraLyd.a(cyPm.o) (CyFlash_SetWaitCycles)
.\CortexM3\ARM_GCC_541\Debug\UltraLyd.a(CySpc.o)
                              .\CortexM3\ARM_GCC_541\Debug\UltraLyd.a(CyFlash.o) (CySpcStart)
d:/program files (x86)/cypress/psoc creator/4.1/psoc creator/import/gnu/arm/5.4.1/bin/../lib/gcc/arm-none-eabi/5.4.1/armv7-m\libgcc.a(_arm_addsubdf3.o)
                              .\CortexM3\ARM_GCC_541\Debug\main.o (__aeabi_i2d)
d:/program files (x86)/cypress/psoc creator/4.1/psoc creator/import/gnu/arm/5.4.1/bin/../lib/gcc/arm-none-eabi/5.4.1/armv7-m\libgcc.a(_arm_muldivdf3.o)
                              .\CortexM3\ARM_GCC_541\Debug\main.o (__aeabi_dmul)
d:/program files (x86)/cypress/psoc creator/4.1/psoc creator/import/gnu/arm/5.4.1/bin/../lib/gcc/arm-none-eabi/5.4.1/armv7-m\libgcc.a(_arm_fixdfsi.o)
                              .\CortexM3\ARM_GCC_541\Debug\main.o (__aeabi_d2iz)
d:/program files (x86)/cypress/psoc creator/4.1/psoc creator/import/gnu/arm/5.4.1/bin/../lib/gcc/arm-none-eabi/5.4.1/../../../../arm-none-eabi/lib/armv7-m\libg_nano.a(lib_a-errno.o)
                              .\CortexM3\ARM_GCC_541\Debug\Cm3Start.o (__errno)
d:/program files (x86)/cypress/psoc creator/4.1/psoc creator/import/gnu/arm/5.4.1/bin/../lib/gcc/arm-none-eabi/5.4.1/../../../../arm-none-eabi/lib/armv7-m\libg_nano.a(lib_a-exit.o)
                              d:/program files (x86)/cypress/psoc creator/4.1/psoc creator/import/gnu/arm/5.4.1/bin/../lib/gcc/arm-none-eabi/5.4.1/../../../../arm-none-eabi/lib/armv7-m/crt0.o (exit)
d:/program files (x86)/cypress/psoc creator/4.1/psoc creator/import/gnu/arm/5.4.1/bin/../lib/gcc/arm-none-eabi/5.4.1/../../../../arm-none-eabi/lib/armv7-m\libg_nano.a(lib_a-impure.o)
                              d:/program files (x86)/cypress/psoc creator/4.1/psoc creator/import/gnu/arm/5.4.1/bin/../lib/gcc/arm-none-eabi/5.4.1/../../../../arm-none-eabi/lib/armv7-m\libg_nano.a(lib_a-exit.o) (_global_impure_ptr)
d:/program files (x86)/cypress/psoc creator/4.1/psoc creator/import/gnu/arm/5.4.1/bin/../lib/gcc/arm-none-eabi/5.4.1/../../../../arm-none-eabi/lib/armv7-m\libg_nano.a(lib_a-init.o)
                              d:/program files (x86)/cypress/psoc creator/4.1/psoc creator/import/gnu/arm/5.4.1/bin/../lib/gcc/arm-none-eabi/5.4.1/../../../../arm-none-eabi/lib/armv7-m/crt0.o (__libc_init_array)
d:/program files (x86)/cypress/psoc creator/4.1/psoc creator/import/gnu/arm/5.4.1/bin/../lib/gcc/arm-none-eabi/5.4.1/../../../../arm-none-eabi/lib/armv7-m\libg_nano.a(lib_a-memcpy-stub.o)
                              .\CortexM3\ARM_GCC_541\Debug\cyfitter_cfg.o (memcpy)
[...]
Memory Configuration

Name             Origin             Length             Attributes
rom              0x00000000         0x00040000         xr
ram              0x1fff8000         0x00010000         xrw
*default*        0x00000000         0xffffffff

Linker script and memory map

LOAD d:/program files (x86)/cypress/psoc creator/4.1/psoc creator/import/gnu/arm/5.4.1/bin/../lib/gcc/arm-none-eabi/5.4.1/armv7-m/crti.o
LOAD d:/program files (x86)/cypress/psoc creator/4.1/psoc creator/import/gnu/arm/5.4.1/bin/../lib/gcc/arm-none-eabi/5.4.1/armv7-m/crtbegin.o
LOAD d:/program files (x86)/cypress/psoc creator/4.1/psoc creator/import/gnu/arm/5.4.1/bin/../lib/gcc/arm-none-eabi/5.4.1/../../../../arm-none-eabi/lib/armv7-m/crt0.o
START GROUP
LOAD .\CortexM3\ARM_GCC_541\Debug\main.o
LOAD .\CortexM3\ARM_GCC_541\Debug\cyfitter_cfg.o
LOAD .\CortexM3\ARM_GCC_541\Debug\cymetadata.o
LOAD .\CortexM3\ARM_GCC_541\Debug\Cm3Start.o
LOAD .\CortexM3\ARM_GCC_541\Debug\UltraLyd.a
LOAD D:\Program Files (x86)\Cypress\PSoC Creator\4.1\PSoC Creator\psoc\content\cycomponentlibrary\CyComponentLibrary.cylib\CortexM3\ARM_GCC_541\Debug\CyComponentLibrary.a
END GROUP
START GROUP
LOAD d:/program files (x86)/cypress/psoc creator/4.1/psoc creator/import/gnu/arm/5.4.1/bin/../lib/gcc/arm-none-eabi/5.4.1/armv7-m\libgcc.a
LOAD d:/program files (x86)/cypress/psoc creator/4.1/psoc creator/import/gnu/arm/5.4.1/bin/../lib/gcc/arm-none-eabi/5.4.1/../../../../arm-none-eabi/lib/armv7-m\libg_nano.a
LOAD d:/program files (x86)/cypress/psoc creator/4.1/psoc creator/import/gnu/arm/5.4.1/bin/../lib/gcc/arm-none-eabi/5.4.1/../../../../arm-none-eabi/lib/armv7-m\libc_nano.a
END GROUP
START GROUP
LOAD d:/program files (x86)/cypress/psoc creator/4.1/psoc creator/import/gnu/arm/5.4.1/bin/../lib/gcc/arm-none-eabi/5.4.1/armv7-m\libgcc.a
LOAD d:/program files (x86)/cypress/psoc creator/4.1/psoc creator/import/gnu/arm/5.4.1/bin/../lib/gcc/arm-none-eabi/5.4.1/../../../../arm-none-eabi/lib/armv7-m\libc_nano.a
END GROUP
LOAD d:/program files (x86)/cypress/psoc creator/4.1/psoc creator/import/gnu/arm/5.4.1/bin/../lib/gcc/arm-none-eabi/5.4.1/armv7-m/crtend.o
LOAD d:/program files (x86)/cypress/psoc creator/4.1/psoc creator/import/gnu/arm/5.4.1/bin/../lib/gcc/arm-none-eabi/5.4.1/armv7-m/crtn.o
START GROUP
LOAD d:/program files (x86)/cypress/psoc creator/4.1/psoc creator/import/gnu/arm/5.4.1/bin/../lib/gcc/arm-none-eabi/5.4.1/armv7-m\libgcc.a
LOAD d:/program files (x86)/cypress/psoc creator/4.1/psoc creator/import/gnu/arm/5.4.1/bin/../lib/gcc/arm-none-eabi/5.4.1/../../../../arm-none-eabi/lib/armv7-m\libc.a
LOAD d:/program files (x86)/cypress/psoc creator/4.1/psoc creator/import/gnu/arm/5.4.1/bin/../lib/gcc/arm-none-eabi/5.4.1/../../../../arm-none-eabi/lib/armv7-m\libnosys.a
END GROUP
                0x00000000                CY_APPL_ORIGIN = 0x0
                0x00000100                CY_FLASH_ROW_SIZE = 0x100
                0x00000020                CY_ECC_ROW_SIZE = 0x20
                0x00000000                CY_EE_IN_BTLDR = 0x0
                0x00000000                CY_APPL_LOADABLE = 0x0
                0x00000800                CY_EE_SIZE = 0x800
                0x00000001                CY_APPL_NUM = 0x1
                0x00000001                CY_APPL_MAX = 0x1
                0x00000040                CY_METADATA_SIZE = 0x40
                0x00000000                CY_APPL_LOADABLE = 0x0
                0x00000000                CY_CHECKSUM_EXCLUDE_SIZE = ALIGN (0x0, CY_FLASH_ROW_SIZE)
                [!provide]                PROVIDE (__cy_heap_start, _end)
                0x00000001                PROVIDE (__cy_region_num, ((__cy_regions_end - __cy_regions) / 0x10))
                0x20008000                PROVIDE (__cy_stack, (ORIGIN (ram) + LENGTH (ram)))
                [!provide]                PROVIDE (__cy_heap_end, (__cy_stack - 0x800))

.cybootloader   0x00000000        0x0
 *(.cybootloader)
                0x00000000                appl1_start = CY_APPL_ORIGIN?CY_APPL_ORIGIN:ALIGN (CY_FLASH_ROW_SIZE)
                0x0001ff00                appl2_start = (appl1_start + ALIGN ((((LENGTH (rom) - appl1_start) - (0x2 * CY_FLASH_ROW_SIZE)) / 0x2), CY_FLASH_ROW_SIZE))
                0x00000000                appl_start = (CY_APPL_NUM == 0x1)?appl1_start:appl2_start
                0x00000000                ecc_offset = ((appl_start / CY_FLASH_ROW_SIZE) * CY_ECC_ROW_SIZE)
                0x00000000                ee_offset = (CY_APPL_LOADABLE && ! (CY_EE_IN_BTLDR))?((CY_EE_SIZE / CY_APPL_MAX) * (CY_APPL_NUM - 0x1)):0x0
                0x00000800                ee_size = (CY_APPL_LOADABLE && ! (CY_EE_IN_BTLDR))?(CY_EE_SIZE / CY_APPL_MAX):CY_EE_SIZE
                [!provide]                PROVIDE (CY_ECC_OFFSET, ecc_offset)

.text           0x00000000     0x339c
 CREATE_OBJECT_SYMBOLS
                0x00000000                PROVIDE (__cy_interrupt_vector, RomVectors)
 *(.romvectors)
 .romvectors    0x00000000       0x10 .\CortexM3\ARM_GCC_541\Debug\Cm3Start.o
                0x00000000                RomVectors
                0x00000001                ASSERT ((. != __cy_interrupt_vector), No interrupt vector)
                0x00000001                ASSERT (CY_APPL_ORIGIN?(SIZEOF (.cybootloader) <= CY_APPL_ORIGIN):0x1, Wrong image location)
                0x00000010                PROVIDE (__cy_reset, Reset)
 *(.text.Reset)
 .text.Reset    0x00000010       0x18 .\CortexM3\ARM_GCC_541\Debug\Cm3Start.o
                0x00000010                Reset
                0x00000001                ASSERT ((. != __cy_reset), No reset code)
 *(.dma_init)
                0x00000001                ASSERT ((((appl_start + .) <= 0x10000) || 0x1), DMA Init must be within the first 64k of flash)
 *(.text .text.* .gnu.linkonce.t.*)
 .text          0x00000028       0x5c d:/program files (x86)/cypress/psoc creator/4.1/psoc creator/import/gnu/arm/5.4.1/bin/../lib/gcc/arm-none-eabi/5.4.1/armv7-m/crtbegin.o
 *fill*         0x00000084        0x4 
 .text.afstand  0x00000088       0x70 .\CortexM3\ARM_GCC_541\Debug\main.o
                0x00000088                afstand
 .text.UART_1_Rx_Handler
                0x000000f8       0xf4 .\CortexM3\ARM_GCC_541\Debug\main.o
                0x000000f8                UART_1_Rx_Handler
 .text.main     0x000001ec      0x10c .\CortexM3\ARM_GCC_541\Debug\main.o
                0x000001ec                main
 .text.CyClockStartupError
                0x000002f8        0x4 .\CortexM3\ARM_GCC_541\Debug\cyfitter_cfg.o
 .text.cfg_write_bytes32
                0x000002fc       0x34 .\CortexM3\ARM_GCC_541\Debug\cyfitter_cfg.o
 .text.AnalogSetDefault
                0x00000330       0x28 .\CortexM3\ARM_GCC_541\Debug\cyfitter_cfg.o
 .text.CYMEMZERO
                0x00000358        0xc .\CortexM3\ARM_GCC_541\Debug\cyfitter_cfg.o
 .text.ClockSetup
                0x00000364       0xd4 .\CortexM3\ARM_GCC_541\Debug\cyfitter_cfg.o
 .text.CYCONFIGCPY
                0x00000438        0x8 .\CortexM3\ARM_GCC_541\Debug\cyfitter_cfg.o
 .text.cyfitter_cfg
                0x00000440      0x11c .\CortexM3\ARM_GCC_541\Debug\cyfitter_cfg.o
                0x00000440                cyfitter_cfg
 .text.IntDefaultHandler
                0x0000055c       0x10 .\CortexM3\ARM_GCC_541\Debug\Cm3Start.o
                0x0000055c                IntDefaultHandler
 .text._sbrk    0x0000056c       0x30 .\CortexM3\ARM_GCC_541\Debug\Cm3Start.o
                0x0000056c                _sbrk
 .text.Start_c  0x0000059c       0x4c .\CortexM3\ARM_GCC_541\Debug\Cm3Start.o
                0x0000059c                Start_c
 .text.initialize_psoc
                0x000005e8       0x68 .\CortexM3\ARM_GCC_541\Debug\Cm3Start.o
                0x000005e8                initialize_psoc
 .text.VCC_Write
                0x00000650       0x18 .\CortexM3\ARM_GCC_541\Debug\UltraLyd.a(VCC.o)
                0x00000650                VCC_Write
 .text.UART_1_Init
                0x00000668       0x28 .\CortexM3\ARM_GCC_541\Debug\UltraLyd.a(UART_1.o)
                0x00000668                UART_1_Init
 .text.UART_1_Enable
                0x00000690       0x3c .\CortexM3\ARM_GCC_541\Debug\UltraLyd.a(UART_1.o)
                0x00000690                UART_1_Enable
 .text.UART_1_Start
                0x000006cc       0x1c .\CortexM3\ARM_GCC_541\Debug\UltraLyd.a(UART_1.o)
                0x000006cc                UART_1_Start
 .text.UART_1_ReadRxData
                0x000006e8        0xc .\CortexM3\ARM_GCC_541\Debug\UltraLyd.a(UART_1.o)
                0x000006e8                UART_1_ReadRxData
 .text.UART_1_WriteTxData
                0x000006f4       0x14 .\CortexM3\ARM_GCC_541\Debug\UltraLyd.a(UART_1.o)
                0x000006f4                UART_1_WriteTxData
 .text.UART_1_PutChar
                0x00000708       0x18 .\CortexM3\ARM_GCC_541\Debug\UltraLyd.a(UART_1.o)
                0x00000708                UART_1_PutChar
 .text.UART_1_PutString
                0x00000720       0x24 .\CortexM3\ARM_GCC_541\Debug\UltraLyd.a(UART_1.o)
                0x00000720                UART_1_PutString
 .text.isr_UART_1_RX_SetVector
                0x00000744        0xc .\CortexM3\ARM_GCC_541\Debug\UltraLyd.a(isr_UART_1_RX.o)
                0x00000744                isr_UART_1_RX_SetVector
 .text.isr_UART_1_RX_SetPriority
                0x00000750       0x10 .\CortexM3\ARM_GCC_541\Debug\UltraLyd.a(isr_UART_1_RX.o)
                0x00000750                isr_UART_1_RX_SetPriority
 .text.isr_UART_1_RX_Enable
                0x00000760        0xc .\CortexM3\ARM_GCC_541\Debug\UltraLyd.a(isr_UART_1_RX.o)
                0x00000760                isr_UART_1_RX_Enable
 .text.isr_UART_1_RX_Disable
                0x0000076c        0xc .\CortexM3\ARM_GCC_541\Debug\UltraLyd.a(isr_UART_1_RX.o)
                0x0000076c                isr_UART_1_RX_Disable
 .text.isr_UART_1_RX_StartEx
                0x00000778       0x1c .\CortexM3\ARM_GCC_541\Debug\UltraLyd.a(isr_UART_1_RX.o)
                0x00000778                isr_UART_1_RX_StartEx
 .text.LED_Write
                0x00000794       0x18 .\CortexM3\ARM_GCC_541\Debug\UltraLyd.a(LED.o)
                0x00000794                LED_Write
 .text.UART_1_IntClock_Start
                0x000007ac       0x1c .\CortexM3\ARM_GCC_541\Debug\UltraLyd.a(UART_1_IntClock.o)
                0x000007ac                UART_1_IntClock_Start
 .text.CyDelay  0x000007c8       0x2c .\CortexM3\ARM_GCC_541\Debug\UltraLyd.a(CyLib.o)
                0x000007c8                CyDelay
 .text.CyDelayUs
                0x000007f4       0x14 .\CortexM3\ARM_GCC_541\Debug\UltraLyd.a(CyLib.o)
                0x000007f4                CyDelayUs
 .text.D_Write  0x00000808       0x18 .\CortexM3\ARM_GCC_541\Debug\UltraLyd.a(D.o)
                0x00000808                D_Write
 .text.motorMode_Write
                0x00000820       0x18 .\CortexM3\ARM_GCC_541\Debug\UltraLyd.a(motorMode.o)
                0x00000820                motorMode_Write
 .text.Enable_Write
                0x00000838       0x18 .\CortexM3\ARM_GCC_541\Debug\UltraLyd.a(Enable.o)
                0x00000838                Enable_Write
 .text.Sonic_Sensor_Write
                0x00000850       0x18 .\CortexM3\ARM_GCC_541\Debug\UltraLyd.a(Sonic_Sensor.o)
                0x00000850                Sonic_Sensor_Write
 .text.Sonic_Sensor_Read
                0x00000868        0xc .\CortexM3\ARM_GCC_541\Debug\UltraLyd.a(Sonic_Sensor.o)
                0x00000868                Sonic_Sensor_Read
 .text.Counter_Enable
                0x00000874       0x10 .\CortexM3\ARM_GCC_541\Debug\UltraLyd.a(Counter.o)
                0x00000874                Counter_Enable
 .text.Counter_SetInterruptMode
                0x00000884        0xc .\CortexM3\ARM_GCC_541\Debug\UltraLyd.a(Counter.o)
                0x00000884                Counter_SetInterruptMode
 .text.Counter_ReadStatusRegister
                0x00000890        0xc .\CortexM3\ARM_GCC_541\Debug\UltraLyd.a(Counter.o)
                0x00000890                Counter_ReadStatusRegister
 .text.Counter_WriteCounter
                0x0000089c        0xc .\CortexM3\ARM_GCC_541\Debug\UltraLyd.a(Counter.o)
                0x0000089c                Counter_WriteCounter
 .text.Counter_ReadCounter
                0x000008a8       0x14 .\CortexM3\ARM_GCC_541\Debug\UltraLyd.a(Counter.o)
                0x000008a8                Counter_ReadCounter
 .text.Counter_ReadCapture
                0x000008bc        0xc .\CortexM3\ARM_GCC_541\Debug\UltraLyd.a(Counter.o)
                0x000008bc                Counter_ReadCapture
 .text.Counter_WritePeriod
                0x000008c8        0xc .\CortexM3\ARM_GCC_541\Debug\UltraLyd.a(Counter.o)
                0x000008c8                Counter_WritePeriod
 .text.Counter_WriteCompare
                0x000008d4        0xc .\CortexM3\ARM_GCC_541\Debug\UltraLyd.a(Counter.o)
                0x000008d4                Counter_WriteCompare
 .text.Counter_ClearFIFO
                0x000008e0       0x14 .\CortexM3\ARM_GCC_541\Debug\UltraLyd.a(Counter.o)
                0x000008e0                Counter_ClearFIFO
 .text.Counter_Init
                0x000008f4       0x58 .\CortexM3\ARM_GCC_541\Debug\UltraLyd.a(Counter.o)
                0x000008f4                Counter_Init
 .text.Counter_Start
                0x0000094c       0x1c .\CortexM3\ARM_GCC_541\Debug\UltraLyd.a(Counter.o)
                0x0000094c                Counter_Start
 .text.DrejRun_Write
                0x00000968       0x18 .\CortexM3\ARM_GCC_541\Debug\UltraLyd.a(DrejRun.o)
                0x00000968                DrejRun_Write
 .text.MOR_Write
                0x00000980       0x18 .\CortexM3\ARM_GCC_541\Debug\UltraLyd.a(MOR.o)
                0x00000980                MOR_Write
 .text          0x00000998       0x20 .\CortexM3\ARM_GCC_541\Debug\UltraLyd.a(CyBootAsmGnu.o)
                0x00000998                CyDelayCycles
                0x000009a8                CyEnterCriticalSection
                0x000009b0                CyExitCriticalSection
 .text          0x000009b8      0x370 d:/program files (x86)/cypress/psoc creator/4.1/psoc creator/import/gnu/arm/5.4.1/bin/../lib/gcc/arm-none-eabi/5.4.1/armv7-m\libgcc.a(_arm_addsubdf3.o)
                0x000009b8                __aeabi_drsub
                0x000009c0                __aeabi_dsub
                0x000009c0                __subdf3
                0x000009c4                __aeabi_dadd
                0x000009c4                __adddf3
                0x00000c3c                __floatunsidf
                0x00000c3c                __aeabi_ui2d
                0x00000c5c                __floatsidf
                0x00000c5c                __aeabi_i2d
                0x00000c80                __aeabi_f2d
                0x00000c80                __extendsfdf2
                0x00000cbc                __floatundidf
                0x00000cbc                __aeabi_ul2d
                0x00000ccc                __floatdidf
                0x00000ccc                __aeabi_l2d
 .text          0x00000d28      0x424 d:/program files (x86)/cypress/psoc creator/4.1/psoc creator/import/gnu/arm/5.4.1/bin/../lib/gcc/arm-none-eabi/5.4.1/armv7-m\libgcc.a(_arm_muldivdf3.o)
                0x00000d28                __aeabi_dmul
                0x00000d28                __muldf3
                0x00000f7c                __divdf3
                0x00000f7c                __aeabi_ddiv
 .text          0x0000114c       0x50 d:/program files (x86)/cypress/psoc creator/4.1/psoc creator/import/gnu/arm/5.4.1/bin/../lib/gcc/arm-none-eabi/5.4.1/armv7-m\libgcc.a(_arm_fixdfsi.o)
                0x0000114c                __aeabi_d2iz
                0x0000114c                __fixdfsi
 .text.__errno  0x0000119c        0xc d:/program files (x86)/cypress/psoc creator/4.1/psoc creator/import/gnu/arm/5.4.1/bin/../lib/gcc/arm-none-eabi/5.4.1/../../../../arm-none-eabi/lib/armv7-m\libg_nano.a(lib_a-errno.o)
                0x0000119c                __errno
 .text.__libc_init_array
                0x000011a8       0x4c d:/program files (x86)/cypress/psoc creator/4.1/psoc creator/import/gnu/arm/5.4.1/bin/../lib/gcc/arm-none-eabi/5.4.1/../../../../arm-none-eabi/lib/armv7-m\libg_nano.a(lib_a-init.o)
                0x000011a8                __libc_init_array
 .text.memcpy   0x000011f4       0x16 d:/program files (x86)/cypress/psoc creator/4.1/psoc creator/import/gnu/arm/5.4.1/bin/../lib/gcc/arm-none-eabi/5.4.1/../../../../arm-none-eabi/lib/armv7-m\libg_nano.a(lib_a-memcpy-stub.o)
                0x000011f4                memcpy
 .text.memset   0x0000120a       0x10 d:/program files (x86)/cypress/psoc creator/4.1/psoc creator/import/gnu/arm/5.4.1/bin/../lib/gcc/arm-none-eabi/5.4.1/../../../../arm-none-eabi/lib/armv7-m\libg_nano.a(lib_a-memset.o)
                0x0000120a                memset
 .text.__cvt    0x0000121a       0xc0 d:/program files (x86)/cypress/psoc creator/4.1/psoc creator/import/gnu/arm/5.4.1/bin/../lib/gcc/arm-none-eabi/5.4.1/../../../../arm-none-eabi/lib/armv7-m\libg_nano.a(lib_a-nano-vfprintf_float.o)
                0x0000121a                __cvt
 .text.__exponent
                0x000012da       0x62 d:/program files (x86)/cypress/psoc creator/4.1/psoc creator/import/gnu/arm/5.4.1/bin/../lib/gcc/arm-none-eabi/5.4.1/../../../../arm-none-eabi/lib/armv7-m\libg_nano.a(lib_a-nano-vfprintf_float.o)
                0x000012da                __exponent
 .text._printf_float
                0x0000133c      0x488 d:/program files (x86)/cypress/psoc creator/4.1/psoc creator/import/gnu/arm/5.4.1/bin/../lib/gcc/arm-none-eabi/5.4.1/../../../../arm-none-eabi/lib/armv7-m\libg_nano.a(lib_a-nano-vfprintf_float.o)
                0x0000133c                _printf_float
 .text._printf_common
                0x000017c4       0xec d:/program files (x86)/cypress/psoc creator/4.1/psoc creator/import/gnu/arm/5.4.1/bin/../lib/gcc/arm-none-eabi/5.4.1/../../../../arm-none-eabi/lib/armv7-m\libg_nano.a(lib_a-nano-vfprintf_i.o)
                0x000017c4                _printf_common
 .text._printf_i
                0x000018b0      0x24c d:/program files (x86)/cypress/psoc creator/4.1/psoc creator/import/gnu/arm/5.4.1/bin/../lib/gcc/arm-none-eabi/5.4.1/../../../../arm-none-eabi/lib/armv7-m\libg_nano.a(lib_a-nano-vfprintf_i.o)
                0x000018b0                _printf_i
 .text.snprintf
                0x00001afc       0x64 d:/program files (x86)/cypress/psoc creator/4.1/psoc creator/import/gnu/arm/5.4.1/bin/../lib/gcc/arm-none-eabi/5.4.1/../../../../arm-none-eabi/lib/armv7-m\libg_nano.a(lib_a-snprintf.o)
                0x00001afc                sniprintf
                0x00001afc                snprintf
 .text          0x00001b60       0x10 d:/program files (x86)/cypress/psoc creator/4.1/psoc creator/import/gnu/arm/5.4.1/bin/../lib/gcc/arm-none-eabi/5.4.1/../../../../arm-none-eabi/lib/armv7-m\libg_nano.a(lib_a-strlen.o)
                0x00001b60                strlen
 .text.quorem   0x00001b70      0x116 d:/program files (x86)/cypress/psoc creator/4.1/psoc creator/import/gnu/arm/5.4.1/bin/../lib/gcc/arm-none-eabi/5.4.1/../../../../arm-none-eabi/lib/armv7-m\libg_nano.a(lib_a-dtoa.o)
 *fill*         0x00001c86        0x2 
 .text._dtoa_r  0x00001c88      0xb30 d:/program files (x86)/cypress/psoc creator/4.1/psoc creator/import/gnu/arm/5.4.1/bin/../lib/gcc/arm-none-eabi/5.4.1/../../../../arm-none-eabi/lib/armv7-m\libg_nano.a(lib_a-dtoa.o)
                0x00001c88                _dtoa_r
 .text._localeconv_r
                0x000027b8        0x8 d:/program files (x86)/cypress/psoc creator/4.1/psoc creator/import/gnu/arm/5.4.1/bin/../lib/gcc/arm-none-eabi/5.4.1/../../../../arm-none-eabi/lib/armv7-m\libg_nano.a(lib_a-locale.o)
                0x000027b8                _localeconv_r
 .text.malloc   0x000027c0       0x10 d:/program files (x86)/cypress/psoc creator/4.1/psoc creator/import/gnu/arm/5.4.1/bin/../lib/gcc/arm-none-eabi/5.4.1/../../../../arm-none-eabi/lib/armv7-m\libg_nano.a(lib_a-malloc.o)
                0x000027c0                malloc
 .text.memchr   0x000027d0       0x1c d:/program files (x86)/cypress/psoc creator/4.1/psoc creator/import/gnu/arm/5.4.1/bin/../lib/gcc/arm-none-eabi/5.4.1/../../../../arm-none-eabi/lib/armv7-m\libg_nano.a(lib_a-memchr-stub.o)
                0x000027d0                memchr
 .text._Balloc  0x000027ec       0x6a d:/program files (x86)/cypress/psoc creator/4.1/psoc creator/import/gnu/arm/5.4.1/bin/../lib/gcc/arm-none-eabi/5.4.1/../../../../arm-none-eabi/lib/armv7-m\libg_nano.a(lib_a-mprec.o)
                0x000027ec                _Balloc
 .text._Bfree   0x00002856       0x2e d:/program files (x86)/cypress/psoc creator/4.1/psoc creator/import/gnu/arm/5.4.1/bin/../lib/gcc/arm-none-eabi/5.4.1/../../../../arm-none-eabi/lib/armv7-m\libg_nano.a(lib_a-mprec.o)
                0x00002856                _Bfree
 .text.__multadd
                0x00002884       0x76 d:/program files (x86)/cypress/psoc creator/4.1/psoc creator/import/gnu/arm/5.4.1/bin/../lib/gcc/arm-none-eabi/5.4.1/../../../../arm-none-eabi/lib/armv7-m\libg_nano.a(lib_a-mprec.o)
                0x00002884                __multadd
 .text.__hi0bits
                0x000028fa       0x40 d:/program files (x86)/cypress/psoc creator/4.1/psoc creator/import/gnu/arm/5.4.1/bin/../lib/gcc/arm-none-eabi/5.4.1/../../../../arm-none-eabi/lib/armv7-m\libg_nano.a(lib_a-mprec.o)
                0x000028fa                __hi0bits
 .text.__lo0bits
                0x0000293a       0x5a d:/program files (x86)/cypress/psoc creator/4.1/psoc creator/import/gnu/arm/5.4.1/bin/../lib/gcc/arm-none-eabi/5.4.1/../../../../arm-none-eabi/lib/armv7-m\libg_nano.a(lib_a-mprec.o)
                0x0000293a                __lo0bits
 .text.__i2b    0x00002994       0x12 d:/program files (x86)/cypress/psoc creator/4.1/psoc creator/import/gnu/arm/5.4.1/bin/../lib/gcc/arm-none-eabi/5.4.1/../../../../arm-none-eabi/lib/armv7-m\libg_nano.a(lib_a-mprec.o)
                0x00002994                __i2b
 .text.__multiply
                0x000029a6      0x120 d:/program files (x86)/cypress/psoc creator/4.1/psoc creator/import/gnu/arm/5.4.1/bin/../lib/gcc/arm-none-eabi/5.4.1/../../../../arm-none-eabi/lib/armv7-m\libg_nano.a(lib_a-mprec.o)
                0x000029a6                __multiply
 *fill*         0x00002ac6        0x2 
 .text.__pow5mult
                0x00002ac8       0x9c d:/program files (x86)/cypress/psoc creator/4.1/psoc creator/import/gnu/arm/5.4.1/bin/../lib/gcc/arm-none-eabi/5.4.1/../../../../arm-none-eabi/lib/armv7-m\libg_nano.a(lib_a-mprec.o)
                0x00002ac8                __pow5mult
 .text.__lshift
                0x00002b64       0xa2 d:/program files (x86)/cypress/psoc creator/4.1/psoc creator/import/gnu/arm/5.4.1/bin/../lib/gcc/arm-none-eabi/5.4.1/../../../../arm-none-eabi/lib/armv7-m\libg_nano.a(lib_a-mprec.o)
                0x00002b64                __lshift
 .text.__mcmp   0x00002c06       0x38 d:/program files (x86)/cypress/psoc creator/4.1/psoc creator/import/gnu/arm/5.4.1/bin/../lib/gcc/arm-none-eabi/5.4.1/../../../../arm-none-eabi/lib/armv7-m\libg_nano.a(lib_a-mprec.o)
                0x00002c06                __mcmp
 .text.__mdiff  0x00002c3e       0xbe d:/program files (x86)/cypress/psoc creator/4.1/psoc creator/import/gnu/arm/5.4.1/bin/../lib/gcc/arm-none-eabi/5.4.1/../../../../arm-none-eabi/lib/armv7-m\libg_nano.a(lib_a-mprec.o)
                0x00002c3e                __mdiff
 .text.__d2b    0x00002cfc       0x9c d:/program files (x86)/cypress/psoc creator/4.1/psoc creator/import/gnu/arm/5.4.1/bin/../lib/gcc/arm-none-eabi/5.4.1/../../../../arm-none-eabi/lib/armv7-m\libg_nano.a(lib_a-mprec.o)
                0x00002cfc                __d2b
 .text._calloc_r
                0x00002d98       0x1c d:/program files (x86)/cypress/psoc creator/4.1/psoc creator/import/gnu/arm/5.4.1/bin/../lib/gcc/arm-none-eabi/5.4.1/../../../../arm-none-eabi/lib/armv7-m\libg_nano.a(lib_a-nano-callocr.o)
                0x00002d98                _calloc_r
 .text._free_r  0x00002db4       0x98 d:/program files (x86)/cypress/psoc creator/4.1/psoc creator/import/gnu/arm/5.4.1/bin/../lib/gcc/arm-none-eabi/5.4.1/../../../../arm-none-eabi/lib/armv7-m\libg_nano.a(lib_a-nano-freer.o)
                0x00002db4                _free_r
 .text._malloc_r
                0x00002e4c       0xbc d:/program files (x86)/cypress/psoc creator/4.1/psoc creator/import/gnu/arm/5.4.1/bin/../lib/gcc/arm-none-eabi/5.4.1/../../../../arm-none-eabi/lib/armv7-m\libg_nano.a(lib_a-nano-mallocr.o)
                0x00002e4c                _malloc_r
 .text.__ssputs_r
                0x00002f08       0xb2 d:/program files (x86)/cypress/psoc creator/4.1/psoc creator/import/gnu/arm/5.4.1/bin/../lib/gcc/arm-none-eabi/5.4.1/../../../../arm-none-eabi/lib/armv7-m\libg_nano.a(lib_a-nano-svfprintf.o)
                0x00002f08                __ssputs_r
 *fill*         0x00002fba        0x2 
 .text._svfprintf_r
                0x00002fbc      0x1e8 d:/program files (x86)/cypress/psoc creator/4.1/psoc creator/import/gnu/arm/5.4.1/bin/../lib/gcc/arm-none-eabi/5.4.1/../../../../arm-none-eabi/lib/armv7-m\libg_nano.a(lib_a-nano-svfprintf.o)
                0x00002fbc                _svfiprintf_r
                0x00002fbc                _svfprintf_r
 .text._sbrk_r  0x000031a4       0x20 d:/program files (x86)/cypress/psoc creator/4.1/psoc creator/import/gnu/arm/5.4.1/bin/../lib/gcc/arm-none-eabi/5.4.1/../../../../arm-none-eabi/lib/armv7-m\libg_nano.a(lib_a-sbrkr.o)
                0x000031a4                _sbrk_r
 .text.memmove  0x000031c4       0x36 d:/program files (x86)/cypress/psoc creator/4.1/psoc creator/import/gnu/arm/5.4.1/bin/../lib/gcc/arm-none-eabi/5.4.1/../../../../arm-none-eabi/lib/armv7-m\libg_nano.a(lib_a-memmove.o)
                0x000031c4                memmove
 .text.__malloc_lock
                0x000031fa        0x2 d:/program files (x86)/cypress/psoc creator/4.1/psoc creator/import/gnu/arm/5.4.1/bin/../lib/gcc/arm-none-eabi/5.4.1/../../../../arm-none-eabi/lib/armv7-m\libg_nano.a(lib_a-mlock.o)
                0x000031fa                __malloc_lock
 .text.__malloc_unlock
                0x000031fc        0x2 d:/program files (x86)/cypress/psoc creator/4.1/psoc creator/import/gnu/arm/5.4.1/bin/../lib/gcc/arm-none-eabi/5.4.1/../../../../arm-none-eabi/lib/armv7-m\libg_nano.a(lib_a-mlock.o)
                0x000031fc                __malloc_unlock
 .text._realloc_r
                0x000031fe       0x4c d:/program files (x86)/cypress/psoc creator/4.1/psoc creator/import/gnu/arm/5.4.1/bin/../lib/gcc/arm-none-eabi/5.4.1/../../../../arm-none-eabi/lib/armv7-m\libg_nano.a(lib_a-nano-reallocr.o)
                0x000031fe                _realloc_r
 .text._malloc_usable_size_r
                0x0000324a       0x14 d:/program files (x86)/cypress/psoc creator/4.1/psoc creator/import/gnu/arm/5.4.1/bin/../lib/gcc/arm-none-eabi/5.4.1/../../../../arm-none-eabi/lib/armv7-m\libg_nano.a(lib_a-nano-msizer.o)
                0x0000324a                _malloc_usable_size_r
 *fill*         0x0000325e        0x2 
 .text          0x00003260      0x110 d:/program files (x86)/cypress/psoc creator/4.1/psoc creator/import/gnu/arm/5.4.1/bin/../lib/gcc/arm-none-eabi/5.4.1/armv7-m\libgcc.a(_arm_cmpdf2.o)
                0x00003260                __gtdf2
                0x00003260                __gedf2
                0x00003268                __ltdf2
                0x00003268                __ledf2
                0x00003270                __nedf2
                0x00003270                __eqdf2
                0x00003270                __cmpdf2
                0x000032ec                __aeabi_cdrcmple
                0x000032fc                __aeabi_cdcmpeq
                0x000032fc                __aeabi_cdcmple
                0x0000330c                __aeabi_dcmpeq
                0x00003320                __aeabi_dcmplt
                0x00003334                __aeabi_dcmple
                0x00003348                __aeabi_dcmpge
                0x0000335c                __aeabi_dcmpgt
 .text          0x00003370       0x2c d:/program files (x86)/cypress/psoc creator/4.1/psoc creator/import/gnu/arm/5.4.1/bin/../lib/gcc/arm-none-eabi/5.4.1/armv7-m\libgcc.a(_arm_unorddf2.o)
                0x00003370                __unorddf2
                0x00003370                __aeabi_dcmpun
 *(.plt)
 *(.gnu.warning)
 *(.glue_7t)
 .glue_7t       0x0000339c        0x0 linker stubs
 *(.glue_7)
 .glue_7        0x0000339c        0x0 linker stubs
 *(.vfp11_veneer)
 .vfp11_veneer  0x0000339c        0x0 linker stubs
 *(.bootloader)
 *(.ARM.extab* .gnu.linkonce.armextab.*)
 *(.gcc_except_table)

.v4_bx          0x0000339c        0x0
 .v4_bx         0x0000339c        0x0 linker stubs

.iplt           0x0000339c        0x0
 .iplt          0x0000339c        0x0 d:/program files (x86)/cypress/psoc creator/4.1/psoc creator/import/gnu/arm/5.4.1/bin/../lib/gcc/arm-none-eabi/5.4.1/armv7-m/crtbegin.o

.eh_frame_hdr
 *(.eh_frame_hdr)

.eh_frame       0x0000339c        0x4
 *(.eh_frame)
 .eh_frame      0x0000339c        0x0 d:/program files (x86)/cypress/psoc creator/4.1/psoc creator/import/gnu/arm/5.4.1/bin/../lib/gcc/arm-none-eabi/5.4.1/armv7-m/crtbegin.o
 .eh_frame      0x0000339c        0x4 d:/program files (x86)/cypress/psoc creator/4.1/psoc creator/import/gnu/arm/5.4.1/bin/../lib/gcc/arm-none-eabi/5.4.1/armv7-m/crtend.o
                [!provide]                PROVIDE (__exidx_start, .)

.ARM.exidx
 *(.ARM.exidx* .gnu.linkonce.armexidx.*)
                0x000033a0                __exidx_end = .

.rodata         0x000033a0      0x340
 *(.rodata .rodata.* .gnu.linkonce.r.*)
 .rodata.str1.4
                0x000033a0      0x168 .\CortexM3\ARM_GCC_541\Debug\main.o
                                0x166 (size before relaxing)
 .rodata        0x00003508       0x42 .\CortexM3\ARM_GCC_541\Debug\cyfitter_cfg.o
 .rodata.str1.1
                0x0000354a        0x2 d:/program files (x86)/cypress/psoc creator/4.1/psoc creator/import/gnu/arm/5.4.1/bin/../lib/gcc/arm-none-eabi/5.4.1/../../../../arm-none-eabi/lib/armv7-m\libg_nano.a(lib_a-impure.o)
 .rodata.str1.1
                0x0000354c       0x12 d:/program files (x86)/cypress/psoc creator/4.1/psoc creator/import/gnu/arm/5.4.1/bin/../lib/gcc/arm-none-eabi/5.4.1/../../../../arm-none-eabi/lib/armv7-m\libg_nano.a(lib_a-nano-vfprintf_float.o)
 .rodata.str1.1
                0x0000355e       0x22 d:/program files (x86)/cypress/psoc creator/4.1/psoc creator/import/gnu/arm/5.4.1/bin/../lib/gcc/arm-none-eabi/5.4.1/../../../../arm-none-eabi/lib/armv7-m\libg_nano.a(lib_a-nano-vfprintf_i.o)
 .rodata.str1.1
                0x00003580        0xd d:/program files (x86)/cypress/psoc creator/4.1/psoc creator/import/gnu/arm/5.4.1/bin/../lib/gcc/arm-none-eabi/5.4.1/../../../../arm-none-eabi/lib/armv7-m\libg_nano.a(lib_a-dtoa.o)
                                  0xf (size before relaxing)
 .rodata.str1.1
                0x0000358d        0x8 d:/program files (x86)/cypress/psoc creator/4.1/psoc creator/import/gnu/arm/5.4.1/bin/../lib/gcc/arm-none-eabi/5.4.1/../../../../arm-none-eabi/lib/armv7-m\libg_nano.a(lib_a-locale.o)
                                  0xb (size before relaxing)
 *fill*         0x00003595        0x3 
 .rodata.__mprec_tens
                0x00003598       0xc8 d:/program files (x86)/cypress/psoc creator/4.1/psoc creator/import/gnu/arm/5.4.1/bin/../lib/gcc/arm-none-eabi/5.4.1/../../../../arm-none-eabi/lib/armv7-m\libg_nano.a(lib_a-mprec.o)
                0x00003598                __mprec_tens
 .rodata.p05.5408
                0x00003660        0xc d:/program files (x86)/cypress/psoc creator/4.1/psoc creator/import/gnu/arm/5.4.1/bin/../lib/gcc/arm-none-eabi/5.4.1/../../../../arm-none-eabi/lib/armv7-m\libg_nano.a(lib_a-mprec.o)
 *fill*         0x0000366c        0x4 
 .rodata.__mprec_bigtens
                0x00003670       0x28 d:/program files (x86)/cypress/psoc creator/4.1/psoc creator/import/gnu/arm/5.4.1/bin/../lib/gcc/arm-none-eabi/5.4.1/../../../../arm-none-eabi/lib/armv7-m\libg_nano.a(lib_a-mprec.o)
                0x00003670                __mprec_bigtens
 .rodata.str1.1
                0x00003698       0x11 d:/program files (x86)/cypress/psoc creator/4.1/psoc creator/import/gnu/arm/5.4.1/bin/../lib/gcc/arm-none-eabi/5.4.1/../../../../arm-none-eabi/lib/armv7-m\libg_nano.a(lib_a-nano-svfprintf.o)
                0x000036ac                . = ALIGN (0x4)
 *fill*         0x000036a9        0x3 
 *(.init)
 .init          0x000036ac        0x4 d:/program files (x86)/cypress/psoc creator/4.1/psoc creator/import/gnu/arm/5.4.1/bin/../lib/gcc/arm-none-eabi/5.4.1/armv7-m/crti.o
                0x000036ac                _init
 .init          0x000036b0        0x8 d:/program files (x86)/cypress/psoc creator/4.1/psoc creator/import/gnu/arm/5.4.1/bin/../lib/gcc/arm-none-eabi/5.4.1/armv7-m/crtn.o
                0x000036b8                . = ALIGN (0x4)
                0x000036b8                __preinit_array_start = .
 *(.preinit_array)
                0x000036b8                __preinit_array_end = .
                0x000036b8                . = ALIGN (0x4)
                0x000036b8                __init_array_start = .
 *(SORT(.init_array.*))
 *(.init_array)
 .init_array    0x000036b8        0x4 d:/program files (x86)/cypress/psoc creator/4.1/psoc creator/import/gnu/arm/5.4.1/bin/../lib/gcc/arm-none-eabi/5.4.1/armv7-m/crtbegin.o
 .init_array    0x000036bc        0x4 .\CortexM3\ARM_GCC_541\Debug\Cm3Start.o
                0x000036c0                __init_array_end = .
                0x000036c0                . = ALIGN (0x4)
 *(.fini)
 .fini          0x000036c0        0x4 d:/program files (x86)/cypress/psoc creator/4.1/psoc creator/import/gnu/arm/5.4.1/bin/../lib/gcc/arm-none-eabi/5.4.1/armv7-m/crti.o
                0x000036c0                _fini
 .fini          0x000036c4        0x8 d:/program files (x86)/cypress/psoc creator/4.1/psoc creator/import/gnu/arm/5.4.1/bin/../lib/gcc/arm-none-eabi/5.4.1/armv7-m/crtn.o
                0x000036cc                . = ALIGN (0x4)
                0x000036cc                __fini_array_start = .
 *(.fini_array)
 .fini_array    0x000036cc        0x4 d:/program files (x86)/cypress/psoc creator/4.1/psoc creator/import/gnu/arm/5.4.1/bin/../lib/gcc/arm-none-eabi/5.4.1/armv7-m/crtbegin.o
 *(SORT(.fini_array.*))
                0x000036d0                __fini_array_end = .
                0x000036d0                . = ALIGN (0x4)
 *crtbegin.o(.ctors)
 *(EXCLUDE_FILE(*crtend.o) .ctors)
 *(SORT(.ctors.*))
 *crtend.o(.ctors)
                0x000036d0                . = ALIGN (0x4)
 *crtbegin.o(.dtors)
 *(EXCLUDE_FILE(*crtend.o) .dtors)
 *(SORT(.dtors.*))
 *crtend.o(.dtors)
                0x000036d0                . = ALIGN (0x4)
                0x000036d0                __cy_regions = .
                0x000036d0        0x4 LONG 0x36e0 __cy_region_init_ram
                0x000036d4        0x4 LONG 0x1fff80c8 __cy_region_start_data
                0x000036d8        0x4 LONG 0xb8 __cy_region_init_size_ram
                0x000036dc        0x4 LONG 0x60 __cy_region_zero_size_ram
                0x000036e0                __cy_regions_end = .
                0x000036e0                . = ALIGN (0x8)
                0x000036e0                _etext = .

.cy_checksum_exclude
                0x000036e0        0x0
 *(.cy_checksum_exclude)

.ramvectors     0x1fff8000       0xc0
                0x1fff8000                __cy_region_start_ram = .
 *(.ramvectors)
 .ramvectors    0x1fff8000       0xc0 .\CortexM3\ARM_GCC_541\Debug\Cm3Start.o
                0x1fff8000                CyRamVectors

.noinit         0x1fff80c0        0x1
 *(.noinit)
 .noinit        0x1fff80c0        0x1 .\CortexM3\ARM_GCC_541\Debug\UltraLyd.a(CyLib.o)
                0x1fff80c0                CyResetStatus

.data           0x1fff80c8       0xb8 load address 0x000036e0
                0x1fff80c8                __cy_region_start_data = .
 *(.jcr)
 .jcr           0x1fff80c8        0x0 d:/program files (x86)/cypress/psoc creator/4.1/psoc creator/import/gnu/arm/5.4.1/bin/../lib/gcc/arm-none-eabi/5.4.1/armv7-m/crtbegin.o
 .jcr           0x1fff80c8        0x4 d:/program files (x86)/cypress/psoc creator/4.1/psoc creator/import/gnu/arm/5.4.1/bin/../lib/gcc/arm-none-eabi/5.4.1/armv7-m/crtend.o
 *(.got.plt)
 *(.got)
 *(.shdata)
 *(.data .data.* .gnu.linkonce.d.*)
 .data          0x1fff80cc        0x4 .\CortexM3\ARM_GCC_541\Debug\Cm3Start.o
 .data          0x1fff80d0       0x10 .\CortexM3\ARM_GCC_541\Debug\UltraLyd.a(CyLib.o)
                0x1fff80d0                cydelay_32k_ms
                0x1fff80d4                cydelay_freq_khz
                0x1fff80d8                cydelay_freq_mhz
                0x1fff80dc                cydelay_freq_hz
 .data.impure_data
                0x1fff80e0       0x60 d:/program files (x86)/cypress/psoc creator/4.1/psoc creator/import/gnu/arm/5.4.1/bin/../lib/gcc/arm-none-eabi/5.4.1/../../../../arm-none-eabi/lib/armv7-m\libg_nano.a(lib_a-impure.o)
 .data._impure_ptr
                0x1fff8140        0x4 d:/program files (x86)/cypress/psoc creator/4.1/psoc creator/import/gnu/arm/5.4.1/bin/../lib/gcc/arm-none-eabi/5.4.1/../../../../arm-none-eabi/lib/armv7-m\libg_nano.a(lib_a-impure.o)
                0x1fff8140                _impure_ptr
 .data.lconv    0x1fff8144       0x38 d:/program files (x86)/cypress/psoc creator/4.1/psoc creator/import/gnu/arm/5.4.1/bin/../lib/gcc/arm-none-eabi/5.4.1/../../../../arm-none-eabi/lib/armv7-m\libg_nano.a(lib_a-locale.o)
                0x1fff8180                . = ALIGN (0x8)
 *fill*         0x1fff817c        0x4 
 *(.ram)
                0x1fff8180                _edata = .

.igot.plt       0x1fff8180        0x0 load address 0x00003798
 .igot.plt      0x1fff8180        0x0 d:/program files (x86)/cypress/psoc creator/4.1/psoc creator/import/gnu/arm/5.4.1/bin/../lib/gcc/arm-none-eabi/5.4.1/armv7-m/crtbegin.o

.bss            0x1fff8180       0x60 load address 0x00003798
                0x1fff8180                PROVIDE (__bss_start__, .)
 *(.shbss)
 *(.bss .bss.* .gnu.linkonce.b.*)
 .bss           0x1fff8180       0x1c d:/program files (x86)/cypress/psoc creator/4.1/psoc creator/import/gnu/arm/5.4.1/bin/../lib/gcc/arm-none-eabi/5.4.1/armv7-m/crtbegin.o
 .bss           0x1fff819c       0x10 .\CortexM3\ARM_GCC_541\Debug\main.o
                0x1fff819c                drej
                0x1fff81a0                motor
                0x1fff81a4                feet
                0x1fff81a8                i
                0x1fff81aa                counts
 .bss           0x1fff81ac        0x2 .\CortexM3\ARM_GCC_541\Debug\UltraLyd.a(UART_1.o)
                0x1fff81ac                UART_1_initVar
 .bss           0x1fff81ae        0x1 .\CortexM3\ARM_GCC_541\Debug\UltraLyd.a(Counter.o)
                0x1fff81ae                Counter_initVar
 *fill*         0x1fff81af        0x1 
 .bss.__malloc_sbrk_start
                0x1fff81b0        0x4 d:/program files (x86)/cypress/psoc creator/4.1/psoc creator/import/gnu/arm/5.4.1/bin/../lib/gcc/arm-none-eabi/5.4.1/../../../../arm-none-eabi/lib/armv7-m\libg_nano.a(lib_a-nano-mallocr.o)
                0x1fff81b0                __malloc_sbrk_start
 .bss.__malloc_free_list
                0x1fff81b4        0x4 d:/program files (x86)/cypress/psoc creator/4.1/psoc creator/import/gnu/arm/5.4.1/bin/../lib/gcc/arm-none-eabi/5.4.1/../../../../arm-none-eabi/lib/armv7-m\libg_nano.a(lib_a-nano-mallocr.o)
                0x1fff81b4                __malloc_free_list
 *(COMMON)
 COMMON         0x1fff81b8       0x24 .\CortexM3\ARM_GCC_541\Debug\main.o
                0x1fff81b8                f
 COMMON         0x1fff81dc        0x4 d:/program files (x86)/cypress/psoc creator/4.1/psoc creator/import/gnu/arm/5.4.1/bin/../lib/gcc/arm-none-eabi/5.4.1/../../../../arm-none-eabi/lib/armv7-m\libg_nano.a(lib_a-reent.o)
                0x1fff81dc                errno
                0x1fff81e0                . = ALIGN (0x8)
 *(.ram.b)
                0x1fff81e0                _end = .
                0x1fff81e0                __end = .
                0x1fff81e0                PROVIDE (end, .)
                0x1fff81e0                PROVIDE (__bss_end__, .)
                0x000036e0                __cy_region_init_ram = LOADADDR (.data)
                0x000000b8                __cy_region_init_size_ram = (_edata - ADDR (.data))
                0x00000060                __cy_region_zero_size_ram = (_end - _edata)

.heap           0x1fff81e0       0x80 load address 0x00003798
                0x1fff81e0                . = _end
                0x1fff8260                . = (. + 0x80)
 *fill*         0x1fff81e0       0x80 
                0x1fff8260                __cy_heap_limit = .

.stack          0x20007800      0x800
                0x20007800                __cy_stack_limit = .
                0x20008000                . = (. + 0x800)
 *fill*         0x20007800      0x800 
                0x00000001                ASSERT ((__cy_stack_limit >= __cy_heap_limit), region RAM overflowed with stack)
                0x00000000                cy_checksum_exclude_size = (CY_APPL_LOADABLE == 0x1)?SIZEOF (.cy_checksum_exclude):0x0
                0x00000001                ASSERT ((cy_checksum_exclude_size <= CY_CHECKSUM_EXCLUDE_SIZE), CY_BOOT: Section .cy_checksum_exclude size exceedes specified limit.)

.cyloadermeta
 *(.cyloadermeta)

.cyloadablemeta
 *(.cyloadablemeta)

.cyconfigecc    0x80000000      0x59c
 *(.cyconfigecc)
 .cyconfigecc   0x80000000      0x59c .\CortexM3\ARM_GCC_541\Debug\cymetadata.o
                0x80000000                cy_meta_configecc

.cycustnvl      0x90000000        0x4
 *(.cycustnvl)
 .cycustnvl     0x90000000        0x4 .\CortexM3\ARM_GCC_541\Debug\cymetadata.o
                0x90000000                cy_meta_custnvl

.cywolatch      0x90100000        0x4
 *(.cywolatch)
 .cywolatch     0x90100000        0x4 .\CortexM3\ARM_GCC_541\Debug\cymetadata.o
                0x90100000                cy_meta_wonvl

.cyeeprom       0x90200000        0x0
 *(.cyeeprom)
                0x00000001                ASSERT ((. <= ((0x90200000 + ee_offset) + ee_size)), .cyeeprom data will not fit in EEPROM)

.cyflashprotect
                0x90400000      0x100
 *(.cyflashprotect)
 .cyflashprotect
                0x90400000      0x100 .\CortexM3\ARM_GCC_541\Debug\cymetadata.o
                0x90400000                cy_meta_flashprotect

.cymeta         0x90500000        0xc
 *(.cymeta)
 .cymeta        0x90500000        0xc .\CortexM3\ARM_GCC_541\Debug\cymetadata.o
                0x90500000                cy_metadata

.rel.dyn        0x00003798        0x0 load address 0x9050000c
 .rel.iplt      0x00003798        0x0 d:/program files (x86)/cypress/psoc creator/4.1/psoc creator/import/gnu/arm/5.4.1/bin/../lib/gcc/arm-none-eabi/5.4.1/armv7-m/crtbegin.o

.stab
 *(.stab)

.stabstr
 *(.stabstr)

.debug
 *(.debug)

.line
 *(.line)

.debug_srcinfo
 *(.debug_srcinfo)

.debug_sfnames
 *(.debug_sfnames)

.debug_aranges  0x00000000      0x970
 *(.debug_aranges)
 .debug_aranges
                0x00000000       0x30 .\CortexM3\ARM_GCC_541\Debug\main.o
 .debug_aranges
                0x00000030       0x58 .\CortexM3\ARM_GCC_541\Debug\cyfitter_cfg.o
 .debug_aranges
                0x00000088       0x18 .\CortexM3\ARM_GCC_541\Debug\cymetadata.o
 .debug_aranges
                0x000000a0       0x48 .\CortexM3\ARM_GCC_541\Debug\Cm3Start.o
 .debug_aranges
                0x000000e8       0x38 .\CortexM3\ARM_GCC_541\Debug\UltraLyd.a(VCC.o)
 .debug_aranges
                0x00000120       0xf0 .\CortexM3\ARM_GCC_541\Debug\UltraLyd.a(UART_1.o)
 .debug_aranges
                0x00000210       0x80 .\CortexM3\ARM_GCC_541\Debug\UltraLyd.a(isr_UART_1_RX.o)
 .debug_aranges
                0x00000290       0x38 .\CortexM3\ARM_GCC_541\Debug\UltraLyd.a(LED.o)
 .debug_aranges
                0x000002c8       0x70 .\CortexM3\ARM_GCC_541\Debug\UltraLyd.a(UART_1_IntClock.o)
 .debug_aranges
                0x00000338      0x2a0 .\CortexM3\ARM_GCC_541\Debug\UltraLyd.a(CyLib.o)
 .debug_aranges
                0x000005d8       0x98 .\CortexM3\ARM_GCC_541\Debug\UltraLyd.a(cyPm.o)
 .debug_aranges
                0x00000670       0x38 .\CortexM3\ARM_GCC_541\Debug\UltraLyd.a(D.o)
 .debug_aranges
                0x000006a8       0x38 .\CortexM3\ARM_GCC_541\Debug\UltraLyd.a(motorMode.o)
 .debug_aranges
                0x000006e0       0x38 .\CortexM3\ARM_GCC_541\Debug\UltraLyd.a(Enable.o)
 .debug_aranges
                0x00000718       0x38 .\CortexM3\ARM_GCC_541\Debug\UltraLyd.a(Sonic_Sensor.o)
 .debug_aranges
                0x00000750       0x98 .\CortexM3\ARM_GCC_541\Debug\UltraLyd.a(Counter.o)
 .debug_aranges
                0x000007e8       0x38 .\CortexM3\ARM_GCC_541\Debug\UltraLyd.a(DrejRun.o)
 .debug_aranges
                0x00000820       0x38 .\CortexM3\ARM_GCC_541\Debug\UltraLyd.a(MOR.o)
 .debug_aranges
                0x00000858       0x20 .\CortexM3\ARM_GCC_541\Debug\UltraLyd.a(CyBootAsmGnu.o)
 .debug_aranges
                0x00000878       0x80 .\CortexM3\ARM_GCC_541\Debug\UltraLyd.a(CyFlash.o)
 .debug_aranges
                0x000008f8       0x78 .\CortexM3\ARM_GCC_541\Debug\UltraLyd.a(CySpc.o)

.debug_pubnames
 *(.debug_pubnames)

.debug_info     0x00000000     0x525d
 *(.debug_info .gnu.linkonce.wi.*)
 .debug_info    0x00000000      0x716 .\CortexM3\ARM_GCC_541\Debug\main.o
 .debug_info    0x00000716      0x5a6 .\CortexM3\ARM_GCC_541\Debug\cyfitter_cfg.o
 .debug_info    0x00000cbc      0x136 .\CortexM3\ARM_GCC_541\Debug\cymetadata.o
 .debug_info    0x00000df2      0x3bb .\CortexM3\ARM_GCC_541\Debug\Cm3Start.o
 .debug_info    0x000011ad      0x11f .\CortexM3\ARM_GCC_541\Debug\UltraLyd.a(VCC.o)
 .debug_info    0x000012cc      0x60c .\CortexM3\ARM_GCC_541\Debug\UltraLyd.a(UART_1.o)
 .debug_info    0x000018d8      0x2d2 .\CortexM3\ARM_GCC_541\Debug\UltraLyd.a(isr_UART_1_RX.o)
 .debug_info    0x00001baa      0x11f .\CortexM3\ARM_GCC_541\Debug\UltraLyd.a(LED.o)
 .debug_info    0x00001cc9      0x283 .\CortexM3\ARM_GCC_541\Debug\UltraLyd.a(UART_1_IntClock.o)
 .debug_info    0x00001f4c     0x1374 .\CortexM3\ARM_GCC_541\Debug\UltraLyd.a(CyLib.o)
 .debug_info    0x000032c0      0xa2a .\CortexM3\ARM_GCC_541\Debug\UltraLyd.a(cyPm.o)
 .debug_info    0x00003cea      0x11f .\CortexM3\ARM_GCC_541\Debug\UltraLyd.a(D.o)
 .debug_info    0x00003e09      0x11f .\CortexM3\ARM_GCC_541\Debug\UltraLyd.a(motorMode.o)
 .debug_info    0x00003f28      0x11f .\CortexM3\ARM_GCC_541\Debug\UltraLyd.a(Enable.o)
 .debug_info    0x00004047      0x11f .\CortexM3\ARM_GCC_541\Debug\UltraLyd.a(Sonic_Sensor.o)
 .debug_info    0x00004166      0x345 .\CortexM3\ARM_GCC_541\Debug\UltraLyd.a(Counter.o)
 .debug_info    0x000044ab      0x11f .\CortexM3\ARM_GCC_541\Debug\UltraLyd.a(DrejRun.o)
 .debug_info    0x000045ca      0x11f .\CortexM3\ARM_GCC_541\Debug\UltraLyd.a(MOR.o)
 .debug_info    0x000046e9       0xd3 .\CortexM3\ARM_GCC_541\Debug\UltraLyd.a(CyBootAsmGnu.o)
 .debug_info    0x000047bc      0x5b8 .\CortexM3\ARM_GCC_541\Debug\UltraLyd.a(CyFlash.o)
 .debug_info    0x00004d74      0x4e9 .\CortexM3\ARM_GCC_541\Debug\UltraLyd.a(CySpc.o)

.debug_abbrev   0x00000000     0x1693
 *(.debug_abbrev)
 .debug_abbrev  0x00000000      0x130 .\CortexM3\ARM_GCC_541\Debug\main.o
 .debug_abbrev  0x00000130      0x20d .\CortexM3\ARM_GCC_541\Debug\cyfitter_cfg.o
 .debug_abbrev  0x0000033d       0x77 .\CortexM3\ARM_GCC_541\Debug\cymetadata.o
 .debug_abbrev  0x000003b4      0x1e8 .\CortexM3\ARM_GCC_541\Debug\Cm3Start.o
 .debug_abbrev  0x0000059c       0x90 .\CortexM3\ARM_GCC_541\Debug\UltraLyd.a(VCC.o)
 .debug_abbrev  0x0000062c      0x175 .\CortexM3\ARM_GCC_541\Debug\UltraLyd.a(UART_1.o)
 .debug_abbrev  0x000007a1      0x173 .\CortexM3\ARM_GCC_541\Debug\UltraLyd.a(isr_UART_1_RX.o)
 .debug_abbrev  0x00000914       0x90 .\CortexM3\ARM_GCC_541\Debug\UltraLyd.a(LED.o)
 .debug_abbrev  0x000009a4      0x139 .\CortexM3\ARM_GCC_541\Debug\UltraLyd.a(UART_1_IntClock.o)
 .debug_abbrev  0x00000add      0x254 .\CortexM3\ARM_GCC_541\Debug\UltraLyd.a(CyLib.o)
 .debug_abbrev  0x00000d31      0x1ab .\CortexM3\ARM_GCC_541\Debug\UltraLyd.a(cyPm.o)
 .debug_abbrev  0x00000edc       0x90 .\CortexM3\ARM_GCC_541\Debug\UltraLyd.a(D.o)
 .debug_abbrev  0x00000f6c       0x90 .\CortexM3\ARM_GCC_541\Debug\UltraLyd.a(motorMode.o)
 .debug_abbrev  0x00000ffc       0x90 .\CortexM3\ARM_GCC_541\Debug\UltraLyd.a(Enable.o)
 .debug_abbrev  0x0000108c       0x90 .\CortexM3\ARM_GCC_541\Debug\UltraLyd.a(Sonic_Sensor.o)
 .debug_abbrev  0x0000111c      0x117 .\CortexM3\ARM_GCC_541\Debug\UltraLyd.a(Counter.o)
 .debug_abbrev  0x00001233       0x90 .\CortexM3\ARM_GCC_541\Debug\UltraLyd.a(DrejRun.o)
 .debug_abbrev  0x000012c3       0x90 .\CortexM3\ARM_GCC_541\Debug\UltraLyd.a(MOR.o)
 .debug_abbrev  0x00001353       0x14 .\CortexM3\ARM_GCC_541\Debug\UltraLyd.a(CyBootAsmGnu.o)
 .debug_abbrev  0x00001367      0x198 .\CortexM3\ARM_GCC_541\Debug\UltraLyd.a(CyFlash.o)
 .debug_abbrev  0x000014ff      0x194 .\CortexM3\ARM_GCC_541\Debug\UltraLyd.a(CySpc.o)

.debug_line     0x00000000     0x23e6
 *(.debug_line)
 .debug_line    0x00000000      0x2de .\CortexM3\ARM_GCC_541\Debug\main.o
 .debug_line    0x000002de      0x1f8 .\CortexM3\ARM_GCC_541\Debug\cyfitter_cfg.o
 .debug_line    0x000004d6      0x141 .\CortexM3\ARM_GCC_541\Debug\cymetadata.o
 .debug_line    0x00000617      0x234 .\CortexM3\ARM_GCC_541\Debug\Cm3Start.o
 .debug_line    0x0000084b       0x90 .\CortexM3\ARM_GCC_541\Debug\UltraLyd.a(VCC.o)
 .debug_line    0x000008db      0x2c0 .\CortexM3\ARM_GCC_541\Debug\UltraLyd.a(UART_1.o)
 .debug_line    0x00000b9b      0x13a .\CortexM3\ARM_GCC_541\Debug\UltraLyd.a(isr_UART_1_RX.o)
 .debug_line    0x00000cd5       0x90 .\CortexM3\ARM_GCC_541\Debug\UltraLyd.a(LED.o)
 .debug_line    0x00000d65      0x17e .\CortexM3\ARM_GCC_541\Debug\UltraLyd.a(UART_1_IntClock.o)
 .debug_line    0x00000ee3      0x816 .\CortexM3\ARM_GCC_541\Debug\UltraLyd.a(CyLib.o)
 .debug_line    0x000016f9      0x367 .\CortexM3\ARM_GCC_541\Debug\UltraLyd.a(cyPm.o)
 .debug_line    0x00001a60       0x8e .\CortexM3\ARM_GCC_541\Debug\UltraLyd.a(D.o)
 .debug_line    0x00001aee       0x96 .\CortexM3\ARM_GCC_541\Debug\UltraLyd.a(motorMode.o)
 .debug_line    0x00001b84       0x93 .\CortexM3\ARM_GCC_541\Debug\UltraLyd.a(Enable.o)
 .debug_line    0x00001c17       0x99 .\CortexM3\ARM_GCC_541\Debug\UltraLyd.a(Sonic_Sensor.o)
 .debug_line    0x00001cb0      0x187 .\CortexM3\ARM_GCC_541\Debug\UltraLyd.a(Counter.o)
 .debug_line    0x00001e37       0x94 .\CortexM3\ARM_GCC_541\Debug\UltraLyd.a(DrejRun.o)
 .debug_line    0x00001ecb       0x90 .\CortexM3\ARM_GCC_541\Debug\UltraLyd.a(MOR.o)
 .debug_line    0x00001f5b       0x66 .\CortexM3\ARM_GCC_541\Debug\UltraLyd.a(CyBootAsmGnu.o)
 .debug_line    0x00001fc1      0x1e9 .\CortexM3\ARM_GCC_541\Debug\UltraLyd.a(CyFlash.o)
 .debug_line    0x000021aa      0x23c .\CortexM3\ARM_GCC_541\Debug\UltraLyd.a(CySpc.o)

.debug_frame    0x00000000     0x1e14
 *(.debug_frame)
 .debug_frame   0x00000000       0x64 .\CortexM3\ARM_GCC_541\Debug\main.o
 .debug_frame   0x00000064       0xe4 .\CortexM3\ARM_GCC_541\Debug\cyfitter_cfg.o
 .debug_frame   0x00000148       0xb8 .\CortexM3\ARM_GCC_541\Debug\Cm3Start.o
 .debug_frame   0x00000200       0x50 .\CortexM3\ARM_GCC_541\Debug\UltraLyd.a(VCC.o)
 .debug_frame   0x00000250      0x250 .\CortexM3\ARM_GCC_541\Debug\UltraLyd.a(UART_1.o)
 .debug_frame   0x000004a0      0x104 .\CortexM3\ARM_GCC_541\Debug\UltraLyd.a(isr_UART_1_RX.o)
 .debug_frame   0x000005a4       0x50 .\CortexM3\ARM_GCC_541\Debug\UltraLyd.a(LED.o)
 .debug_frame   0x000005f4       0xe0 .\CortexM3\ARM_GCC_541\Debug\UltraLyd.a(UART_1_IntClock.o)
 .debug_frame   0x000006d4      0x738 .\CortexM3\ARM_GCC_541\Debug\UltraLyd.a(CyLib.o)
 .debug_frame   0x00000e0c      0x1f8 .\CortexM3\ARM_GCC_541\Debug\UltraLyd.a(cyPm.o)
 .debug_frame   0x00001004       0x50 .\CortexM3\ARM_GCC_541\Debug\UltraLyd.a(D.o)
 .debug_frame   0x00001054       0x50 .\CortexM3\ARM_GCC_541\Debug\UltraLyd.a(motorMode.o)
 .debug_frame   0x000010a4       0x50 .\CortexM3\ARM_GCC_541\Debug\UltraLyd.a(Enable.o)
 .debug_frame   0x000010f4       0x50 .\CortexM3\ARM_GCC_541\Debug\UltraLyd.a(Sonic_Sensor.o)
 .debug_frame   0x00001144      0x134 .\CortexM3\ARM_GCC_541\Debug\UltraLyd.a(Counter.o)
 .debug_frame   0x00001278       0x50 .\CortexM3\ARM_GCC_541\Debug\UltraLyd.a(DrejRun.o)
 .debug_frame   0x000012c8       0x50 .\CortexM3\ARM_GCC_541\Debug\UltraLyd.a(MOR.o)
 .debug_frame   0x00001318      0x174 .\CortexM3\ARM_GCC_541\Debug\UltraLyd.a(CyFlash.o)
 .debug_frame   0x0000148c      0x160 .\CortexM3\ARM_GCC_541\Debug\UltraLyd.a(CySpc.o)
 .debug_frame   0x000015ec       0x20 d:/program files (x86)/cypress/psoc creator/4.1/psoc creator/import/gnu/arm/5.4.1/bin/../lib/gcc/arm-none-eabi/5.4.1/../../../../arm-none-eabi/lib/armv7-m\libg_nano.a(lib_a-errno.o)
 .debug_frame   0x0000160c       0x28 d:/program files (x86)/cypress/psoc creator/4.1/psoc creator/import/gnu/arm/5.4.1/bin/../lib/gcc/arm-none-eabi/5.4.1/../../../../arm-none-eabi/lib/armv7-m\libg_nano.a(lib_a-exit.o)
 .debug_frame   0x00001634       0x2c d:/program files (x86)/cypress/psoc creator/4.1/psoc creator/import/gnu/arm/5.4.1/bin/../lib/gcc/arm-none-eabi/5.4.1/../../../../arm-none-eabi/lib/armv7-m\libg_nano.a(lib_a-init.o)
 .debug_frame   0x00001660       0x28 d:/program files (x86)/cypress/psoc creator/4.1/psoc creator/import/gnu/arm/5.4.1/bin/../lib/gcc/arm-none-eabi/5.4.1/../../../../arm-none-eabi/lib/armv7-m\libg_nano.a(lib_a-memcpy-stub.o)
 .debug_frame   0x00001688       0x20 d:/program files (x86)/cypress/psoc creator/4.1/psoc creator/import/gnu/arm/5.4.1/bin/../lib/gcc/arm-none-eabi/5.4.1/../../../../arm-none-eabi/lib/armv7-m\libg_nano.a(lib_a-memset.o)
 .debug_frame   0x000016a8       0x8c d:/program files (x86)/cypress/psoc creator/4.1/psoc creator/import/gnu/arm/5.4.1/bin/../lib/gcc/arm-none-eabi/5.4.1/../../../../arm-none-eabi/lib/armv7-m\libg_nano.a(lib_a-nano-vfprintf_float.o)
 .debug_frame   0x00001734       0x60 d:/program files (x86)/cypress/psoc creator/4.1/psoc creator/import/gnu/arm/5.4.1/bin/../lib/gcc/arm-none-eabi/5.4.1/../../../../arm-none-eabi/lib/armv7-m\libg_nano.a(lib_a-nano-vfprintf_i.o)
 .debug_frame   0x00001794       0x74 d:/program files (x86)/cypress/psoc creator/4.1/psoc creator/import/gnu/arm/5.4.1/bin/../lib/gcc/arm-none-eabi/5.4.1/../../../../arm-none-eabi/lib/armv7-m\libg_nano.a(lib_a-snprintf.o)
 .debug_frame   0x00001808       0x6c d:/program files (x86)/cypress/psoc creator/4.1/psoc creator/import/gnu/arm/5.4.1/bin/../lib/gcc/arm-none-eabi/5.4.1/../../../../arm-none-eabi/lib/armv7-m\libg_nano.a(lib_a-dtoa.o)
 .debug_frame   0x00001874       0x98 d:/program files (x86)/cypress/psoc creator/4.1/psoc creator/import/gnu/arm/5.4.1/bin/../lib/gcc/arm-none-eabi/5.4.1/../../../../arm-none-eabi/lib/armv7-m\libg_nano.a(lib_a-locale.o)
 .debug_frame   0x0000190c       0x30 d:/program files (x86)/cypress/psoc creator/4.1/psoc creator/import/gnu/arm/5.4.1/bin/../lib/gcc/arm-none-eabi/5.4.1/../../../../arm-none-eabi/lib/armv7-m\libg_nano.a(lib_a-malloc.o)
 .debug_frame   0x0000193c       0x28 d:/program files (x86)/cypress/psoc creator/4.1/psoc creator/import/gnu/arm/5.4.1/bin/../lib/gcc/arm-none-eabi/5.4.1/../../../../arm-none-eabi/lib/armv7-m\libg_nano.a(lib_a-memchr-stub.o)
 .debug_frame   0x00001964      0x234 d:/program files (x86)/cypress/psoc creator/4.1/psoc creator/import/gnu/arm/5.4.1/bin/../lib/gcc/arm-none-eabi/5.4.1/../../../../arm-none-eabi/lib/armv7-m\libg_nano.a(lib_a-mprec.o)
 .debug_frame   0x00001b98       0x2c d:/program files (x86)/cypress/psoc creator/4.1/psoc creator/import/gnu/arm/5.4.1/bin/../lib/gcc/arm-none-eabi/5.4.1/../../../../arm-none-eabi/lib/armv7-m\libg_nano.a(lib_a-nano-callocr.o)
 .debug_frame   0x00001bc4       0x38 d:/program files (x86)/cypress/psoc creator/4.1/psoc creator/import/gnu/arm/5.4.1/bin/../lib/gcc/arm-none-eabi/5.4.1/../../../../arm-none-eabi/lib/armv7-m\libg_nano.a(lib_a-nano-freer.o)
 .debug_frame   0x00001bfc       0x2c d:/program files (x86)/cypress/psoc creator/4.1/psoc creator/import/gnu/arm/5.4.1/bin/../lib/gcc/arm-none-eabi/5.4.1/../../../../arm-none-eabi/lib/armv7-m\libg_nano.a(lib_a-nano-mallocr.o)
 .debug_frame   0x00001c28       0x90 d:/program files (x86)/cypress/psoc creator/4.1/psoc creator/import/gnu/arm/5.4.1/bin/../lib/gcc/arm-none-eabi/5.4.1/../../../../arm-none-eabi/lib/armv7-m\libg_nano.a(lib_a-nano-svfprintf.o)
 .debug_frame   0x00001cb8       0x2c d:/program files (x86)/cypress/psoc creator/4.1/psoc creator/import/gnu/arm/5.4.1/bin/../lib/gcc/arm-none-eabi/5.4.1/../../../../arm-none-eabi/lib/armv7-m\libg_nano.a(lib_a-sbrkr.o)
 .debug_frame   0x00001ce4       0x20 d:/program files (x86)/cypress/psoc creator/4.1/psoc creator/import/gnu/arm/5.4.1/bin/../lib/gcc/arm-none-eabi/5.4.1/../../../../arm-none-eabi/lib/armv7-m\libg_nano.a(lib_a-strcmp.o)
 .debug_frame   0x00001d04       0x28 d:/program files (x86)/cypress/psoc creator/4.1/psoc creator/import/gnu/arm/5.4.1/bin/../lib/gcc/arm-none-eabi/5.4.1/../../../../arm-none-eabi/lib/armv7-m\libg_nano.a(lib_a-memmove.o)
 .debug_frame   0x00001d2c       0x30 d:/program files (x86)/cypress/psoc creator/4.1/psoc creator/import/gnu/arm/5.4.1/bin/../lib/gcc/arm-none-eabi/5.4.1/../../../../arm-none-eabi/lib/armv7-m\libg_nano.a(lib_a-mlock.o)
 .debug_frame   0x00001d5c       0x3c d:/program files (x86)/cypress/psoc creator/4.1/psoc creator/import/gnu/arm/5.4.1/bin/../lib/gcc/arm-none-eabi/5.4.1/../../../../arm-none-eabi/lib/armv7-m\libg_nano.a(lib_a-nano-reallocr.o)
 .debug_frame   0x00001d98       0x5c d:/program files (x86)/cypress/psoc creator/4.1/psoc creator/import/gnu/arm/5.4.1/bin/../lib/gcc/arm-none-eabi/5.4.1/../../../../arm-none-eabi/lib/armv7-m\libg_nano.a(lib_a-reent.o)
 .debug_frame   0x00001df4       0x20 d:/program files (x86)/cypress/psoc creator/4.1/psoc creator/import/gnu/arm/5.4.1/bin/../lib/gcc/arm-none-eabi/5.4.1/../../../../arm-none-eabi/lib/armv7-m\libg_nano.a(lib_a-nano-msizer.o)

.debug_str      0x00000000     0x1da8
 *(.debug_str)
 .debug_str     0x00000000      0x2f0 .\CortexM3\ARM_GCC_541\Debug\main.o
                                0x348 (size before relaxing)
 .debug_str     0x000002f0      0x1bb .\CortexM3\ARM_GCC_541\Debug\cyfitter_cfg.o
                                0x38d (size before relaxing)
 .debug_str     0x000004ab       0x75 .\CortexM3\ARM_GCC_541\Debug\cymetadata.o
                                0x227 (size before relaxing)
 .debug_str     0x00000520      0x13e .\CortexM3\ARM_GCC_541\Debug\Cm3Start.o
                                0x34d (size before relaxing)
 .debug_str     0x0000065e       0x57 .\CortexM3\ARM_GCC_541\Debug\UltraLyd.a(VCC.o)
                                0x21b (size before relaxing)
 .debug_str     0x000006b5      0x2cf .\CortexM3\ARM_GCC_541\Debug\UltraLyd.a(UART_1.o)
                                0x4f6 (size before relaxing)
 .debug_str     0x00000984      0x158 .\CortexM3\ARM_GCC_541\Debug\UltraLyd.a(isr_UART_1_RX.o)
                                0x359 (size before relaxing)
 .debug_str     0x00000adc       0x47 .\CortexM3\ARM_GCC_541\Debug\UltraLyd.a(LED.o)
                                0x21b (size before relaxing)
 .debug_str     0x00000b23      0x19d .\CortexM3\ARM_GCC_541\Debug\UltraLyd.a(UART_1_IntClock.o)
                                0x391 (size before relaxing)
 .debug_str     0x00000cc0      0x7e3 .\CortexM3\ARM_GCC_541\Debug\UltraLyd.a(CyLib.o)
                                0xa8a (size before relaxing)
 .debug_str     0x000014a3      0x365 .\CortexM3\ARM_GCC_541\Debug\UltraLyd.a(cyPm.o)
                                0x776 (size before relaxing)
 .debug_str     0x00001808       0x1b .\CortexM3\ARM_GCC_541\Debug\UltraLyd.a(D.o)
                                0x211 (size before relaxing)
 .debug_str     0x00001823       0x5f .\CortexM3\ARM_GCC_541\Debug\UltraLyd.a(motorMode.o)
                                0x239 (size before relaxing)
 .debug_str     0x00001882       0x53 .\CortexM3\ARM_GCC_541\Debug\UltraLyd.a(Enable.o)
                                0x22a (size before relaxing)
 .debug_str     0x000018d5       0x59 .\CortexM3\ARM_GCC_541\Debug\UltraLyd.a(Sonic_Sensor.o)
                                0x248 (size before relaxing)
 .debug_str     0x0000192e      0x194 .\CortexM3\ARM_GCC_541\Debug\UltraLyd.a(Counter.o)
                                0x3c1 (size before relaxing)
 .debug_str     0x00001ac2       0x57 .\CortexM3\ARM_GCC_541\Debug\UltraLyd.a(DrejRun.o)
                                0x22f (size before relaxing)
 .debug_str     0x00001b19       0x47 .\CortexM3\ARM_GCC_541\Debug\UltraLyd.a(MOR.o)
                                0x21b (size before relaxing)
 .debug_str     0x00001b60      0x19c .\CortexM3\ARM_GCC_541\Debug\UltraLyd.a(CyFlash.o)
                                0x3e4 (size before relaxing)
 .debug_str     0x00001cfc       0xac .\CortexM3\ARM_GCC_541\Debug\UltraLyd.a(CySpc.o)
                                0x36d (size before relaxing)

.debug_loc      0x00000000     0x1f50
 *(.debug_loc)
 .debug_loc     0x00000000       0x67 .\CortexM3\ARM_GCC_541\Debug\main.o
 .debug_loc     0x00000067      0x25a .\CortexM3\ARM_GCC_541\Debug\cyfitter_cfg.o
 .debug_loc     0x000002c1      0x144 .\CortexM3\ARM_GCC_541\Debug\Cm3Start.o
 .debug_loc     0x00000405       0x42 .\CortexM3\ARM_GCC_541\Debug\UltraLyd.a(VCC.o)
 .debug_loc     0x00000447      0x258 .\CortexM3\ARM_GCC_541\Debug\UltraLyd.a(UART_1.o)
 .debug_loc     0x0000069f       0x56 .\CortexM3\ARM_GCC_541\Debug\UltraLyd.a(isr_UART_1_RX.o)
 .debug_loc     0x000006f5       0x42 .\CortexM3\ARM_GCC_541\Debug\UltraLyd.a(LED.o)
 .debug_loc     0x00000737      0x128 .\CortexM3\ARM_GCC_541\Debug\UltraLyd.a(UART_1_IntClock.o)
 .debug_loc     0x0000085f      0xa11 .\CortexM3\ARM_GCC_541\Debug\UltraLyd.a(CyLib.o)
 .debug_loc     0x00001270      0x1e4 .\CortexM3\ARM_GCC_541\Debug\UltraLyd.a(cyPm.o)
 .debug_loc     0x00001454       0x42 .\CortexM3\ARM_GCC_541\Debug\UltraLyd.a(D.o)
 .debug_loc     0x00001496       0x42 .\CortexM3\ARM_GCC_541\Debug\UltraLyd.a(motorMode.o)
 .debug_loc     0x000014d8       0x42 .\CortexM3\ARM_GCC_541\Debug\UltraLyd.a(Enable.o)
 .debug_loc     0x0000151a       0x42 .\CortexM3\ARM_GCC_541\Debug\UltraLyd.a(Sonic_Sensor.o)
 .debug_loc     0x0000155c       0x31 .\CortexM3\ARM_GCC_541\Debug\UltraLyd.a(Counter.o)
 .debug_loc     0x0000158d       0x42 .\CortexM3\ARM_GCC_541\Debug\UltraLyd.a(DrejRun.o)
 .debug_loc     0x000015cf       0x42 .\CortexM3\ARM_GCC_541\Debug\UltraLyd.a(MOR.o)
 .debug_loc     0x00001611      0x2f2 .\CortexM3\ARM_GCC_541\Debug\UltraLyd.a(CyFlash.o)
 .debug_loc     0x00001903      0x64d .\CortexM3\ARM_GCC_541\Debug\UltraLyd.a(CySpc.o)

.debug_macinfo
 *(.debug_macinfo)

.debug_ranges   0x00000000      0x808
 *(.debug_ranges)
 .debug_ranges  0x00000000       0x20 .\CortexM3\ARM_GCC_541\Debug\main.o
 .debug_ranges  0x00000020       0x48 .\CortexM3\ARM_GCC_541\Debug\cyfitter_cfg.o
 .debug_ranges  0x00000068       0x38 .\CortexM3\ARM_GCC_541\Debug\Cm3Start.o
 .debug_ranges  0x000000a0       0x28 .\CortexM3\ARM_GCC_541\Debug\UltraLyd.a(VCC.o)
 .debug_ranges  0x000000c8       0xe0 .\CortexM3\ARM_GCC_541\Debug\UltraLyd.a(UART_1.o)
 .debug_ranges  0x000001a8       0x70 .\CortexM3\ARM_GCC_541\Debug\UltraLyd.a(isr_UART_1_RX.o)
 .debug_ranges  0x00000218       0x28 .\CortexM3\ARM_GCC_541\Debug\UltraLyd.a(LED.o)
 .debug_ranges  0x00000240       0x60 .\CortexM3\ARM_GCC_541\Debug\UltraLyd.a(UART_1_IntClock.o)
 .debug_ranges  0x000002a0      0x290 .\CortexM3\ARM_GCC_541\Debug\UltraLyd.a(CyLib.o)
 .debug_ranges  0x00000530       0x88 .\CortexM3\ARM_GCC_541\Debug\UltraLyd.a(cyPm.o)
 .debug_ranges  0x000005b8       0x28 .\CortexM3\ARM_GCC_541\Debug\UltraLyd.a(D.o)
 .debug_ranges  0x000005e0       0x28 .\CortexM3\ARM_GCC_541\Debug\UltraLyd.a(motorMode.o)
 .debug_ranges  0x00000608       0x28 .\CortexM3\ARM_GCC_541\Debug\UltraLyd.a(Enable.o)
 .debug_ranges  0x00000630       0x28 .\CortexM3\ARM_GCC_541\Debug\UltraLyd.a(Sonic_Sensor.o)
 .debug_ranges  0x00000658       0x88 .\CortexM3\ARM_GCC_541\Debug\UltraLyd.a(Counter.o)
 .debug_ranges  0x000006e0       0x28 .\CortexM3\ARM_GCC_541\Debug\UltraLyd.a(DrejRun.o)
 .debug_ranges  0x00000708       0x28 .\CortexM3\ARM_GCC_541\Debug\UltraLyd.a(MOR.o)
 .debug_ranges  0x00000730       0x70 .\CortexM3\ARM_GCC_541\Debug\UltraLyd.a(CyFlash.o)
 .debug_ranges  0x000007a0       0x68 .\CortexM3\ARM_GCC_541\Debug\UltraLyd.a(CySpc.o)

.comment        0x00000000       0x6e
 .comment       0x00000000       0x6e .\CortexM3\ARM_GCC_541\Debug\main.o
                                 0x6f (size before relaxing)
 .comment       0x0000006e       0x6f .\CortexM3\ARM_GCC_541\Debug\cyfitter_cfg.o
 .comment       0x0000006e       0x6f .\CortexM3\ARM_GCC_541\Debug\cymetadata.o
 .comment       0x0000006e       0x6f .\CortexM3\ARM_GCC_541\Debug\Cm3Start.o
 .comment       0x0000006e       0x6f .\CortexM3\ARM_GCC_541\Debug\UltraLyd.a(VCC.o)
 .comment       0x0000006e       0x6f .\CortexM3\ARM_GCC_541\Debug\UltraLyd.a(UART_1.o)
 .comment       0x0000006e       0x6f .\CortexM3\ARM_GCC_541\Debug\UltraLyd.a(isr_UART_1_RX.o)
 .comment       0x0000006e       0x6f .\CortexM3\ARM_GCC_541\Debug\UltraLyd.a(LED.o)
 .comment       0x0000006e       0x6f .\CortexM3\ARM_GCC_541\Debug\UltraLyd.a(UART_1_IntClock.o)
 .comment       0x0000006e       0x6f .\CortexM3\ARM_GCC_541\Debug\UltraLyd.a(CyLib.o)
 .comment       0x0000006e       0x6f .\CortexM3\ARM_GCC_541\Debug\UltraLyd.a(cyPm.o)
 .comment       0x0000006e       0x6f .\CortexM3\ARM_GCC_541\Debug\UltraLyd.a(D.o)
 .comment       0x0000006e       0x6f .\CortexM3\ARM_GCC_541\Debug\UltraLyd.a(motorMode.o)
 .comment       0x0000006e       0x6f .\CortexM3\ARM_GCC_541\Debug\UltraLyd.a(Enable.o)
 .comment       0x0000006e       0x6f .\CortexM3\ARM_GCC_541\Debug\UltraLyd.a(Sonic_Sensor.o)
 .comment       0x0000006e       0x6f .\CortexM3\ARM_GCC_541\Debug\UltraLyd.a(Counter.o)
 .comment       0x0000006e       0x6f .\CortexM3\ARM_GCC_541\Debug\UltraLyd.a(DrejRun.o)
 .comment       0x0000006e       0x6f .\CortexM3\ARM_GCC_541\Debug\UltraLyd.a(MOR.o)
 .comment       0x0000006e       0x6f .\CortexM3\ARM_GCC_541\Debug\UltraLyd.a(CyFlash.o)
 .comment       0x0000006e       0x6f .\CortexM3\ARM_GCC_541\Debug\UltraLyd.a(CySpc.o)

.debug_weaknames
 *(.debug_weaknames)

.debug_funcnames
 *(.debug_funcnames)

.debug_typenames
 *(.debug_typenames)

.debug_varnames
 *(.debug_varnames)

.note.gnu.arm.ident
 *(.note.gnu.arm.ident)

.ARM.attributes
                0x00000000       0x29
 *(.ARM.attributes)
 .ARM.attributes
                0x00000000       0x1d d:/program files (x86)/cypress/psoc creator/4.1/psoc creator/import/gnu/arm/5.4.1/bin/../lib/gcc/arm-none-eabi/5.4.1/armv7-m/crti.o
 .ARM.attributes
                0x0000001d       0x2d d:/program files (x86)/cypress/psoc creator/4.1/psoc creator/import/gnu/arm/5.4.1/bin/../lib/gcc/arm-none-eabi/5.4.1/armv7-m/crtbegin.o
 .ARM.attributes
                0x0000004a       0x1b d:/program files (x86)/cypress/psoc creator/4.1/psoc creator/import/gnu/arm/5.4.1/bin/../lib/gcc/arm-none-eabi/5.4.1/../../../../arm-none-eabi/lib/armv7-m/crt0.o
 .ARM.attributes
                0x00000065       0x33 .\CortexM3\ARM_GCC_541\Debug\main.o
 .ARM.attributes
                0x00000098       0x33 .\CortexM3\ARM_GCC_541\Debug\cyfitter_cfg.o
 .ARM.attributes
                0x000000cb       0x33 .\CortexM3\ARM_GCC_541\Debug\cymetadata.o
 .ARM.attributes
                0x000000fe       0x33 .\CortexM3\ARM_GCC_541\Debug\Cm3Start.o
 .ARM.attributes
                0x00000131       0x33 .\CortexM3\ARM_GCC_541\Debug\UltraLyd.a(VCC.o)
 .ARM.attributes
                0x00000164       0x33 .\CortexM3\ARM_GCC_541\Debug\UltraLyd.a(UART_1.o)
 .ARM.attributes
                0x00000197       0x33 .\CortexM3\ARM_GCC_541\Debug\UltraLyd.a(isr_UART_1_RX.o)
 .ARM.attributes
                0x000001ca       0x33 .\CortexM3\ARM_GCC_541\Debug\UltraLyd.a(LED.o)
 .ARM.attributes
                0x000001fd       0x33 .\CortexM3\ARM_GCC_541\Debug\UltraLyd.a(UART_1_IntClock.o)
 .ARM.attributes
                0x00000230       0x33 .\CortexM3\ARM_GCC_541\Debug\UltraLyd.a(CyLib.o)
 .ARM.attributes
                0x00000263       0x33 .\CortexM3\ARM_GCC_541\Debug\UltraLyd.a(cyPm.o)
 .ARM.attributes
                0x00000296       0x33 .\CortexM3\ARM_GCC_541\Debug\UltraLyd.a(D.o)
 .ARM.attributes
                0x000002c9       0x33 .\CortexM3\ARM_GCC_541\Debug\UltraLyd.a(motorMode.o)
 .ARM.attributes
                0x000002fc       0x33 .\CortexM3\ARM_GCC_541\Debug\UltraLyd.a(Enable.o)
 .ARM.attributes
                0x0000032f       0x33 .\CortexM3\ARM_GCC_541\Debug\UltraLyd.a(Sonic_Sensor.o)
 .ARM.attributes
                0x00000362       0x33 .\CortexM3\ARM_GCC_541\Debug\UltraLyd.a(Counter.o)
 .ARM.attributes
                0x00000395       0x33 .\CortexM3\ARM_GCC_541\Debug\UltraLyd.a(DrejRun.o)
 .ARM.attributes
                0x000003c8       0x33 .\CortexM3\ARM_GCC_541\Debug\UltraLyd.a(MOR.o)
 .ARM.attributes
                0x000003fb       0x21 .\CortexM3\ARM_GCC_541\Debug\UltraLyd.a(CyBootAsmGnu.o)
 .ARM.attributes
                0x0000041c       0x33 .\CortexM3\ARM_GCC_541\Debug\UltraLyd.a(CyFlash.o)
 .ARM.attributes
                0x0000044f       0x33 .\CortexM3\ARM_GCC_541\Debug\UltraLyd.a(CySpc.o)
 .ARM.attributes
                0x00000482       0x1d d:/program files (x86)/cypress/psoc creator/4.1/psoc creator/import/gnu/arm/5.4.1/bin/../lib/gcc/arm-none-eabi/5.4.1/armv7-m\libgcc.a(_arm_addsubdf3.o)
 .ARM.attributes
                0x0000049f       0x1d d:/program files (x86)/cypress/psoc creator/4.1/psoc creator/import/gnu/arm/5.4.1/bin/../lib/gcc/arm-none-eabi/5.4.1/armv7-m\libgcc.a(_arm_muldivdf3.o)
 .ARM.attributes
                0x000004bc       0x1d d:/program files (x86)/cypress/psoc creator/4.1/psoc creator/import/gnu/arm/5.4.1/bin/../lib/gcc/arm-none-eabi/5.4.1/armv7-m\libgcc.a(_arm_fixdfsi.o)
 .ARM.attributes
                0x000004d9       0x2d d:/program files (x86)/cypress/psoc creator/4.1/psoc creator/import/gnu/arm/5.4.1/bin/../lib/gcc/arm-none-eabi/5.4.1/../../../../arm-none-eabi/lib/armv7-m\libg_nano.a(lib_a-errno.o)
 .ARM.attributes
                0x00000506       0x2d d:/program files (x86)/cypress/psoc creator/4.1/psoc creator/import/gnu/arm/5.4.1/bin/../lib/gcc/arm-none-eabi/5.4.1/../../../../arm-none-eabi/lib/armv7-m\libg_nano.a(lib_a-exit.o)
 .ARM.attributes
                0x00000533       0x2d d:/program files (x86)/cypress/psoc creator/4.1/psoc creator/import/gnu/arm/5.4.1/bin/../lib/gcc/arm-none-eabi/5.4.1/../../../../arm-none-eabi/lib/armv7-m\libg_nano.a(lib_a-impure.o)
 .ARM.attributes
                0x00000560       0x2d d:/program files (x86)/cypress/psoc creator/4.1/psoc creator/import/gnu/arm/5.4.1/bin/../lib/gcc/arm-none-eabi/5.4.1/../../../../arm-none-eabi/lib/armv7-m\libg_nano.a(lib_a-init.o)
 .ARM.attributes
                0x0000058d       0x2d d:/program files (x86)/cypress/psoc creator/4.1/psoc creator/import/gnu/arm/5.4.1/bin/../lib/gcc/arm-none-eabi/5.4.1/../../../../arm-none-eabi/lib/armv7-m\libg_nano.a(lib_a-memcpy-stub.o)
 .ARM.attributes
                0x000005ba       0x2d d:/program files (x86)/cypress/psoc creator/4.1/psoc creator/import/gnu/arm/5.4.1/bin/../lib/gcc/arm-none-eabi/5.4.1/../../../../arm-none-eabi/lib/armv7-m\libg_nano.a(lib_a-memset.o)
 .ARM.attributes
                0x000005e7       0x2d d:/program files (x86)/cypress/psoc creator/4.1/psoc creator/import/gnu/arm/5.4.1/bin/../lib/gcc/arm-none-eabi/5.4.1/../../../../arm-none-eabi/lib/armv7-m\libg_nano.a(lib_a-nano-vfprintf_float.o)
 .ARM.attributes
                0x00000614       0x2d d:/program files (x86)/cypress/psoc creator/4.1/psoc creator/import/gnu/arm/5.4.1/bin/../lib/gcc/arm-none-eabi/5.4.1/../../../../arm-none-eabi/lib/armv7-m\libg_nano.a(lib_a-nano-vfprintf_i.o)
 .ARM.attributes
                0x00000641       0x2d d:/program files (x86)/cypress/psoc creator/4.1/psoc creator/import/gnu/arm/5.4.1/bin/../lib/gcc/arm-none-eabi/5.4.1/../../../../arm-none-eabi/lib/armv7-m\libg_nano.a(lib_a-snprintf.o)
 .ARM.attributes
                0x0000066e       0x17 d:/program files (x86)/cypress/psoc creator/4.1/psoc creator/import/gnu/arm/5.4.1/bin/../lib/gcc/arm-none-eabi/5.4.1/../../../../arm-none-eabi/lib/armv7-m\libg_nano.a(lib_a-strlen.o)
 .ARM.attributes
                0x00000685       0x2d d:/program files (x86)/cypress/psoc creator/4.1/psoc creator/import/gnu/arm/5.4.1/bin/../lib/gcc/arm-none-eabi/5.4.1/../../../../arm-none-eabi/lib/armv7-m\libg_nano.a(lib_a-dtoa.o)
 .ARM.attributes
                0x000006b2       0x2d d:/program files (x86)/cypress/psoc creator/4.1/psoc creator/import/gnu/arm/5.4.1/bin/../lib/gcc/arm-none-eabi/5.4.1/../../../../arm-none-eabi/lib/armv7-m\libg_nano.a(lib_a-locale.o)
 .ARM.attributes
                0x000006df       0x2d d:/program files (x86)/cypress/psoc creator/4.1/psoc creator/import/gnu/arm/5.4.1/bin/../lib/gcc/arm-none-eabi/5.4.1/../../../../arm-none-eabi/lib/armv7-m\libg_nano.a(lib_a-malloc.o)
 .ARM.attributes
                0x0000070c       0x2d d:/program files (x86)/cypress/psoc creator/4.1/psoc creator/import/gnu/arm/5.4.1/bin/../lib/gcc/arm-none-eabi/5.4.1/../../../../arm-none-eabi/lib/armv7-m\libg_nano.a(lib_a-memchr-stub.o)
 .ARM.attributes
                0x00000739       0x2d d:/program files (x86)/cypress/psoc creator/4.1/psoc creator/import/gnu/arm/5.4.1/bin/../lib/gcc/arm-none-eabi/5.4.1/../../../../arm-none-eabi/lib/armv7-m\libg_nano.a(lib_a-mprec.o)
 .ARM.attributes
                0x00000766       0x2d d:/program files (x86)/cypress/psoc creator/4.1/psoc creator/import/gnu/arm/5.4.1/bin/../lib/gcc/arm-none-eabi/5.4.1/../../../../arm-none-eabi/lib/armv7-m\libg_nano.a(lib_a-nano-callocr.o)
 .ARM.attributes
                0x00000793       0x2d d:/program files (x86)/cypress/psoc creator/4.1/psoc creator/import/gnu/arm/5.4.1/bin/../lib/gcc/arm-none-eabi/5.4.1/../../../../arm-none-eabi/lib/armv7-m\libg_nano.a(lib_a-nano-freer.o)
 .ARM.attributes
                0x000007c0       0x2d d:/program files (x86)/cypress/psoc creator/4.1/psoc creator/import/gnu/arm/5.4.1/bin/../lib/gcc/arm-none-eabi/5.4.1/../../../../arm-none-eabi/lib/armv7-m\libg_nano.a(lib_a-nano-mallocr.o)
 .ARM.attributes
                0x000007ed       0x2d d:/program files (x86)/cypress/psoc creator/4.1/psoc creator/import/gnu/arm/5.4.1/bin/../lib/gcc/arm-none-eabi/5.4.1/../../../../arm-none-eabi/lib/armv7-m\libg_nano.a(lib_a-nano-svfprintf.o)
 .ARM.attributes
                0x0000081a       0x2d d:/program files (x86)/cypress/psoc creator/4.1/psoc creator/import/gnu/arm/5.4.1/bin/../lib/gcc/arm-none-eabi/5.4.1/../../../../arm-none-eabi/lib/armv7-m\libg_nano.a(lib_a-sbrkr.o)
 .ARM.attributes
                0x00000847       0x1b d:/program files (x86)/cypress/psoc creator/4.1/psoc creator/import/gnu/arm/5.4.1/bin/../lib/gcc/arm-none-eabi/5.4.1/../../../../arm-none-eabi/lib/armv7-m\libg_nano.a(lib_a-strcmp.o)
 .ARM.attributes
                0x00000862       0x2d d:/program files (x86)/cypress/psoc creator/4.1/psoc creator/import/gnu/arm/5.4.1/bin/../lib/gcc/arm-none-eabi/5.4.1/../../../../arm-none-eabi/lib/armv7-m\libg_nano.a(lib_a-memmove.o)
 .ARM.attributes
                0x0000088f       0x2d d:/program files (x86)/cypress/psoc creator/4.1/psoc creator/import/gnu/arm/5.4.1/bin/../lib/gcc/arm-none-eabi/5.4.1/../../../../arm-none-eabi/lib/armv7-m\libg_nano.a(lib_a-mlock.o)
 .ARM.attributes
                0x000008bc       0x2d d:/program files (x86)/cypress/psoc creator/4.1/psoc creator/import/gnu/arm/5.4.1/bin/../lib/gcc/arm-none-eabi/5.4.1/../../../../arm-none-eabi/lib/armv7-m\libg_nano.a(lib_a-nano-reallocr.o)
 .ARM.attributes
                0x000008e9       0x2d d:/program files (x86)/cypress/psoc creator/4.1/psoc creator/import/gnu/arm/5.4.1/bin/../lib/gcc/arm-none-eabi/5.4.1/../../../../arm-none-eabi/lib/armv7-m\libg_nano.a(lib_a-reent.o)
 .ARM.attributes
                0x00000916       0x2d d:/program files (x86)/cypress/psoc creator/4.1/psoc creator/import/gnu/arm/5.4.1/bin/../lib/gcc/arm-none-eabi/5.4.1/../../../../arm-none-eabi/lib/armv7-m\libg_nano.a(lib_a-nano-msizer.o)
 .ARM.attributes
                0x00000943       0x1d d:/program files (x86)/cypress/psoc creator/4.1/psoc creator/import/gnu/arm/5.4.1/bin/../lib/gcc/arm-none-eabi/5.4.1/armv7-m\libgcc.a(_arm_cmpdf2.o)
 .ARM.attributes
                0x00000960       0x1d d:/program files (x86)/cypress/psoc creator/4.1/psoc creator/import/gnu/arm/5.4.1/bin/../lib/gcc/arm-none-eabi/5.4.1/armv7-m\libgcc.a(_arm_unorddf2.o)
 .ARM.attributes
                0x0000097d       0x2d d:/program files (x86)/cypress/psoc creator/4.1/psoc creator/import/gnu/arm/5.4.1/bin/../lib/gcc/arm-none-eabi/5.4.1/armv7-m/crtend.o
 .ARM.attributes
                0x000009aa       0x1d d:/program files (x86)/cypress/psoc creator/4.1/psoc creator/import/gnu/arm/5.4.1/bin/../lib/gcc/arm-none-eabi/5.4.1/armv7-m/crtn.o

/DISCARD/
 *(.note.GNU-stack)
OUTPUT(F:\Google Drive\Aarhus Universitet\Trejde Semester\E3PRJ3\Dokumenter\AndreasAHN\Software\UltraLyd - Uden I2C\UltraLyd\UltraLyd.cydsn\CortexM3\ARM_GCC_541\Debug\UltraLyd.elf elf32-littlearm)
