Archive member included to satisfy reference by file (symbol)

E:\Dropbox\AarhusUNI\Andet 2017\HomeGarden\Home_Garden\Home_Garden\ArduinoCore\Debug\libArduinoCore.a(HardwareSerial.o)
                              Sketch.o (_ZN14HardwareSerial5beginEmh)
E:\Dropbox\AarhusUNI\Andet 2017\HomeGarden\Home_Garden\Home_Garden\ArduinoCore\Debug\libArduinoCore.a(HardwareSerial0.o)
                              Sketch.o (Serial)
E:\Dropbox\AarhusUNI\Andet 2017\HomeGarden\Home_Garden\Home_Garden\ArduinoCore\Debug\libArduinoCore.a(main.o)
                              F:/Program Files (x86)/Atmel/Studio/7.0/Packs/atmel/ATmega_DFP/1.1.130/gcc/dev/atmega2560/avr6/crtatmega2560.o (main)
E:\Dropbox\AarhusUNI\Andet 2017\HomeGarden\Home_Garden\Home_Garden\ArduinoCore\Debug\libArduinoCore.a(Print.o)
                              E:\Dropbox\AarhusUNI\Andet 2017\HomeGarden\Home_Garden\Home_Garden\ArduinoCore\Debug\libArduinoCore.a(HardwareSerial.o) (_ZN5Print5writeEPKhj)
E:\Dropbox\AarhusUNI\Andet 2017\HomeGarden\Home_Garden\Home_Garden\ArduinoCore\Debug\libArduinoCore.a(wiring.o)
                              Sketch.o (delay)
E:\Dropbox\AarhusUNI\Andet 2017\HomeGarden\Home_Garden\Home_Garden\ArduinoCore\Debug\libArduinoCore.a(wiring_digital.o)
                              Sketch.o (pinMode)
E:\Dropbox\AarhusUNI\Andet 2017\HomeGarden\Home_Garden\Home_Garden\ArduinoCore\Debug\libArduinoCore.a(abi.o)
                              E:\Dropbox\AarhusUNI\Andet 2017\HomeGarden\Home_Garden\Home_Garden\ArduinoCore\Debug\libArduinoCore.a(Print.o) (__cxa_pure_virtual)
E:\Dropbox\AarhusUNI\Andet 2017\HomeGarden\Home_Garden\Home_Garden\ArduinoCore\Debug\libArduinoCore.a(hooks.o)
                              E:\Dropbox\AarhusUNI\Andet 2017\HomeGarden\Home_Garden\Home_Garden\ArduinoCore\Debug\libArduinoCore.a(wiring.o) (yield)
f:/program files (x86)/atmel/studio/7.0/toolchain/avr8/avr8-gnu-toolchain/bin/../lib/gcc/avr/5.4.0/../../../../avr/lib/avr6\libm.a(addsf3.o)
                              E:\Dropbox\AarhusUNI\Andet 2017\HomeGarden\Home_Garden\Home_Garden\ArduinoCore\Debug\libArduinoCore.a(Print.o) (__subsf3)
f:/program files (x86)/atmel/studio/7.0/toolchain/avr8/avr8-gnu-toolchain/bin/../lib/gcc/avr/5.4.0/../../../../avr/lib/avr6\libm.a(addsf3x.o)
                              f:/program files (x86)/atmel/studio/7.0/toolchain/avr8/avr8-gnu-toolchain/bin/../lib/gcc/avr/5.4.0/../../../../avr/lib/avr6\libm.a(addsf3.o) (__addsf3x)
f:/program files (x86)/atmel/studio/7.0/toolchain/avr8/avr8-gnu-toolchain/bin/../lib/gcc/avr/5.4.0/../../../../avr/lib/avr6\libm.a(cmpsf2.o)
                              E:\Dropbox\AarhusUNI\Andet 2017\HomeGarden\Home_Garden\Home_Garden\ArduinoCore\Debug\libArduinoCore.a(Print.o) (__ltsf2)
f:/program files (x86)/atmel/studio/7.0/toolchain/avr8/avr8-gnu-toolchain/bin/../lib/gcc/avr/5.4.0/../../../../avr/lib/avr6\libm.a(divsf3.o)
                              E:\Dropbox\AarhusUNI\Andet 2017\HomeGarden\Home_Garden\Home_Garden\ArduinoCore\Debug\libArduinoCore.a(Print.o) (__divsf3)
f:/program files (x86)/atmel/studio/7.0/toolchain/avr8/avr8-gnu-toolchain/bin/../lib/gcc/avr/5.4.0/../../../../avr/lib/avr6\libm.a(divsf3x.o)
                              f:/program files (x86)/atmel/studio/7.0/toolchain/avr8/avr8-gnu-toolchain/bin/../lib/gcc/avr/5.4.0/../../../../avr/lib/avr6\libm.a(divsf3.o) (__divsf3x)
f:/program files (x86)/atmel/studio/7.0/toolchain/avr8/avr8-gnu-toolchain/bin/../lib/gcc/avr/5.4.0/../../../../avr/lib/avr6\libm.a(fixunssfsi.o)
                              E:\Dropbox\AarhusUNI\Andet 2017\HomeGarden\Home_Garden\Home_Garden\ArduinoCore\Debug\libArduinoCore.a(Print.o) (__fixunssfsi)
f:/program files (x86)/atmel/studio/7.0/toolchain/avr8/avr8-gnu-toolchain/bin/../lib/gcc/avr/5.4.0/../../../../avr/lib/avr6\libm.a(floatsisf.o)
                              E:\Dropbox\AarhusUNI\Andet 2017\HomeGarden\Home_Garden\Home_Garden\ArduinoCore\Debug\libArduinoCore.a(Print.o) (__floatunsisf)
f:/program files (x86)/atmel/studio/7.0/toolchain/avr8/avr8-gnu-toolchain/bin/../lib/gcc/avr/5.4.0/../../../../avr/lib/avr6\libm.a(fp_cmp.o)
                              f:/program files (x86)/atmel/studio/7.0/toolchain/avr8/avr8-gnu-toolchain/bin/../lib/gcc/avr/5.4.0/../../../../avr/lib/avr6\libm.a(cmpsf2.o) (__fp_cmp)
f:/program files (x86)/atmel/studio/7.0/toolchain/avr8/avr8-gnu-toolchain/bin/../lib/gcc/avr/5.4.0/../../../../avr/lib/avr6\libm.a(fp_inf.o)
                              f:/program files (x86)/atmel/studio/7.0/toolchain/avr8/avr8-gnu-toolchain/bin/../lib/gcc/avr/5.4.0/../../../../avr/lib/avr6\libm.a(addsf3x.o) (__fp_inf)
f:/program files (x86)/atmel/studio/7.0/toolchain/avr8/avr8-gnu-toolchain/bin/../lib/gcc/avr/5.4.0/../../../../avr/lib/avr6\libm.a(fp_nan.o)
                              f:/program files (x86)/atmel/studio/7.0/toolchain/avr8/avr8-gnu-toolchain/bin/../lib/gcc/avr/5.4.0/../../../../avr/lib/avr6\libm.a(addsf3x.o) (__fp_nan)
f:/program files (x86)/atmel/studio/7.0/toolchain/avr8/avr8-gnu-toolchain/bin/../lib/gcc/avr/5.4.0/../../../../avr/lib/avr6\libm.a(fp_pscA.o)
                              f:/program files (x86)/atmel/studio/7.0/toolchain/avr8/avr8-gnu-toolchain/bin/../lib/gcc/avr/5.4.0/../../../../avr/lib/avr6\libm.a(addsf3x.o) (__fp_pscA)
f:/program files (x86)/atmel/studio/7.0/toolchain/avr8/avr8-gnu-toolchain/bin/../lib/gcc/avr/5.4.0/../../../../avr/lib/avr6\libm.a(fp_pscB.o)
                              f:/program files (x86)/atmel/studio/7.0/toolchain/avr8/avr8-gnu-toolchain/bin/../lib/gcc/avr/5.4.0/../../../../avr/lib/avr6\libm.a(addsf3x.o) (__fp_pscB)
f:/program files (x86)/atmel/studio/7.0/toolchain/avr8/avr8-gnu-toolchain/bin/../lib/gcc/avr/5.4.0/../../../../avr/lib/avr6\libm.a(fp_round.o)
                              f:/program files (x86)/atmel/studio/7.0/toolchain/avr8/avr8-gnu-toolchain/bin/../lib/gcc/avr/5.4.0/../../../../avr/lib/avr6\libm.a(addsf3.o) (__fp_round)
f:/program files (x86)/atmel/studio/7.0/toolchain/avr8/avr8-gnu-toolchain/bin/../lib/gcc/avr/5.4.0/../../../../avr/lib/avr6\libm.a(fp_split3.o)
                              f:/program files (x86)/atmel/studio/7.0/toolchain/avr8/avr8-gnu-toolchain/bin/../lib/gcc/avr/5.4.0/../../../../avr/lib/avr6\libm.a(addsf3x.o) (__fp_split3)
f:/program files (x86)/atmel/studio/7.0/toolchain/avr8/avr8-gnu-toolchain/bin/../lib/gcc/avr/5.4.0/../../../../avr/lib/avr6\libm.a(fp_zero.o)
                              f:/program files (x86)/atmel/studio/7.0/toolchain/avr8/avr8-gnu-toolchain/bin/../lib/gcc/avr/5.4.0/../../../../avr/lib/avr6\libm.a(addsf3x.o) (__fp_zero)
f:/program files (x86)/atmel/studio/7.0/toolchain/avr8/avr8-gnu-toolchain/bin/../lib/gcc/avr/5.4.0/../../../../avr/lib/avr6\libm.a(gesf2.o)
                              E:\Dropbox\AarhusUNI\Andet 2017\HomeGarden\Home_Garden\Home_Garden\ArduinoCore\Debug\libArduinoCore.a(Print.o) (__gtsf2)
f:/program files (x86)/atmel/studio/7.0/toolchain/avr8/avr8-gnu-toolchain/bin/../lib/gcc/avr/5.4.0/../../../../avr/lib/avr6\libm.a(mulsf3.o)
                              E:\Dropbox\AarhusUNI\Andet 2017\HomeGarden\Home_Garden\Home_Garden\ArduinoCore\Debug\libArduinoCore.a(Print.o) (__mulsf3)
f:/program files (x86)/atmel/studio/7.0/toolchain/avr8/avr8-gnu-toolchain/bin/../lib/gcc/avr/5.4.0/../../../../avr/lib/avr6\libm.a(mulsf3x.o)
                              f:/program files (x86)/atmel/studio/7.0/toolchain/avr8/avr8-gnu-toolchain/bin/../lib/gcc/avr/5.4.0/../../../../avr/lib/avr6\libm.a(mulsf3.o) (__mulsf3x)
f:/program files (x86)/atmel/studio/7.0/toolchain/avr8/avr8-gnu-toolchain/bin/../lib/gcc/avr/5.4.0/../../../../avr/lib/avr6\libm.a(unordsf2.o)
                              E:\Dropbox\AarhusUNI\Andet 2017\HomeGarden\Home_Garden\Home_Garden\ArduinoCore\Debug\libArduinoCore.a(Print.o) (__unordsf2)
f:/program files (x86)/atmel/studio/7.0/toolchain/avr8/avr8-gnu-toolchain/bin/../lib/gcc/avr/5.4.0/avr6\libgcc.a(_udivmodsi4.o)
                              E:\Dropbox\AarhusUNI\Andet 2017\HomeGarden\Home_Garden\Home_Garden\ArduinoCore\Debug\libArduinoCore.a(HardwareSerial.o) (__udivmodsi4)
f:/program files (x86)/atmel/studio/7.0/toolchain/avr8/avr8-gnu-toolchain/bin/../lib/gcc/avr/5.4.0/avr6\libgcc.a(_exit.o)
                              F:/Program Files (x86)/Atmel/Studio/7.0/Packs/atmel/ATmega_DFP/1.1.130/gcc/dev/atmega2560/avr6/crtatmega2560.o (exit)
f:/program files (x86)/atmel/studio/7.0/toolchain/avr8/avr8-gnu-toolchain/bin/../lib/gcc/avr/5.4.0/avr6\libgcc.a(_tablejump2.o)
                              E:\Dropbox\AarhusUNI\Andet 2017\HomeGarden\Home_Garden\Home_Garden\ArduinoCore\Debug\libArduinoCore.a(wiring_digital.o) (__tablejump2__)
f:/program files (x86)/atmel/studio/7.0/toolchain/avr8/avr8-gnu-toolchain/bin/../lib/gcc/avr/5.4.0/avr6\libgcc.a(_copy_data.o)
                              Sketch.o (__do_copy_data)
f:/program files (x86)/atmel/studio/7.0/toolchain/avr8/avr8-gnu-toolchain/bin/../lib/gcc/avr/5.4.0/avr6\libgcc.a(_clear_bss.o)
                              Sketch.o (__do_clear_bss)
f:/program files (x86)/atmel/studio/7.0/toolchain/avr8/avr8-gnu-toolchain/bin/../lib/gcc/avr/5.4.0/avr6\libgcc.a(_ctors.o)
                              E:\Dropbox\AarhusUNI\Andet 2017\HomeGarden\Home_Garden\Home_Garden\ArduinoCore\Debug\libArduinoCore.a(HardwareSerial0.o) (__do_global_ctors)
f:/program files (x86)/atmel/studio/7.0/toolchain/avr8/avr8-gnu-toolchain/bin/../lib/gcc/avr/5.4.0/../../../../avr/lib/avr6\libc.a(abort.o)
                              E:\Dropbox\AarhusUNI\Andet 2017\HomeGarden\Home_Garden\Home_Garden\ArduinoCore\Debug\libArduinoCore.a(abi.o) (abort)

Discarded input sections

 .data          0x00000000        0x0 F:/Program Files (x86)/Atmel/Studio/7.0/Packs/atmel/ATmega_DFP/1.1.130/gcc/dev/atmega2560/avr6/crtatmega2560.o
 .bss           0x00000000        0x0 F:/Program Files (x86)/Atmel/Studio/7.0/Packs/atmel/ATmega_DFP/1.1.130/gcc/dev/atmega2560/avr6/crtatmega2560.o
 .text          0x00000000        0x0 Sketch.o
 .data          0x00000000        0x0 Sketch.o
 .bss           0x00000000        0x0 Sketch.o
 .data.SoilSensor6
                0x00000000        0x2 Sketch.o
 .data.SoilSensor5
                0x00000000        0x2 Sketch.o
 .data.SoilSensor4
                0x00000000        0x2 Sketch.o
 .data.SoilSensor3
                0x00000000        0x2 Sketch.o
 .data.SoilSensor2
                0x00000000        0x2 Sketch.o
 .bss.SoilSensor1
                0x00000000        0x2 Sketch.o
 .group         0x00000000        0x8 E:\Dropbox\AarhusUNI\Andet 2017\HomeGarden\Home_Garden\Home_Garden\ArduinoCore\Debug\libArduinoCore.a(HardwareSerial.o)
 .text          0x00000000        0x0 E:\Dropbox\AarhusUNI\Andet 2017\HomeGarden\Home_Garden\Home_Garden\ArduinoCore\Debug\libArduinoCore.a(HardwareSerial.o)
 .data          0x00000000        0x0 E:\Dropbox\AarhusUNI\Andet 2017\HomeGarden\Home_Garden\Home_Garden\ArduinoCore\Debug\libArduinoCore.a(HardwareSerial.o)
 .bss           0x00000000        0x0 E:\Dropbox\AarhusUNI\Andet 2017\HomeGarden\Home_Garden\Home_Garden\ArduinoCore\Debug\libArduinoCore.a(HardwareSerial.o)
 .text._ZN14HardwareSerial3endEv
                0x00000000       0x44 E:\Dropbox\AarhusUNI\Andet 2017\HomeGarden\Home_Garden\Home_Garden\ArduinoCore\Debug\libArduinoCore.a(HardwareSerial.o)
 .text._ZN14HardwareSerial17availableForWriteEv
                0x00000000       0x1e E:\Dropbox\AarhusUNI\Andet 2017\HomeGarden\Home_Garden\Home_Garden\ArduinoCore\Debug\libArduinoCore.a(HardwareSerial.o)
 .text          0x00000000        0x0 E:\Dropbox\AarhusUNI\Andet 2017\HomeGarden\Home_Garden\Home_Garden\ArduinoCore\Debug\libArduinoCore.a(HardwareSerial0.o)
 .data          0x00000000        0x0 E:\Dropbox\AarhusUNI\Andet 2017\HomeGarden\Home_Garden\Home_Garden\ArduinoCore\Debug\libArduinoCore.a(HardwareSerial0.o)
 .bss           0x00000000        0x0 E:\Dropbox\AarhusUNI\Andet 2017\HomeGarden\Home_Garden\Home_Garden\ArduinoCore\Debug\libArduinoCore.a(HardwareSerial0.o)
 .text          0x00000000        0x0 E:\Dropbox\AarhusUNI\Andet 2017\HomeGarden\Home_Garden\Home_Garden\ArduinoCore\Debug\libArduinoCore.a(main.o)
 .data          0x00000000        0x0 E:\Dropbox\AarhusUNI\Andet 2017\HomeGarden\Home_Garden\Home_Garden\ArduinoCore\Debug\libArduinoCore.a(main.o)
 .bss           0x00000000        0x0 E:\Dropbox\AarhusUNI\Andet 2017\HomeGarden\Home_Garden\Home_Garden\ArduinoCore\Debug\libArduinoCore.a(main.o)
 .text.atexit   0x00000000        0x6 E:\Dropbox\AarhusUNI\Andet 2017\HomeGarden\Home_Garden\Home_Garden\ArduinoCore\Debug\libArduinoCore.a(main.o)
 .text._Z8setupUSBv
                0x00000000        0x2 E:\Dropbox\AarhusUNI\Andet 2017\HomeGarden\Home_Garden\Home_Garden\ArduinoCore\Debug\libArduinoCore.a(main.o)
 .group         0x00000000        0x8 E:\Dropbox\AarhusUNI\Andet 2017\HomeGarden\Home_Garden\Home_Garden\ArduinoCore\Debug\libArduinoCore.a(Print.o)
 .group         0x00000000        0x8 E:\Dropbox\AarhusUNI\Andet 2017\HomeGarden\Home_Garden\Home_Garden\ArduinoCore\Debug\libArduinoCore.a(Print.o)
 .text          0x00000000        0x0 E:\Dropbox\AarhusUNI\Andet 2017\HomeGarden\Home_Garden\Home_Garden\ArduinoCore\Debug\libArduinoCore.a(Print.o)
 .data          0x00000000        0x0 E:\Dropbox\AarhusUNI\Andet 2017\HomeGarden\Home_Garden\Home_Garden\ArduinoCore\Debug\libArduinoCore.a(Print.o)
 .bss           0x00000000        0x0 E:\Dropbox\AarhusUNI\Andet 2017\HomeGarden\Home_Garden\Home_Garden\ArduinoCore\Debug\libArduinoCore.a(Print.o)
 .text._ZN5Print5writeEPKc
                0x00000000       0x2a E:\Dropbox\AarhusUNI\Andet 2017\HomeGarden\Home_Garden\Home_Garden\ArduinoCore\Debug\libArduinoCore.a(Print.o)
 .text._ZN5Print5printEPK19__FlashStringHelper
                0x00000000       0x48 E:\Dropbox\AarhusUNI\Andet 2017\HomeGarden\Home_Garden\Home_Garden\ArduinoCore\Debug\libArduinoCore.a(Print.o)
 .text._ZN5Print5printERK6String
                0x00000000       0x1c E:\Dropbox\AarhusUNI\Andet 2017\HomeGarden\Home_Garden\Home_Garden\ArduinoCore\Debug\libArduinoCore.a(Print.o)
 .text._ZN5Print5printEPKc
                0x00000000        0x4 E:\Dropbox\AarhusUNI\Andet 2017\HomeGarden\Home_Garden\Home_Garden\ArduinoCore\Debug\libArduinoCore.a(Print.o)
 .text._ZN5Print5printEc
                0x00000000        0xe E:\Dropbox\AarhusUNI\Andet 2017\HomeGarden\Home_Garden\Home_Garden\ArduinoCore\Debug\libArduinoCore.a(Print.o)
 .text._ZN5Print5printERK9Printable
                0x00000000       0x14 E:\Dropbox\AarhusUNI\Andet 2017\HomeGarden\Home_Garden\Home_Garden\ArduinoCore\Debug\libArduinoCore.a(Print.o)
 .rodata.str1.1
                0x00000000       0x11 E:\Dropbox\AarhusUNI\Andet 2017\HomeGarden\Home_Garden\Home_Garden\ArduinoCore\Debug\libArduinoCore.a(Print.o)
 .text._ZN5Print7printlnEv
                0x00000000        0x8 E:\Dropbox\AarhusUNI\Andet 2017\HomeGarden\Home_Garden\Home_Garden\ArduinoCore\Debug\libArduinoCore.a(Print.o)
 .text._ZN5Print7printlnEPK19__FlashStringHelper
                0x00000000       0x24 E:\Dropbox\AarhusUNI\Andet 2017\HomeGarden\Home_Garden\Home_Garden\ArduinoCore\Debug\libArduinoCore.a(Print.o)
 .text._ZN5Print7printlnERK6String
                0x00000000       0x24 E:\Dropbox\AarhusUNI\Andet 2017\HomeGarden\Home_Garden\Home_Garden\ArduinoCore\Debug\libArduinoCore.a(Print.o)
 .text._ZN5Print7printlnEPKc
                0x00000000       0x24 E:\Dropbox\AarhusUNI\Andet 2017\HomeGarden\Home_Garden\Home_Garden\ArduinoCore\Debug\libArduinoCore.a(Print.o)
 .text._ZN5Print7printlnEc
                0x00000000       0x24 E:\Dropbox\AarhusUNI\Andet 2017\HomeGarden\Home_Garden\Home_Garden\ArduinoCore\Debug\libArduinoCore.a(Print.o)
 .text._ZN5Print7printlnERK9Printable
                0x00000000       0x24 E:\Dropbox\AarhusUNI\Andet 2017\HomeGarden\Home_Garden\Home_Garden\ArduinoCore\Debug\libArduinoCore.a(Print.o)
 .text._ZN5Print11printNumberEmh
                0x00000000       0x92 E:\Dropbox\AarhusUNI\Andet 2017\HomeGarden\Home_Garden\Home_Garden\ArduinoCore\Debug\libArduinoCore.a(Print.o)
 .text._ZN5Print5printEmi
                0x00000000       0x1a E:\Dropbox\AarhusUNI\Andet 2017\HomeGarden\Home_Garden\Home_Garden\ArduinoCore\Debug\libArduinoCore.a(Print.o)
 .text._ZN5Print5printEhi
                0x00000000        0xe E:\Dropbox\AarhusUNI\Andet 2017\HomeGarden\Home_Garden\Home_Garden\ArduinoCore\Debug\libArduinoCore.a(Print.o)
 .text._ZN5Print7printlnEhi
                0x00000000       0x24 E:\Dropbox\AarhusUNI\Andet 2017\HomeGarden\Home_Garden\Home_Garden\ArduinoCore\Debug\libArduinoCore.a(Print.o)
 .text._ZN5Print5printEji
                0x00000000        0xc E:\Dropbox\AarhusUNI\Andet 2017\HomeGarden\Home_Garden\Home_Garden\ArduinoCore\Debug\libArduinoCore.a(Print.o)
 .text._ZN5Print7printlnEji
                0x00000000       0x24 E:\Dropbox\AarhusUNI\Andet 2017\HomeGarden\Home_Garden\Home_Garden\ArduinoCore\Debug\libArduinoCore.a(Print.o)
 .text._ZN5Print7printlnEmi
                0x00000000       0x24 E:\Dropbox\AarhusUNI\Andet 2017\HomeGarden\Home_Garden\Home_Garden\ArduinoCore\Debug\libArduinoCore.a(Print.o)
 .text._ZN5Print5printEli
                0x00000000       0x90 E:\Dropbox\AarhusUNI\Andet 2017\HomeGarden\Home_Garden\Home_Garden\ArduinoCore\Debug\libArduinoCore.a(Print.o)
 .text._ZN5Print5printEii
                0x00000000        0xe E:\Dropbox\AarhusUNI\Andet 2017\HomeGarden\Home_Garden\Home_Garden\ArduinoCore\Debug\libArduinoCore.a(Print.o)
 .text._ZN5Print7printlnEii
                0x00000000       0x24 E:\Dropbox\AarhusUNI\Andet 2017\HomeGarden\Home_Garden\Home_Garden\ArduinoCore\Debug\libArduinoCore.a(Print.o)
 .text._ZN5Print7printlnEli
                0x00000000       0x24 E:\Dropbox\AarhusUNI\Andet 2017\HomeGarden\Home_Garden\Home_Garden\ArduinoCore\Debug\libArduinoCore.a(Print.o)
 .text._ZN5Print10printFloatEdh
                0x00000000      0x1b8 E:\Dropbox\AarhusUNI\Andet 2017\HomeGarden\Home_Garden\Home_Garden\ArduinoCore\Debug\libArduinoCore.a(Print.o)
 .text._ZN5Print5printEdi
                0x00000000        0x4 E:\Dropbox\AarhusUNI\Andet 2017\HomeGarden\Home_Garden\Home_Garden\ArduinoCore\Debug\libArduinoCore.a(Print.o)
 .text._ZN5Print7printlnEdi
                0x00000000       0x24 E:\Dropbox\AarhusUNI\Andet 2017\HomeGarden\Home_Garden\Home_Garden\ArduinoCore\Debug\libArduinoCore.a(Print.o)
 .rodata._ZTV5Print
                0x00000000        0x8 E:\Dropbox\AarhusUNI\Andet 2017\HomeGarden\Home_Garden\Home_Garden\ArduinoCore\Debug\libArduinoCore.a(Print.o)
 .text          0x00000000        0x0 E:\Dropbox\AarhusUNI\Andet 2017\HomeGarden\Home_Garden\Home_Garden\ArduinoCore\Debug\libArduinoCore.a(wiring.o)
 .data          0x00000000        0x0 E:\Dropbox\AarhusUNI\Andet 2017\HomeGarden\Home_Garden\Home_Garden\ArduinoCore\Debug\libArduinoCore.a(wiring.o)
 .bss           0x00000000        0x0 E:\Dropbox\AarhusUNI\Andet 2017\HomeGarden\Home_Garden\Home_Garden\ArduinoCore\Debug\libArduinoCore.a(wiring.o)
 .text.millis   0x00000000       0x18 E:\Dropbox\AarhusUNI\Andet 2017\HomeGarden\Home_Garden\Home_Garden\ArduinoCore\Debug\libArduinoCore.a(wiring.o)
 .text.delayMicroseconds
                0x00000000       0x16 E:\Dropbox\AarhusUNI\Andet 2017\HomeGarden\Home_Garden\Home_Garden\ArduinoCore\Debug\libArduinoCore.a(wiring.o)
 .text          0x00000000        0x0 E:\Dropbox\AarhusUNI\Andet 2017\HomeGarden\Home_Garden\Home_Garden\ArduinoCore\Debug\libArduinoCore.a(wiring_digital.o)
 .data          0x00000000        0x0 E:\Dropbox\AarhusUNI\Andet 2017\HomeGarden\Home_Garden\Home_Garden\ArduinoCore\Debug\libArduinoCore.a(wiring_digital.o)
 .bss           0x00000000        0x0 E:\Dropbox\AarhusUNI\Andet 2017\HomeGarden\Home_Garden\Home_Garden\ArduinoCore\Debug\libArduinoCore.a(wiring_digital.o)
 .text.digitalRead
                0x00000000       0x52 E:\Dropbox\AarhusUNI\Andet 2017\HomeGarden\Home_Garden\Home_Garden\ArduinoCore\Debug\libArduinoCore.a(wiring_digital.o)
 .progmem.data.port_to_input_PGM
                0x00000000       0x1a E:\Dropbox\AarhusUNI\Andet 2017\HomeGarden\Home_Garden\Home_Garden\ArduinoCore\Debug\libArduinoCore.a(wiring_digital.o)
 .text          0x00000000        0x0 E:\Dropbox\AarhusUNI\Andet 2017\HomeGarden\Home_Garden\Home_Garden\ArduinoCore\Debug\libArduinoCore.a(abi.o)
 .data          0x00000000        0x0 E:\Dropbox\AarhusUNI\Andet 2017\HomeGarden\Home_Garden\Home_Garden\ArduinoCore\Debug\libArduinoCore.a(abi.o)
 .bss           0x00000000        0x0 E:\Dropbox\AarhusUNI\Andet 2017\HomeGarden\Home_Garden\Home_Garden\ArduinoCore\Debug\libArduinoCore.a(abi.o)
 .text.__cxa_pure_virtual
                0x00000000        0x4 E:\Dropbox\AarhusUNI\Andet 2017\HomeGarden\Home_Garden\Home_Garden\ArduinoCore\Debug\libArduinoCore.a(abi.o)
 .text.__cxa_deleted_virtual
                0x00000000        0x4 E:\Dropbox\AarhusUNI\Andet 2017\HomeGarden\Home_Garden\Home_Garden\ArduinoCore\Debug\libArduinoCore.a(abi.o)
 .debug_info    0x00000000       0x76 E:\Dropbox\AarhusUNI\Andet 2017\HomeGarden\Home_Garden\Home_Garden\ArduinoCore\Debug\libArduinoCore.a(abi.o)
 .debug_abbrev  0x00000000       0x6d E:\Dropbox\AarhusUNI\Andet 2017\HomeGarden\Home_Garden\Home_Garden\ArduinoCore\Debug\libArduinoCore.a(abi.o)
 .debug_aranges
                0x00000000       0x20 E:\Dropbox\AarhusUNI\Andet 2017\HomeGarden\Home_Garden\Home_Garden\ArduinoCore\Debug\libArduinoCore.a(abi.o)
 .debug_ranges  0x00000000       0x10 E:\Dropbox\AarhusUNI\Andet 2017\HomeGarden\Home_Garden\Home_Garden\ArduinoCore\Debug\libArduinoCore.a(abi.o)
 .debug_line    0x00000000       0xa9 E:\Dropbox\AarhusUNI\Andet 2017\HomeGarden\Home_Garden\Home_Garden\ArduinoCore\Debug\libArduinoCore.a(abi.o)
 .debug_str     0x00000000      0x1a6 E:\Dropbox\AarhusUNI\Andet 2017\HomeGarden\Home_Garden\Home_Garden\ArduinoCore\Debug\libArduinoCore.a(abi.o)
 .comment       0x00000000       0x31 E:\Dropbox\AarhusUNI\Andet 2017\HomeGarden\Home_Garden\Home_Garden\ArduinoCore\Debug\libArduinoCore.a(abi.o)
 .debug_frame   0x00000000       0x34 E:\Dropbox\AarhusUNI\Andet 2017\HomeGarden\Home_Garden\Home_Garden\ArduinoCore\Debug\libArduinoCore.a(abi.o)
 .text          0x00000000        0x0 E:\Dropbox\AarhusUNI\Andet 2017\HomeGarden\Home_Garden\Home_Garden\ArduinoCore\Debug\libArduinoCore.a(hooks.o)
 .data          0x00000000        0x0 E:\Dropbox\AarhusUNI\Andet 2017\HomeGarden\Home_Garden\Home_Garden\ArduinoCore\Debug\libArduinoCore.a(hooks.o)
 .bss           0x00000000        0x0 E:\Dropbox\AarhusUNI\Andet 2017\HomeGarden\Home_Garden\Home_Garden\ArduinoCore\Debug\libArduinoCore.a(hooks.o)
 .text          0x00000000        0x0 f:/program files (x86)/atmel/studio/7.0/toolchain/avr8/avr8-gnu-toolchain/bin/../lib/gcc/avr/5.4.0/../../../../avr/lib/avr6\libm.a(addsf3.o)
 .data          0x00000000        0x0 f:/program files (x86)/atmel/studio/7.0/toolchain/avr8/avr8-gnu-toolchain/bin/../lib/gcc/avr/5.4.0/../../../../avr/lib/avr6\libm.a(addsf3.o)
 .bss           0x00000000        0x0 f:/program files (x86)/atmel/studio/7.0/toolchain/avr8/avr8-gnu-toolchain/bin/../lib/gcc/avr/5.4.0/../../../../avr/lib/avr6\libm.a(addsf3.o)
 .text.avr-libc.fplib
                0x00000000        0xe f:/program files (x86)/atmel/studio/7.0/toolchain/avr8/avr8-gnu-toolchain/bin/../lib/gcc/avr/5.4.0/../../../../avr/lib/avr6\libm.a(addsf3.o)
 .text          0x00000000        0x0 f:/program files (x86)/atmel/studio/7.0/toolchain/avr8/avr8-gnu-toolchain/bin/../lib/gcc/avr/5.4.0/../../../../avr/lib/avr6\libm.a(addsf3x.o)
 .data          0x00000000        0x0 f:/program files (x86)/atmel/studio/7.0/toolchain/avr8/avr8-gnu-toolchain/bin/../lib/gcc/avr/5.4.0/../../../../avr/lib/avr6\libm.a(addsf3x.o)
 .bss           0x00000000        0x0 f:/program files (x86)/atmel/studio/7.0/toolchain/avr8/avr8-gnu-toolchain/bin/../lib/gcc/avr/5.4.0/../../../../avr/lib/avr6\libm.a(addsf3x.o)
 .text.avr-libc.fplib
                0x00000000       0xcc f:/program files (x86)/atmel/studio/7.0/toolchain/avr8/avr8-gnu-toolchain/bin/../lib/gcc/avr/5.4.0/../../../../avr/lib/avr6\libm.a(addsf3x.o)
 .text          0x00000000        0x0 f:/program files (x86)/atmel/studio/7.0/toolchain/avr8/avr8-gnu-toolchain/bin/../lib/gcc/avr/5.4.0/../../../../avr/lib/avr6\libm.a(cmpsf2.o)
 .data          0x00000000        0x0 f:/program files (x86)/atmel/studio/7.0/toolchain/avr8/avr8-gnu-toolchain/bin/../lib/gcc/avr/5.4.0/../../../../avr/lib/avr6\libm.a(cmpsf2.o)
 .bss           0x00000000        0x0 f:/program files (x86)/atmel/studio/7.0/toolchain/avr8/avr8-gnu-toolchain/bin/../lib/gcc/avr/5.4.0/../../../../avr/lib/avr6\libm.a(cmpsf2.o)
 .text.avr-libc.fplib
                0x00000000        0xa f:/program files (x86)/atmel/studio/7.0/toolchain/avr8/avr8-gnu-toolchain/bin/../lib/gcc/avr/5.4.0/../../../../avr/lib/avr6\libm.a(cmpsf2.o)
 .text          0x00000000        0x0 f:/program files (x86)/atmel/studio/7.0/toolchain/avr8/avr8-gnu-toolchain/bin/../lib/gcc/avr/5.4.0/../../../../avr/lib/avr6\libm.a(divsf3.o)
 .data          0x00000000        0x0 f:/program files (x86)/atmel/studio/7.0/toolchain/avr8/avr8-gnu-toolchain/bin/../lib/gcc/avr/5.4.0/../../../../avr/lib/avr6\libm.a(divsf3.o)
 .bss           0x00000000        0x0 f:/program files (x86)/atmel/studio/7.0/toolchain/avr8/avr8-gnu-toolchain/bin/../lib/gcc/avr/5.4.0/../../../../avr/lib/avr6\libm.a(divsf3.o)
 .text.avr-libc.fplib
                0x00000000        0x8 f:/program files (x86)/atmel/studio/7.0/toolchain/avr8/avr8-gnu-toolchain/bin/../lib/gcc/avr/5.4.0/../../../../avr/lib/avr6\libm.a(divsf3.o)
 .text          0x00000000        0x0 f:/program files (x86)/atmel/studio/7.0/toolchain/avr8/avr8-gnu-toolchain/bin/../lib/gcc/avr/5.4.0/../../../../avr/lib/avr6\libm.a(divsf3x.o)
 .data          0x00000000        0x0 f:/program files (x86)/atmel/studio/7.0/toolchain/avr8/avr8-gnu-toolchain/bin/../lib/gcc/avr/5.4.0/../../../../avr/lib/avr6\libm.a(divsf3x.o)
 .bss           0x00000000        0x0 f:/program files (x86)/atmel/studio/7.0/toolchain/avr8/avr8-gnu-toolchain/bin/../lib/gcc/avr/5.4.0/../../../../avr/lib/avr6\libm.a(divsf3x.o)
 .text.avr-libc.fplib
                0x00000000       0xdc f:/program files (x86)/atmel/studio/7.0/toolchain/avr8/avr8-gnu-toolchain/bin/../lib/gcc/avr/5.4.0/../../../../avr/lib/avr6\libm.a(divsf3x.o)
 .text          0x00000000        0x0 f:/program files (x86)/atmel/studio/7.0/toolchain/avr8/avr8-gnu-toolchain/bin/../lib/gcc/avr/5.4.0/../../../../avr/lib/avr6\libm.a(fixunssfsi.o)
 .data          0x00000000        0x0 f:/program files (x86)/atmel/studio/7.0/toolchain/avr8/avr8-gnu-toolchain/bin/../lib/gcc/avr/5.4.0/../../../../avr/lib/avr6\libm.a(fixunssfsi.o)
 .bss           0x00000000        0x0 f:/program files (x86)/atmel/studio/7.0/toolchain/avr8/avr8-gnu-toolchain/bin/../lib/gcc/avr/5.4.0/../../../../avr/lib/avr6\libm.a(fixunssfsi.o)
 .text.avr-libc.fplib
                0x00000000       0x5e f:/program files (x86)/atmel/studio/7.0/toolchain/avr8/avr8-gnu-toolchain/bin/../lib/gcc/avr/5.4.0/../../../../avr/lib/avr6\libm.a(fixunssfsi.o)
 .text          0x00000000        0x0 f:/program files (x86)/atmel/studio/7.0/toolchain/avr8/avr8-gnu-toolchain/bin/../lib/gcc/avr/5.4.0/../../../../avr/lib/avr6\libm.a(floatsisf.o)
 .data          0x00000000        0x0 f:/program files (x86)/atmel/studio/7.0/toolchain/avr8/avr8-gnu-toolchain/bin/../lib/gcc/avr/5.4.0/../../../../avr/lib/avr6\libm.a(floatsisf.o)
 .bss           0x00000000        0x0 f:/program files (x86)/atmel/studio/7.0/toolchain/avr8/avr8-gnu-toolchain/bin/../lib/gcc/avr/5.4.0/../../../../avr/lib/avr6\libm.a(floatsisf.o)
 .text.avr-libc.fplib
                0x00000000       0x7a f:/program files (x86)/atmel/studio/7.0/toolchain/avr8/avr8-gnu-toolchain/bin/../lib/gcc/avr/5.4.0/../../../../avr/lib/avr6\libm.a(floatsisf.o)
 .text          0x00000000        0x0 f:/program files (x86)/atmel/studio/7.0/toolchain/avr8/avr8-gnu-toolchain/bin/../lib/gcc/avr/5.4.0/../../../../avr/lib/avr6\libm.a(fp_cmp.o)
 .data          0x00000000        0x0 f:/program files (x86)/atmel/studio/7.0/toolchain/avr8/avr8-gnu-toolchain/bin/../lib/gcc/avr/5.4.0/../../../../avr/lib/avr6\libm.a(fp_cmp.o)
 .bss           0x00000000        0x0 f:/program files (x86)/atmel/studio/7.0/toolchain/avr8/avr8-gnu-toolchain/bin/../lib/gcc/avr/5.4.0/../../../../avr/lib/avr6\libm.a(fp_cmp.o)
 .text.avr-libc.fplib
                0x00000000       0x48 f:/program files (x86)/atmel/studio/7.0/toolchain/avr8/avr8-gnu-toolchain/bin/../lib/gcc/avr/5.4.0/../../../../avr/lib/avr6\libm.a(fp_cmp.o)
 .text          0x00000000        0x0 f:/program files (x86)/atmel/studio/7.0/toolchain/avr8/avr8-gnu-toolchain/bin/../lib/gcc/avr/5.4.0/../../../../avr/lib/avr6\libm.a(fp_inf.o)
 .data          0x00000000        0x0 f:/program files (x86)/atmel/studio/7.0/toolchain/avr8/avr8-gnu-toolchain/bin/../lib/gcc/avr/5.4.0/../../../../avr/lib/avr6\libm.a(fp_inf.o)
 .bss           0x00000000        0x0 f:/program files (x86)/atmel/studio/7.0/toolchain/avr8/avr8-gnu-toolchain/bin/../lib/gcc/avr/5.4.0/../../../../avr/lib/avr6\libm.a(fp_inf.o)
 .text.avr-libc.fplib
                0x00000000        0xc f:/program files (x86)/atmel/studio/7.0/toolchain/avr8/avr8-gnu-toolchain/bin/../lib/gcc/avr/5.4.0/../../../../avr/lib/avr6\libm.a(fp_inf.o)
 .text          0x00000000        0x0 f:/program files (x86)/atmel/studio/7.0/toolchain/avr8/avr8-gnu-toolchain/bin/../lib/gcc/avr/5.4.0/../../../../avr/lib/avr6\libm.a(fp_nan.o)
 .data          0x00000000        0x0 f:/program files (x86)/atmel/studio/7.0/toolchain/avr8/avr8-gnu-toolchain/bin/../lib/gcc/avr/5.4.0/../../../../avr/lib/avr6\libm.a(fp_nan.o)
 .bss           0x00000000        0x0 f:/program files (x86)/atmel/studio/7.0/toolchain/avr8/avr8-gnu-toolchain/bin/../lib/gcc/avr/5.4.0/../../../../avr/lib/avr6\libm.a(fp_nan.o)
 .text.avr-libc.fplib
                0x00000000        0x6 f:/program files (x86)/atmel/studio/7.0/toolchain/avr8/avr8-gnu-toolchain/bin/../lib/gcc/avr/5.4.0/../../../../avr/lib/avr6\libm.a(fp_nan.o)
 .text          0x00000000        0x0 f:/program files (x86)/atmel/studio/7.0/toolchain/avr8/avr8-gnu-toolchain/bin/../lib/gcc/avr/5.4.0/../../../../avr/lib/avr6\libm.a(fp_pscA.o)
 .data          0x00000000        0x0 f:/program files (x86)/atmel/studio/7.0/toolchain/avr8/avr8-gnu-toolchain/bin/../lib/gcc/avr/5.4.0/../../../../avr/lib/avr6\libm.a(fp_pscA.o)
 .bss           0x00000000        0x0 f:/program files (x86)/atmel/studio/7.0/toolchain/avr8/avr8-gnu-toolchain/bin/../lib/gcc/avr/5.4.0/../../../../avr/lib/avr6\libm.a(fp_pscA.o)
 .text.avr-libc.fplib
                0x00000000        0xe f:/program files (x86)/atmel/studio/7.0/toolchain/avr8/avr8-gnu-toolchain/bin/../lib/gcc/avr/5.4.0/../../../../avr/lib/avr6\libm.a(fp_pscA.o)
 .text          0x00000000        0x0 f:/program files (x86)/atmel/studio/7.0/toolchain/avr8/avr8-gnu-toolchain/bin/../lib/gcc/avr/5.4.0/../../../../avr/lib/avr6\libm.a(fp_pscB.o)
 .data          0x00000000        0x0 f:/program files (x86)/atmel/studio/7.0/toolchain/avr8/avr8-gnu-toolchain/bin/../lib/gcc/avr/5.4.0/../../../../avr/lib/avr6\libm.a(fp_pscB.o)
 .bss           0x00000000        0x0 f:/program files (x86)/atmel/studio/7.0/toolchain/avr8/avr8-gnu-toolchain/bin/../lib/gcc/avr/5.4.0/../../../../avr/lib/avr6\libm.a(fp_pscB.o)
 .text.avr-libc.fplib
                0x00000000        0xe f:/program files (x86)/atmel/studio/7.0/toolchain/avr8/avr8-gnu-toolchain/bin/../lib/gcc/avr/5.4.0/../../../../avr/lib/avr6\libm.a(fp_pscB.o)
 .text          0x00000000        0x0 f:/program files (x86)/atmel/studio/7.0/toolchain/avr8/avr8-gnu-toolchain/bin/../lib/gcc/avr/5.4.0/../../../../avr/lib/avr6\libm.a(fp_round.o)
 .data          0x00000000        0x0 f:/program files (x86)/atmel/studio/7.0/toolchain/avr8/avr8-gnu-toolchain/bin/../lib/gcc/avr/5.4.0/../../../../avr/lib/avr6\libm.a(fp_round.o)
 .bss           0x00000000        0x0 f:/program files (x86)/atmel/studio/7.0/toolchain/avr8/avr8-gnu-toolchain/bin/../lib/gcc/avr/5.4.0/../../../../avr/lib/avr6\libm.a(fp_round.o)
 .text.avr-libc.fplib
                0x00000000       0x22 f:/program files (x86)/atmel/studio/7.0/toolchain/avr8/avr8-gnu-toolchain/bin/../lib/gcc/avr/5.4.0/../../../../avr/lib/avr6\libm.a(fp_round.o)
 .text          0x00000000        0x0 f:/program files (x86)/atmel/studio/7.0/toolchain/avr8/avr8-gnu-toolchain/bin/../lib/gcc/avr/5.4.0/../../../../avr/lib/avr6\libm.a(fp_split3.o)
 .data          0x00000000        0x0 f:/program files (x86)/atmel/studio/7.0/toolchain/avr8/avr8-gnu-toolchain/bin/../lib/gcc/avr/5.4.0/../../../../avr/lib/avr6\libm.a(fp_split3.o)
 .bss           0x00000000        0x0 f:/program files (x86)/atmel/studio/7.0/toolchain/avr8/avr8-gnu-toolchain/bin/../lib/gcc/avr/5.4.0/../../../../avr/lib/avr6\libm.a(fp_split3.o)
 .text.avr-libc.fplib
                0x00000000       0x44 f:/program files (x86)/atmel/studio/7.0/toolchain/avr8/avr8-gnu-toolchain/bin/../lib/gcc/avr/5.4.0/../../../../avr/lib/avr6\libm.a(fp_split3.o)
 .text          0x00000000        0x0 f:/program files (x86)/atmel/studio/7.0/toolchain/avr8/avr8-gnu-toolchain/bin/../lib/gcc/avr/5.4.0/../../../../avr/lib/avr6\libm.a(fp_zero.o)
 .data          0x00000000        0x0 f:/program files (x86)/atmel/studio/7.0/toolchain/avr8/avr8-gnu-toolchain/bin/../lib/gcc/avr/5.4.0/../../../../avr/lib/avr6\libm.a(fp_zero.o)
 .bss           0x00000000        0x0 f:/program files (x86)/atmel/studio/7.0/toolchain/avr8/avr8-gnu-toolchain/bin/../lib/gcc/avr/5.4.0/../../../../avr/lib/avr6\libm.a(fp_zero.o)
 .text.avr-libc.fplib
                0x00000000        0xe f:/program files (x86)/atmel/studio/7.0/toolchain/avr8/avr8-gnu-toolchain/bin/../lib/gcc/avr/5.4.0/../../../../avr/lib/avr6\libm.a(fp_zero.o)
 .text          0x00000000        0x0 f:/program files (x86)/atmel/studio/7.0/toolchain/avr8/avr8-gnu-toolchain/bin/../lib/gcc/avr/5.4.0/../../../../avr/lib/avr6\libm.a(gesf2.o)
 .data          0x00000000        0x0 f:/program files (x86)/atmel/studio/7.0/toolchain/avr8/avr8-gnu-toolchain/bin/../lib/gcc/avr/5.4.0/../../../../avr/lib/avr6\libm.a(gesf2.o)
 .bss           0x00000000        0x0 f:/program files (x86)/atmel/studio/7.0/toolchain/avr8/avr8-gnu-toolchain/bin/../lib/gcc/avr/5.4.0/../../../../avr/lib/avr6\libm.a(gesf2.o)
 .text.avr-libc.fplib
                0x00000000        0xa f:/program files (x86)/atmel/studio/7.0/toolchain/avr8/avr8-gnu-toolchain/bin/../lib/gcc/avr/5.4.0/../../../../avr/lib/avr6\libm.a(gesf2.o)
 .text          0x00000000        0x0 f:/program files (x86)/atmel/studio/7.0/toolchain/avr8/avr8-gnu-toolchain/bin/../lib/gcc/avr/5.4.0/../../../../avr/lib/avr6\libm.a(mulsf3.o)
 .data          0x00000000        0x0 f:/program files (x86)/atmel/studio/7.0/toolchain/avr8/avr8-gnu-toolchain/bin/../lib/gcc/avr/5.4.0/../../../../avr/lib/avr6\libm.a(mulsf3.o)
 .bss           0x00000000        0x0 f:/program files (x86)/atmel/studio/7.0/toolchain/avr8/avr8-gnu-toolchain/bin/../lib/gcc/avr/5.4.0/../../../../avr/lib/avr6\libm.a(mulsf3.o)
 .text.avr-libc.fplib
                0x00000000        0x8 f:/program files (x86)/atmel/studio/7.0/toolchain/avr8/avr8-gnu-toolchain/bin/../lib/gcc/avr/5.4.0/../../../../avr/lib/avr6\libm.a(mulsf3.o)
 .text          0x00000000        0x0 f:/program files (x86)/atmel/studio/7.0/toolchain/avr8/avr8-gnu-toolchain/bin/../lib/gcc/avr/5.4.0/../../../../avr/lib/avr6\libm.a(mulsf3x.o)
 .data          0x00000000        0x0 f:/program files (x86)/atmel/studio/7.0/toolchain/avr8/avr8-gnu-toolchain/bin/../lib/gcc/avr/5.4.0/../../../../avr/lib/avr6\libm.a(mulsf3x.o)
 .bss           0x00000000        0x0 f:/program files (x86)/atmel/studio/7.0/toolchain/avr8/avr8-gnu-toolchain/bin/../lib/gcc/avr/5.4.0/../../../../avr/lib/avr6\libm.a(mulsf3x.o)
 .text.avr-libc.fplib
                0x00000000       0xd2 f:/program files (x86)/atmel/studio/7.0/toolchain/avr8/avr8-gnu-toolchain/bin/../lib/gcc/avr/5.4.0/../../../../avr/lib/avr6\libm.a(mulsf3x.o)
 .text          0x00000000        0x0 f:/program files (x86)/atmel/studio/7.0/toolchain/avr8/avr8-gnu-toolchain/bin/../lib/gcc/avr/5.4.0/../../../../avr/lib/avr6\libm.a(unordsf2.o)
 .data          0x00000000        0x0 f:/program files (x86)/atmel/studio/7.0/toolchain/avr8/avr8-gnu-toolchain/bin/../lib/gcc/avr/5.4.0/../../../../avr/lib/avr6\libm.a(unordsf2.o)
 .bss           0x00000000        0x0 f:/program files (x86)/atmel/studio/7.0/toolchain/avr8/avr8-gnu-toolchain/bin/../lib/gcc/avr/5.4.0/../../../../avr/lib/avr6\libm.a(unordsf2.o)
 .text.avr-libc.fplib
                0x00000000        0xa f:/program files (x86)/atmel/studio/7.0/toolchain/avr8/avr8-gnu-toolchain/bin/../lib/gcc/avr/5.4.0/../../../../avr/lib/avr6\libm.a(unordsf2.o)
 .text          0x00000000        0x0 f:/program files (x86)/atmel/studio/7.0/toolchain/avr8/avr8-gnu-toolchain/bin/../lib/gcc/avr/5.4.0/avr6\libgcc.a(_udivmodsi4.o)
 .data          0x00000000        0x0 f:/program files (x86)/atmel/studio/7.0/toolchain/avr8/avr8-gnu-toolchain/bin/../lib/gcc/avr/5.4.0/avr6\libgcc.a(_udivmodsi4.o)
 .bss           0x00000000        0x0 f:/program files (x86)/atmel/studio/7.0/toolchain/avr8/avr8-gnu-toolchain/bin/../lib/gcc/avr/5.4.0/avr6\libgcc.a(_udivmodsi4.o)
 .text.libgcc.mul
                0x00000000        0x0 f:/program files (x86)/atmel/studio/7.0/toolchain/avr8/avr8-gnu-toolchain/bin/../lib/gcc/avr/5.4.0/avr6\libgcc.a(_udivmodsi4.o)
 .text.libgcc   0x00000000        0x0 f:/program files (x86)/atmel/studio/7.0/toolchain/avr8/avr8-gnu-toolchain/bin/../lib/gcc/avr/5.4.0/avr6\libgcc.a(_udivmodsi4.o)
 .text.libgcc.prologue
                0x00000000        0x0 f:/program files (x86)/atmel/studio/7.0/toolchain/avr8/avr8-gnu-toolchain/bin/../lib/gcc/avr/5.4.0/avr6\libgcc.a(_udivmodsi4.o)
 .text.libgcc.builtins
                0x00000000        0x0 f:/program files (x86)/atmel/studio/7.0/toolchain/avr8/avr8-gnu-toolchain/bin/../lib/gcc/avr/5.4.0/avr6\libgcc.a(_udivmodsi4.o)
 .text.libgcc.fmul
                0x00000000        0x0 f:/program files (x86)/atmel/studio/7.0/toolchain/avr8/avr8-gnu-toolchain/bin/../lib/gcc/avr/5.4.0/avr6\libgcc.a(_udivmodsi4.o)
 .text.libgcc.fixed
                0x00000000        0x0 f:/program files (x86)/atmel/studio/7.0/toolchain/avr8/avr8-gnu-toolchain/bin/../lib/gcc/avr/5.4.0/avr6\libgcc.a(_udivmodsi4.o)
 .text          0x00000000        0x0 f:/program files (x86)/atmel/studio/7.0/toolchain/avr8/avr8-gnu-toolchain/bin/../lib/gcc/avr/5.4.0/avr6\libgcc.a(_exit.o)
 .data          0x00000000        0x0 f:/program files (x86)/atmel/studio/7.0/toolchain/avr8/avr8-gnu-toolchain/bin/../lib/gcc/avr/5.4.0/avr6\libgcc.a(_exit.o)
 .bss           0x00000000        0x0 f:/program files (x86)/atmel/studio/7.0/toolchain/avr8/avr8-gnu-toolchain/bin/../lib/gcc/avr/5.4.0/avr6\libgcc.a(_exit.o)
 .text.libgcc.mul
                0x00000000        0x0 f:/program files (x86)/atmel/studio/7.0/toolchain/avr8/avr8-gnu-toolchain/bin/../lib/gcc/avr/5.4.0/avr6\libgcc.a(_exit.o)
 .text.libgcc.div
                0x00000000        0x0 f:/program files (x86)/atmel/studio/7.0/toolchain/avr8/avr8-gnu-toolchain/bin/../lib/gcc/avr/5.4.0/avr6\libgcc.a(_exit.o)
 .text.libgcc   0x00000000        0x0 f:/program files (x86)/atmel/studio/7.0/toolchain/avr8/avr8-gnu-toolchain/bin/../lib/gcc/avr/5.4.0/avr6\libgcc.a(_exit.o)
 .text.libgcc.prologue
                0x00000000        0x0 f:/program files (x86)/atmel/studio/7.0/toolchain/avr8/avr8-gnu-toolchain/bin/../lib/gcc/avr/5.4.0/avr6\libgcc.a(_exit.o)
 .text.libgcc.builtins
                0x00000000        0x0 f:/program files (x86)/atmel/studio/7.0/toolchain/avr8/avr8-gnu-toolchain/bin/../lib/gcc/avr/5.4.0/avr6\libgcc.a(_exit.o)
 .text.libgcc.fmul
                0x00000000        0x0 f:/program files (x86)/atmel/studio/7.0/toolchain/avr8/avr8-gnu-toolchain/bin/../lib/gcc/avr/5.4.0/avr6\libgcc.a(_exit.o)
 .text.libgcc.fixed
                0x00000000        0x0 f:/program files (x86)/atmel/studio/7.0/toolchain/avr8/avr8-gnu-toolchain/bin/../lib/gcc/avr/5.4.0/avr6\libgcc.a(_exit.o)
 .text          0x00000000        0x0 f:/program files (x86)/atmel/studio/7.0/toolchain/avr8/avr8-gnu-toolchain/bin/../lib/gcc/avr/5.4.0/avr6\libgcc.a(_tablejump2.o)
 .data          0x00000000        0x0 f:/program files (x86)/atmel/studio/7.0/toolchain/avr8/avr8-gnu-toolchain/bin/../lib/gcc/avr/5.4.0/avr6\libgcc.a(_tablejump2.o)
 .bss           0x00000000        0x0 f:/program files (x86)/atmel/studio/7.0/toolchain/avr8/avr8-gnu-toolchain/bin/../lib/gcc/avr/5.4.0/avr6\libgcc.a(_tablejump2.o)
 .text.libgcc.mul
                0x00000000        0x0 f:/program files (x86)/atmel/studio/7.0/toolchain/avr8/avr8-gnu-toolchain/bin/../lib/gcc/avr/5.4.0/avr6\libgcc.a(_tablejump2.o)
 .text.libgcc.div
                0x00000000        0x0 f:/program files (x86)/atmel/studio/7.0/toolchain/avr8/avr8-gnu-toolchain/bin/../lib/gcc/avr/5.4.0/avr6\libgcc.a(_tablejump2.o)
 .text.libgcc.prologue
                0x00000000        0x0 f:/program files (x86)/atmel/studio/7.0/toolchain/avr8/avr8-gnu-toolchain/bin/../lib/gcc/avr/5.4.0/avr6\libgcc.a(_tablejump2.o)
 .text.libgcc.builtins
                0x00000000        0x0 f:/program files (x86)/atmel/studio/7.0/toolchain/avr8/avr8-gnu-toolchain/bin/../lib/gcc/avr/5.4.0/avr6\libgcc.a(_tablejump2.o)
 .text.libgcc.fmul
                0x00000000        0x0 f:/program files (x86)/atmel/studio/7.0/toolchain/avr8/avr8-gnu-toolchain/bin/../lib/gcc/avr/5.4.0/avr6\libgcc.a(_tablejump2.o)
 .text.libgcc.fixed
                0x00000000        0x0 f:/program files (x86)/atmel/studio/7.0/toolchain/avr8/avr8-gnu-toolchain/bin/../lib/gcc/avr/5.4.0/avr6\libgcc.a(_tablejump2.o)
 .text          0x00000000        0x0 f:/program files (x86)/atmel/studio/7.0/toolchain/avr8/avr8-gnu-toolchain/bin/../lib/gcc/avr/5.4.0/avr6\libgcc.a(_copy_data.o)
 .data          0x00000000        0x0 f:/program files (x86)/atmel/studio/7.0/toolchain/avr8/avr8-gnu-toolchain/bin/../lib/gcc/avr/5.4.0/avr6\libgcc.a(_copy_data.o)
 .bss           0x00000000        0x0 f:/program files (x86)/atmel/studio/7.0/toolchain/avr8/avr8-gnu-toolchain/bin/../lib/gcc/avr/5.4.0/avr6\libgcc.a(_copy_data.o)
 .text.libgcc.mul
                0x00000000        0x0 f:/program files (x86)/atmel/studio/7.0/toolchain/avr8/avr8-gnu-toolchain/bin/../lib/gcc/avr/5.4.0/avr6\libgcc.a(_copy_data.o)
 .text.libgcc.div
                0x00000000        0x0 f:/program files (x86)/atmel/studio/7.0/toolchain/avr8/avr8-gnu-toolchain/bin/../lib/gcc/avr/5.4.0/avr6\libgcc.a(_copy_data.o)
 .text.libgcc   0x00000000        0x0 f:/program files (x86)/atmel/studio/7.0/toolchain/avr8/avr8-gnu-toolchain/bin/../lib/gcc/avr/5.4.0/avr6\libgcc.a(_copy_data.o)
 .text.libgcc.prologue
                0x00000000        0x0 f:/program files (x86)/atmel/studio/7.0/toolchain/avr8/avr8-gnu-toolchain/bin/../lib/gcc/avr/5.4.0/avr6\libgcc.a(_copy_data.o)
 .text.libgcc.builtins
                0x00000000        0x0 f:/program files (x86)/atmel/studio/7.0/toolchain/avr8/avr8-gnu-toolchain/bin/../lib/gcc/avr/5.4.0/avr6\libgcc.a(_copy_data.o)
 .text.libgcc.fmul
                0x00000000        0x0 f:/program files (x86)/atmel/studio/7.0/toolchain/avr8/avr8-gnu-toolchain/bin/../lib/gcc/avr/5.4.0/avr6\libgcc.a(_copy_data.o)
 .text.libgcc.fixed
                0x00000000        0x0 f:/program files (x86)/atmel/studio/7.0/toolchain/avr8/avr8-gnu-toolchain/bin/../lib/gcc/avr/5.4.0/avr6\libgcc.a(_copy_data.o)
 .text          0x00000000        0x0 f:/program files (x86)/atmel/studio/7.0/toolchain/avr8/avr8-gnu-toolchain/bin/../lib/gcc/avr/5.4.0/avr6\libgcc.a(_clear_bss.o)
 .data          0x00000000        0x0 f:/program files (x86)/atmel/studio/7.0/toolchain/avr8/avr8-gnu-toolchain/bin/../lib/gcc/avr/5.4.0/avr6\libgcc.a(_clear_bss.o)
 .bss           0x00000000        0x0 f:/program files (x86)/atmel/studio/7.0/toolchain/avr8/avr8-gnu-toolchain/bin/../lib/gcc/avr/5.4.0/avr6\libgcc.a(_clear_bss.o)
 .text.libgcc.mul
                0x00000000        0x0 f:/program files (x86)/atmel/studio/7.0/toolchain/avr8/avr8-gnu-toolchain/bin/../lib/gcc/avr/5.4.0/avr6\libgcc.a(_clear_bss.o)
 .text.libgcc.div
                0x00000000        0x0 f:/program files (x86)/atmel/studio/7.0/toolchain/avr8/avr8-gnu-toolchain/bin/../lib/gcc/avr/5.4.0/avr6\libgcc.a(_clear_bss.o)
 .text.libgcc   0x00000000        0x0 f:/program files (x86)/atmel/studio/7.0/toolchain/avr8/avr8-gnu-toolchain/bin/../lib/gcc/avr/5.4.0/avr6\libgcc.a(_clear_bss.o)
 .text.libgcc.prologue
                0x00000000        0x0 f:/program files (x86)/atmel/studio/7.0/toolchain/avr8/avr8-gnu-toolchain/bin/../lib/gcc/avr/5.4.0/avr6\libgcc.a(_clear_bss.o)
 .text.libgcc.builtins
                0x00000000        0x0 f:/program files (x86)/atmel/studio/7.0/toolchain/avr8/avr8-gnu-toolchain/bin/../lib/gcc/avr/5.4.0/avr6\libgcc.a(_clear_bss.o)
 .text.libgcc.fmul
                0x00000000        0x0 f:/program files (x86)/atmel/studio/7.0/toolchain/avr8/avr8-gnu-toolchain/bin/../lib/gcc/avr/5.4.0/avr6\libgcc.a(_clear_bss.o)
 .text.libgcc.fixed
                0x00000000        0x0 f:/program files (x86)/atmel/studio/7.0/toolchain/avr8/avr8-gnu-toolchain/bin/../lib/gcc/avr/5.4.0/avr6\libgcc.a(_clear_bss.o)
 .text          0x00000000        0x0 f:/program files (x86)/atmel/studio/7.0/toolchain/avr8/avr8-gnu-toolchain/bin/../lib/gcc/avr/5.4.0/avr6\libgcc.a(_ctors.o)
 .data          0x00000000        0x0 f:/program files (x86)/atmel/studio/7.0/toolchain/avr8/avr8-gnu-toolchain/bin/../lib/gcc/avr/5.4.0/avr6\libgcc.a(_ctors.o)
 .bss           0x00000000        0x0 f:/program files (x86)/atmel/studio/7.0/toolchain/avr8/avr8-gnu-toolchain/bin/../lib/gcc/avr/5.4.0/avr6\libgcc.a(_ctors.o)
 .text.libgcc.mul
                0x00000000        0x0 f:/program files (x86)/atmel/studio/7.0/toolchain/avr8/avr8-gnu-toolchain/bin/../lib/gcc/avr/5.4.0/avr6\libgcc.a(_ctors.o)
 .text.libgcc.div
                0x00000000        0x0 f:/program files (x86)/atmel/studio/7.0/toolchain/avr8/avr8-gnu-toolchain/bin/../lib/gcc/avr/5.4.0/avr6\libgcc.a(_ctors.o)
 .text.libgcc   0x00000000        0x0 f:/program files (x86)/atmel/studio/7.0/toolchain/avr8/avr8-gnu-toolchain/bin/../lib/gcc/avr/5.4.0/avr6\libgcc.a(_ctors.o)
 .text.libgcc.prologue
                0x00000000        0x0 f:/program files (x86)/atmel/studio/7.0/toolchain/avr8/avr8-gnu-toolchain/bin/../lib/gcc/avr/5.4.0/avr6\libgcc.a(_ctors.o)
 .text.libgcc.builtins
                0x00000000        0x0 f:/program files (x86)/atmel/studio/7.0/toolchain/avr8/avr8-gnu-toolchain/bin/../lib/gcc/avr/5.4.0/avr6\libgcc.a(_ctors.o)
 .text.libgcc.fmul
                0x00000000        0x0 f:/program files (x86)/atmel/studio/7.0/toolchain/avr8/avr8-gnu-toolchain/bin/../lib/gcc/avr/5.4.0/avr6\libgcc.a(_ctors.o)
 .text.libgcc.fixed
                0x00000000        0x0 f:/program files (x86)/atmel/studio/7.0/toolchain/avr8/avr8-gnu-toolchain/bin/../lib/gcc/avr/5.4.0/avr6\libgcc.a(_ctors.o)
 .text          0x00000000        0x0 f:/program files (x86)/atmel/studio/7.0/toolchain/avr8/avr8-gnu-toolchain/bin/../lib/gcc/avr/5.4.0/../../../../avr/lib/avr6\libc.a(abort.o)
 .data          0x00000000        0x0 f:/program files (x86)/atmel/studio/7.0/toolchain/avr8/avr8-gnu-toolchain/bin/../lib/gcc/avr/5.4.0/../../../../avr/lib/avr6\libc.a(abort.o)
 .bss           0x00000000        0x0 f:/program files (x86)/atmel/studio/7.0/toolchain/avr8/avr8-gnu-toolchain/bin/../lib/gcc/avr/5.4.0/../../../../avr/lib/avr6\libc.a(abort.o)
 .text.avr-libc
                0x00000000        0xa f:/program files (x86)/atmel/studio/7.0/toolchain/avr8/avr8-gnu-toolchain/bin/../lib/gcc/avr/5.4.0/../../../../avr/lib/avr6\libc.a(abort.o)

Memory Configuration

Name             Origin             Length             Attributes
text             0x00000000         0x00100000         xr
data             0x00800200         0x0000fe00         rw !x
eeprom           0x00810000         0x00010000         rw !x
fuse             0x00820000         0x00000003         rw !x
lock             0x00830000         0x00000400         rw !x
signature        0x00840000         0x00000400         rw !x
user_signatures  0x00850000         0x00000400         rw !x
*default*        0x00000000         0xffffffff

Linker script and memory map

Address of section .data set to 0x800200
LOAD F:/Program Files (x86)/Atmel/Studio/7.0/Packs/atmel/ATmega_DFP/1.1.130/gcc/dev/atmega2560/avr6/crtatmega2560.o
LOAD Sketch.o
START GROUP
LOAD f:/program files (x86)/atmel/studio/7.0/toolchain/avr8/avr8-gnu-toolchain/bin/../lib/gcc/avr/5.4.0/../../../../avr/lib/avr6\libm.a
LOAD E:\Dropbox\AarhusUNI\Andet 2017\HomeGarden\Home_Garden\Home_Garden\ArduinoCore\Debug\libArduinoCore.a
END GROUP
LOAD f:/program files (x86)/atmel/studio/7.0/toolchain/avr8/avr8-gnu-toolchain/bin/../lib/gcc/avr/5.4.0/avr6\libgcc.a
LOAD f:/program files (x86)/atmel/studio/7.0/toolchain/avr8/avr8-gnu-toolchain/bin/../lib/gcc/avr/5.4.0/../../../../avr/lib/avr6\libm.a
START GROUP
LOAD f:/program files (x86)/atmel/studio/7.0/toolchain/avr8/avr8-gnu-toolchain/bin/../lib/gcc/avr/5.4.0/avr6\libgcc.a
LOAD f:/program files (x86)/atmel/studio/7.0/toolchain/avr8/avr8-gnu-toolchain/bin/../lib/gcc/avr/5.4.0/../../../../avr/lib/avr6\libm.a
LOAD f:/program files (x86)/atmel/studio/7.0/toolchain/avr8/avr8-gnu-toolchain/bin/../lib/gcc/avr/5.4.0/../../../../avr/lib/avr6\libc.a
LOAD F:/Program Files (x86)/Atmel/Studio/7.0/Packs/atmel/ATmega_DFP/1.1.130/gcc/dev/atmega2560/avr6\libatmega2560.a
END GROUP
                0x00100000                __TEXT_REGION_LENGTH__ = DEFINED (__TEXT_REGION_LENGTH__)?__TEXT_REGION_LENGTH__:0x100000
                0x0000fe00                __DATA_REGION_LENGTH__ = DEFINED (__DATA_REGION_LENGTH__)?__DATA_REGION_LENGTH__:0xfe00
                0x00010000                __EEPROM_REGION_LENGTH__ = DEFINED (__EEPROM_REGION_LENGTH__)?__EEPROM_REGION_LENGTH__:0x10000
                [0x00000003]                __FUSE_REGION_LENGTH__ = DEFINED (__FUSE_REGION_LENGTH__)?__FUSE_REGION_LENGTH__:0x400
                0x00000400                __LOCK_REGION_LENGTH__ = DEFINED (__LOCK_REGION_LENGTH__)?__LOCK_REGION_LENGTH__:0x400
                0x00000400                __SIGNATURE_REGION_LENGTH__ = DEFINED (__SIGNATURE_REGION_LENGTH__)?__SIGNATURE_REGION_LENGTH__:0x400
                0x00000400                __USER_SIGNATURE_REGION_LENGTH__ = DEFINED (__USER_SIGNATURE_REGION_LENGTH__)?__USER_SIGNATURE_REGION_LENGTH__:0x400

.hash
 *(.hash)

.dynsym
 *(.dynsym)

.dynstr
 *(.dynstr)

.gnu.version
 *(.gnu.version)

.gnu.version_d
 *(.gnu.version_d)

.gnu.version_r
 *(.gnu.version_r)

.rel.init
 *(.rel.init)

.rela.init
 *(.rela.init)

.rel.text
 *(.rel.text)
 *(.rel.text.*)
 *(.rel.gnu.linkonce.t*)

.rela.text
 *(.rela.text)
 *(.rela.text.*)
 *(.rela.gnu.linkonce.t*)

.rel.fini
 *(.rel.fini)

.rela.fini
 *(.rela.fini)

.rel.rodata
 *(.rel.rodata)
 *(.rel.rodata.*)
 *(.rel.gnu.linkonce.r*)

.rela.rodata
 *(.rela.rodata)
 *(.rela.rodata.*)
 *(.rela.gnu.linkonce.r*)

.rel.data
 *(.rel.data)
 *(.rel.data.*)
 *(.rel.gnu.linkonce.d*)

.rela.data
 *(.rela.data)
 *(.rela.data.*)
 *(.rela.gnu.linkonce.d*)

.rel.ctors
 *(.rel.ctors)

.rela.ctors
 *(.rela.ctors)

.rel.dtors
 *(.rel.dtors)

.rela.dtors
 *(.rela.dtors)

.rel.got
 *(.rel.got)

.rela.got
 *(.rela.got)

.rel.bss
 *(.rel.bss)

.rela.bss
 *(.rela.bss)

.rel.plt
 *(.rel.plt)

.rela.plt
 *(.rela.plt)

.text           0x00000000      0xb1c
 *(.vectors)
 .vectors       0x00000000       0xe4 F:/Program Files (x86)/Atmel/Studio/7.0/Packs/atmel/ATmega_DFP/1.1.130/gcc/dev/atmega2560/avr6/crtatmega2560.o
                0x00000000                __vector_default
                0x00000000                __vectors
 *(.vectors)
 *(.progmem.gcc*)
 .progmem.gcc_sw_table.turnOffPWM
                0x000000e4       0x24 E:\Dropbox\AarhusUNI\Andet 2017\HomeGarden\Home_Garden\Home_Garden\ArduinoCore\Debug\libArduinoCore.a(wiring_digital.o)
                0x00000108                . = ALIGN (0x2)
                0x00000108                __trampolines_start = .
 *(.trampolines)
 .trampolines   0x00000108        0x0 linker stubs
 *(.trampolines*)
                0x00000108                __trampolines_end = .
 *libprintf_flt.a:*(.progmem.data)
 *libc.a:*(.progmem.data)
 *(.progmem*)
 .progmem.data.digital_pin_to_timer_PGM
                0x00000108       0x46 E:\Dropbox\AarhusUNI\Andet 2017\HomeGarden\Home_Garden\Home_Garden\ArduinoCore\Debug\libArduinoCore.a(wiring_digital.o)
                0x00000108                digital_pin_to_timer_PGM
 .progmem.data.digital_pin_to_bit_mask_PGM
                0x0000014e       0x46 E:\Dropbox\AarhusUNI\Andet 2017\HomeGarden\Home_Garden\Home_Garden\ArduinoCore\Debug\libArduinoCore.a(wiring_digital.o)
                0x0000014e                digital_pin_to_bit_mask_PGM
 .progmem.data.digital_pin_to_port_PGM
                0x00000194       0x46 E:\Dropbox\AarhusUNI\Andet 2017\HomeGarden\Home_Garden\Home_Garden\ArduinoCore\Debug\libArduinoCore.a(wiring_digital.o)
                0x00000194                digital_pin_to_port_PGM
 .progmem.data.port_to_output_PGM
                0x000001da       0x1a E:\Dropbox\AarhusUNI\Andet 2017\HomeGarden\Home_Garden\Home_Garden\ArduinoCore\Debug\libArduinoCore.a(wiring_digital.o)
                0x000001da                port_to_output_PGM
 .progmem.data.port_to_mode_PGM
                0x000001f4       0x1a E:\Dropbox\AarhusUNI\Andet 2017\HomeGarden\Home_Garden\Home_Garden\ArduinoCore\Debug\libArduinoCore.a(wiring_digital.o)
                0x000001f4                port_to_mode_PGM
                0x0000020e                . = ALIGN (0x2)
 *(.jumptables)
 *(.jumptables*)
 *(.lowtext)
 *(.lowtext*)
                0x0000020e                __ctors_start = .
 *(.ctors)
 .ctors         0x0000020e        0x2 E:\Dropbox\AarhusUNI\Andet 2017\HomeGarden\Home_Garden\Home_Garden\ArduinoCore\Debug\libArduinoCore.a(HardwareSerial0.o)
                0x00000210                __ctors_end = .
                0x00000210                __dtors_start = .
 *(.dtors)
                0x00000210                __dtors_end = .
 SORT(*)(.ctors)
 SORT(*)(.dtors)
 *(.init0)
 .init0         0x00000210        0x0 F:/Program Files (x86)/Atmel/Studio/7.0/Packs/atmel/ATmega_DFP/1.1.130/gcc/dev/atmega2560/avr6/crtatmega2560.o
                0x00000210                __init
 *(.init0)
 *(.init1)
 *(.init1)
 *(.init2)
 .init2         0x00000210       0x10 F:/Program Files (x86)/Atmel/Studio/7.0/Packs/atmel/ATmega_DFP/1.1.130/gcc/dev/atmega2560/avr6/crtatmega2560.o
 *(.init2)
 *(.init3)
 *(.init3)
 *(.init4)
 .init4         0x00000220       0x1a f:/program files (x86)/atmel/studio/7.0/toolchain/avr8/avr8-gnu-toolchain/bin/../lib/gcc/avr/5.4.0/avr6\libgcc.a(_copy_data.o)
                0x00000220                __do_copy_data
 .init4         0x0000023a       0x10 f:/program files (x86)/atmel/studio/7.0/toolchain/avr8/avr8-gnu-toolchain/bin/../lib/gcc/avr/5.4.0/avr6\libgcc.a(_clear_bss.o)
                0x0000023a                __do_clear_bss
 *(.init4)
 *(.init5)
 *(.init5)
 *(.init6)
 .init6         0x0000024a       0x1e f:/program files (x86)/atmel/studio/7.0/toolchain/avr8/avr8-gnu-toolchain/bin/../lib/gcc/avr/5.4.0/avr6\libgcc.a(_ctors.o)
                0x0000024a                __do_global_ctors
 *(.init6)
 *(.init7)
 *(.init7)
 *(.init8)
 *(.init8)
 *(.init9)
 .init9         0x00000268        0x4 F:/Program Files (x86)/Atmel/Studio/7.0/Packs/atmel/ATmega_DFP/1.1.130/gcc/dev/atmega2560/avr6/crtatmega2560.o
 *(.init9)
 *(.text)
 .text          0x0000026c        0x2 F:/Program Files (x86)/Atmel/Studio/7.0/Packs/atmel/ATmega_DFP/1.1.130/gcc/dev/atmega2560/avr6/crtatmega2560.o
                0x0000026c                __vector_38
                0x0000026c                __vector_22
                0x0000026c                __vector_28
                0x0000026c                __vector_1
                0x0000026c                __vector_32
                0x0000026c                __vector_34
                0x0000026c                __vector_24
                0x0000026c                __vector_12
                0x0000026c                __vector_55
                0x0000026c                __vector_46
                0x0000026c                __bad_interrupt
                0x0000026c                __vector_6
                0x0000026c                __vector_31
                0x0000026c                __vector_35
                0x0000026c                __vector_39
                0x0000026c                __vector_3
                0x0000026c                __vector_30
                0x0000026c                __vector_45
                0x0000026c                __vector_11
                0x0000026c                __vector_54
                0x0000026c                __vector_13
                0x0000026c                __vector_17
                0x0000026c                __vector_19
                0x0000026c                __vector_56
                0x0000026c                __vector_7
                0x0000026c                __vector_49
                0x0000026c                __vector_41
                0x0000026c                __vector_43
                0x0000026c                __vector_27
                0x0000026c                __vector_5
                0x0000026c                __vector_33
                0x0000026c                __vector_47
                0x0000026c                __vector_52
                0x0000026c                __vector_37
                0x0000026c                __vector_4
                0x0000026c                __vector_44
                0x0000026c                __vector_51
                0x0000026c                __vector_9
                0x0000026c                __vector_2
                0x0000026c                __vector_21
                0x0000026c                __vector_15
                0x0000026c                __vector_36
                0x0000026c                __vector_29
                0x0000026c                __vector_40
                0x0000026c                __vector_8
                0x0000026c                __vector_48
                0x0000026c                __vector_14
                0x0000026c                __vector_53
                0x0000026c                __vector_10
                0x0000026c                __vector_50
                0x0000026c                __vector_16
                0x0000026c                __vector_18
                0x0000026c                __vector_20
                0x0000026c                __vector_42
                0x0000026e                . = ALIGN (0x2)
 *(.text.*)
 .text.setup    0x0000026e       0x64 Sketch.o
                0x0000026e                setup
 .text.loop     0x000002d2       0x20 Sketch.o
                0x000002d2                loop
 .text._ZN14HardwareSerial9availableEv
                0x000002f2       0x18 E:\Dropbox\AarhusUNI\Andet 2017\HomeGarden\Home_Garden\Home_Garden\ArduinoCore\Debug\libArduinoCore.a(HardwareSerial.o)
                0x000002f2                _ZN14HardwareSerial9availableEv
 .text._ZN14HardwareSerial4peekEv
                0x0000030a       0x1c E:\Dropbox\AarhusUNI\Andet 2017\HomeGarden\Home_Garden\Home_Garden\ArduinoCore\Debug\libArduinoCore.a(HardwareSerial.o)
                0x0000030a                _ZN14HardwareSerial4peekEv
 .text._ZN14HardwareSerial4readEv
                0x00000326       0x28 E:\Dropbox\AarhusUNI\Andet 2017\HomeGarden\Home_Garden\Home_Garden\ArduinoCore\Debug\libArduinoCore.a(HardwareSerial.o)
                0x00000326                _ZN14HardwareSerial4readEv
 .text._Z14serialEventRunv
                0x0000034e       0x78 E:\Dropbox\AarhusUNI\Andet 2017\HomeGarden\Home_Garden\Home_Garden\ArduinoCore\Debug\libArduinoCore.a(HardwareSerial.o)
                0x0000034e                _Z14serialEventRunv
 .text._ZN14HardwareSerial17_tx_udr_empty_irqEv
                0x000003c6       0x42 E:\Dropbox\AarhusUNI\Andet 2017\HomeGarden\Home_Garden\Home_Garden\ArduinoCore\Debug\libArduinoCore.a(HardwareSerial.o)
                0x000003c6                _ZN14HardwareSerial17_tx_udr_empty_irqEv
 .text._ZN14HardwareSerial5writeEh
                0x00000408       0x8c E:\Dropbox\AarhusUNI\Andet 2017\HomeGarden\Home_Garden\Home_Garden\ArduinoCore\Debug\libArduinoCore.a(HardwareSerial.o)
                0x00000408                _ZN14HardwareSerial5writeEh
 .text._ZN14HardwareSerial5flushEv
                0x00000494       0x42 E:\Dropbox\AarhusUNI\Andet 2017\HomeGarden\Home_Garden\Home_Garden\ArduinoCore\Debug\libArduinoCore.a(HardwareSerial.o)
                0x00000494                _ZN14HardwareSerial5flushEv
 .text._ZN14HardwareSerial5beginEmh
                0x000004d6       0xc6 E:\Dropbox\AarhusUNI\Andet 2017\HomeGarden\Home_Garden\Home_Garden\ArduinoCore\Debug\libArduinoCore.a(HardwareSerial.o)
                0x000004d6                _ZN14HardwareSerial5beginEmh
 .text.__vector_25
                0x0000059c       0x6c E:\Dropbox\AarhusUNI\Andet 2017\HomeGarden\Home_Garden\Home_Garden\ArduinoCore\Debug\libArduinoCore.a(HardwareSerial0.o)
                0x0000059c                __vector_25
 .text.__vector_26
                0x00000608       0x52 E:\Dropbox\AarhusUNI\Andet 2017\HomeGarden\Home_Garden\Home_Garden\ArduinoCore\Debug\libArduinoCore.a(HardwareSerial0.o)
                0x00000608                __vector_26
 .text._Z17Serial0_availablev
                0x0000065a       0x12 E:\Dropbox\AarhusUNI\Andet 2017\HomeGarden\Home_Garden\Home_Garden\ArduinoCore\Debug\libArduinoCore.a(HardwareSerial0.o)
                0x0000065a                _Z17Serial0_availablev
 .text.startup._GLOBAL__sub_I___vector_25
                0x0000066c       0x5a E:\Dropbox\AarhusUNI\Andet 2017\HomeGarden\Home_Garden\Home_Garden\ArduinoCore\Debug\libArduinoCore.a(HardwareSerial0.o)
 .text.initVariant
                0x000006c6        0x2 E:\Dropbox\AarhusUNI\Andet 2017\HomeGarden\Home_Garden\Home_Garden\ArduinoCore\Debug\libArduinoCore.a(main.o)
                0x000006c6                initVariant
 .text.startup.main
                0x000006c8       0x14 E:\Dropbox\AarhusUNI\Andet 2017\HomeGarden\Home_Garden\Home_Garden\ArduinoCore\Debug\libArduinoCore.a(main.o)
                0x000006c8                main
 .text._ZN5Print5writeEPKhj
                0x000006dc       0x54 E:\Dropbox\AarhusUNI\Andet 2017\HomeGarden\Home_Garden\Home_Garden\ArduinoCore\Debug\libArduinoCore.a(Print.o)
                0x000006dc                _ZN5Print5writeEPKhj
 .text.__vector_23
                0x00000730       0x94 E:\Dropbox\AarhusUNI\Andet 2017\HomeGarden\Home_Garden\Home_Garden\ArduinoCore\Debug\libArduinoCore.a(wiring.o)
                0x00000730                __vector_23
 .text.micros   0x000007c4       0x4a E:\Dropbox\AarhusUNI\Andet 2017\HomeGarden\Home_Garden\Home_Garden\ArduinoCore\Debug\libArduinoCore.a(wiring.o)
                0x000007c4                micros
 .text.delay    0x0000080e       0x72 E:\Dropbox\AarhusUNI\Andet 2017\HomeGarden\Home_Garden\Home_Garden\ArduinoCore\Debug\libArduinoCore.a(wiring.o)
                0x0000080e                delay
 .text.init     0x00000880       0xc4 E:\Dropbox\AarhusUNI\Andet 2017\HomeGarden\Home_Garden\Home_Garden\ArduinoCore\Debug\libArduinoCore.a(wiring.o)
                0x00000880                init
 .text.turnOffPWM
                0x00000944       0xaa E:\Dropbox\AarhusUNI\Andet 2017\HomeGarden\Home_Garden\Home_Garden\ArduinoCore\Debug\libArduinoCore.a(wiring_digital.o)
 .text.pinMode  0x000009ee       0x78 E:\Dropbox\AarhusUNI\Andet 2017\HomeGarden\Home_Garden\Home_Garden\ArduinoCore\Debug\libArduinoCore.a(wiring_digital.o)
                0x000009ee                pinMode
 .text.digitalWrite
                0x00000a66       0x5c E:\Dropbox\AarhusUNI\Andet 2017\HomeGarden\Home_Garden\Home_Garden\ArduinoCore\Debug\libArduinoCore.a(wiring_digital.o)
                0x00000a66                digitalWrite
 .text.__empty  0x00000ac2        0x2 E:\Dropbox\AarhusUNI\Andet 2017\HomeGarden\Home_Garden\Home_Garden\ArduinoCore\Debug\libArduinoCore.a(hooks.o)
                0x00000ac2                yield
 .text.libgcc.div
                0x00000ac4       0x44 f:/program files (x86)/atmel/studio/7.0/toolchain/avr8/avr8-gnu-toolchain/bin/../lib/gcc/avr/5.4.0/avr6\libgcc.a(_udivmodsi4.o)
                0x00000ac4                __udivmodsi4
 .text.libgcc   0x00000b08       0x10 f:/program files (x86)/atmel/studio/7.0/toolchain/avr8/avr8-gnu-toolchain/bin/../lib/gcc/avr/5.4.0/avr6\libgcc.a(_tablejump2.o)
                0x00000b08                __tablejump2__
                0x00000b18                . = ALIGN (0x2)
 *(.fini9)
 .fini9         0x00000b18        0x0 f:/program files (x86)/atmel/studio/7.0/toolchain/avr8/avr8-gnu-toolchain/bin/../lib/gcc/avr/5.4.0/avr6\libgcc.a(_exit.o)
                0x00000b18                _exit
                0x00000b18                exit
 *(.fini9)
 *(.fini8)
 *(.fini8)
 *(.fini7)
 *(.fini7)
 *(.fini6)
 *(.fini6)
 *(.fini5)
 *(.fini5)
 *(.fini4)
 *(.fini4)
 *(.fini3)
 *(.fini3)
 *(.fini2)
 *(.fini2)
 *(.fini1)
 *(.fini1)
 *(.fini0)
 .fini0         0x00000b18        0x4 f:/program files (x86)/atmel/studio/7.0/toolchain/avr8/avr8-gnu-toolchain/bin/../lib/gcc/avr/5.4.0/avr6\libgcc.a(_exit.o)
 *(.fini0)
                0x00000b1c                _etext = .

.data           0x00800200       0x10 load address 0x00000b1c
                0x00800200                PROVIDE (__data_start, .)
 *(.data)
 *(.data*)
 *(.rodata)
 *(.rodata*)
 .rodata._ZTV14HardwareSerial
                0x00800200       0x10 E:\Dropbox\AarhusUNI\Andet 2017\HomeGarden\Home_Garden\Home_Garden\ArduinoCore\Debug\libArduinoCore.a(HardwareSerial.o)
                0x00800200                _ZTV14HardwareSerial
 *(.gnu.linkonce.d*)
                0x00800210                . = ALIGN (0x2)
                0x00800210                _edata = .
                0x00800210                PROVIDE (__data_end, .)

.bss            0x00800210       0xa6
                0x00800210                PROVIDE (__bss_start, .)
 *(.bss)
 *(.bss*)
 .bss.Serial    0x00800210       0x9d E:\Dropbox\AarhusUNI\Andet 2017\HomeGarden\Home_Garden\Home_Garden\ArduinoCore\Debug\libArduinoCore.a(HardwareSerial0.o)
                0x00800210                Serial
 .bss.timer0_fract
                0x008002ad        0x1 E:\Dropbox\AarhusUNI\Andet 2017\HomeGarden\Home_Garden\Home_Garden\ArduinoCore\Debug\libArduinoCore.a(wiring.o)
 .bss.timer0_millis
                0x008002ae        0x4 E:\Dropbox\AarhusUNI\Andet 2017\HomeGarden\Home_Garden\Home_Garden\ArduinoCore\Debug\libArduinoCore.a(wiring.o)
                0x008002ae                timer0_millis
 .bss.timer0_overflow_count
                0x008002b2        0x4 E:\Dropbox\AarhusUNI\Andet 2017\HomeGarden\Home_Garden\Home_Garden\ArduinoCore\Debug\libArduinoCore.a(wiring.o)
                0x008002b2                timer0_overflow_count
 *(COMMON)
                0x008002b6                PROVIDE (__bss_end, .)
                0x00000b1c                __data_load_start = LOADADDR (.data)
                0x00000b2c                __data_load_end = (__data_load_start + SIZEOF (.data))

.noinit         0x008002b6        0x0
                [!provide]                PROVIDE (__noinit_start, .)
 *(.noinit*)
                [!provide]                PROVIDE (__noinit_end, .)
                0x008002b6                _end = .
                [!provide]                PROVIDE (__heap_start, .)

.eeprom         0x00810000        0x0
 *(.eeprom*)
                0x00810000                __eeprom_end = .

.fuse
 *(.fuse)
 *(.lfuse)
 *(.hfuse)
 *(.efuse)

.lock
 *(.lock*)

.signature
 *(.signature*)

.user_signatures
 *(.user_signatures*)

.stab
 *(.stab)

.stabstr
 *(.stabstr)

.stab.excl
 *(.stab.excl)

.stab.exclstr
 *(.stab.exclstr)

.stab.index
 *(.stab.index)

.stab.indexstr
 *(.stab.indexstr)

.comment        0x00000000       0x60
 *(.comment)
 .comment       0x00000000       0x30 Sketch.o
                                 0x31 (size before relaxing)
 .comment       0x00000030       0x31 E:\Dropbox\AarhusUNI\Andet 2017\HomeGarden\Home_Garden\Home_Garden\ArduinoCore\Debug\libArduinoCore.a(HardwareSerial.o)
 .comment       0x00000030       0x31 E:\Dropbox\AarhusUNI\Andet 2017\HomeGarden\Home_Garden\Home_Garden\ArduinoCore\Debug\libArduinoCore.a(HardwareSerial0.o)
 .comment       0x00000030       0x31 E:\Dropbox\AarhusUNI\Andet 2017\HomeGarden\Home_Garden\Home_Garden\ArduinoCore\Debug\libArduinoCore.a(main.o)
 .comment       0x00000030       0x31 E:\Dropbox\AarhusUNI\Andet 2017\HomeGarden\Home_Garden\Home_Garden\ArduinoCore\Debug\libArduinoCore.a(Print.o)
 .comment       0x00000030       0x31 E:\Dropbox\AarhusUNI\Andet 2017\HomeGarden\Home_Garden\Home_Garden\ArduinoCore\Debug\libArduinoCore.a(wiring.o)
 .comment       0x00000030       0x31 E:\Dropbox\AarhusUNI\Andet 2017\HomeGarden\Home_Garden\Home_Garden\ArduinoCore\Debug\libArduinoCore.a(wiring_digital.o)
 .comment       0x00000030       0x30 E:\Dropbox\AarhusUNI\Andet 2017\HomeGarden\Home_Garden\Home_Garden\ArduinoCore\Debug\libArduinoCore.a(hooks.o)
                                 0x31 (size before relaxing)

.note.gnu.avr.deviceinfo
                0x00000000       0x40
 .note.gnu.avr.deviceinfo
                0x00000000       0x40 F:/Program Files (x86)/Atmel/Studio/7.0/Packs/atmel/ATmega_DFP/1.1.130/gcc/dev/atmega2560/avr6/crtatmega2560.o

.note.gnu.build-id
 *(.note.gnu.build-id)

.debug
 *(.debug)

.line
 *(.line)

.debug_srcinfo
 *(.debug_srcinfo)

.debug_sfnames
 *(.debug_sfnames)

.debug_aranges  0x00000000      0x288
 *(.debug_aranges)
 .debug_aranges
                0x00000000       0x28 Sketch.o
 .debug_aranges
                0x00000028       0x68 E:\Dropbox\AarhusUNI\Andet 2017\HomeGarden\Home_Garden\Home_Garden\ArduinoCore\Debug\libArduinoCore.a(HardwareSerial.o)
 .debug_aranges
                0x00000090       0x38 E:\Dropbox\AarhusUNI\Andet 2017\HomeGarden\Home_Garden\Home_Garden\ArduinoCore\Debug\libArduinoCore.a(HardwareSerial0.o)
 .debug_aranges
                0x000000c8       0x30 E:\Dropbox\AarhusUNI\Andet 2017\HomeGarden\Home_Garden\Home_Garden\ArduinoCore\Debug\libArduinoCore.a(main.o)
 .debug_aranges
                0x000000f8       0xf0 E:\Dropbox\AarhusUNI\Andet 2017\HomeGarden\Home_Garden\Home_Garden\ArduinoCore\Debug\libArduinoCore.a(Print.o)
 .debug_aranges
                0x000001e8       0x48 E:\Dropbox\AarhusUNI\Andet 2017\HomeGarden\Home_Garden\Home_Garden\ArduinoCore\Debug\libArduinoCore.a(wiring.o)
 .debug_aranges
                0x00000230       0x38 E:\Dropbox\AarhusUNI\Andet 2017\HomeGarden\Home_Garden\Home_Garden\ArduinoCore\Debug\libArduinoCore.a(wiring_digital.o)
 .debug_aranges
                0x00000268       0x20 E:\Dropbox\AarhusUNI\Andet 2017\HomeGarden\Home_Garden\Home_Garden\ArduinoCore\Debug\libArduinoCore.a(hooks.o)

.debug_pubnames
 *(.debug_pubnames)

.debug_info     0x00000000     0x816f
 *(.debug_info .gnu.linkonce.wi.*)
 .debug_info    0x00000000      0xbbc F:/Program Files (x86)/Atmel/Studio/7.0/Packs/atmel/ATmega_DFP/1.1.130/gcc/dev/atmega2560/avr6/crtatmega2560.o
 .debug_info    0x00000bbc      0x605 Sketch.o
 .debug_info    0x000011c1     0x1f9f E:\Dropbox\AarhusUNI\Andet 2017\HomeGarden\Home_Garden\Home_Garden\ArduinoCore\Debug\libArduinoCore.a(HardwareSerial.o)
 .debug_info    0x00003160     0x1af7 E:\Dropbox\AarhusUNI\Andet 2017\HomeGarden\Home_Garden\Home_Garden\ArduinoCore\Debug\libArduinoCore.a(HardwareSerial0.o)
 .debug_info    0x00004c57      0x295 E:\Dropbox\AarhusUNI\Andet 2017\HomeGarden\Home_Garden\Home_Garden\ArduinoCore\Debug\libArduinoCore.a(main.o)
 .debug_info    0x00004eec     0x28e2 E:\Dropbox\AarhusUNI\Andet 2017\HomeGarden\Home_Garden\Home_Garden\ArduinoCore\Debug\libArduinoCore.a(Print.o)
 .debug_info    0x000077ce      0x329 E:\Dropbox\AarhusUNI\Andet 2017\HomeGarden\Home_Garden\Home_Garden\ArduinoCore\Debug\libArduinoCore.a(wiring.o)
 .debug_info    0x00007af7      0x63a E:\Dropbox\AarhusUNI\Andet 2017\HomeGarden\Home_Garden\Home_Garden\ArduinoCore\Debug\libArduinoCore.a(wiring_digital.o)
 .debug_info    0x00008131       0x3e E:\Dropbox\AarhusUNI\Andet 2017\HomeGarden\Home_Garden\Home_Garden\ArduinoCore\Debug\libArduinoCore.a(hooks.o)

.debug_abbrev   0x00000000     0x1d01
 *(.debug_abbrev)
 .debug_abbrev  0x00000000      0xb1a F:/Program Files (x86)/Atmel/Studio/7.0/Packs/atmel/ATmega_DFP/1.1.130/gcc/dev/atmega2560/avr6/crtatmega2560.o
 .debug_abbrev  0x00000b1a      0x1b3 Sketch.o
 .debug_abbrev  0x00000ccd      0x432 E:\Dropbox\AarhusUNI\Andet 2017\HomeGarden\Home_Garden\Home_Garden\ArduinoCore\Debug\libArduinoCore.a(HardwareSerial.o)
 .debug_abbrev  0x000010ff      0x3a2 E:\Dropbox\AarhusUNI\Andet 2017\HomeGarden\Home_Garden\Home_Garden\ArduinoCore\Debug\libArduinoCore.a(HardwareSerial0.o)
 .debug_abbrev  0x000014a1      0x12d E:\Dropbox\AarhusUNI\Andet 2017\HomeGarden\Home_Garden\Home_Garden\ArduinoCore\Debug\libArduinoCore.a(main.o)
 .debug_abbrev  0x000015ce      0x469 E:\Dropbox\AarhusUNI\Andet 2017\HomeGarden\Home_Garden\Home_Garden\ArduinoCore\Debug\libArduinoCore.a(Print.o)
 .debug_abbrev  0x00001a37      0x146 E:\Dropbox\AarhusUNI\Andet 2017\HomeGarden\Home_Garden\Home_Garden\ArduinoCore\Debug\libArduinoCore.a(wiring.o)
 .debug_abbrev  0x00001b7d      0x15a E:\Dropbox\AarhusUNI\Andet 2017\HomeGarden\Home_Garden\Home_Garden\ArduinoCore\Debug\libArduinoCore.a(wiring_digital.o)
 .debug_abbrev  0x00001cd7       0x2a E:\Dropbox\AarhusUNI\Andet 2017\HomeGarden\Home_Garden\Home_Garden\ArduinoCore\Debug\libArduinoCore.a(hooks.o)

.debug_line     0x00000000     0x181a
 *(.debug_line .debug_line.* .debug_line_end)
 .debug_line    0x00000000      0x1f9 F:/Program Files (x86)/Atmel/Studio/7.0/Packs/atmel/ATmega_DFP/1.1.130/gcc/dev/atmega2560/avr6/crtatmega2560.o
 .debug_line    0x000001f9      0x22a Sketch.o
 .debug_line    0x00000423      0x489 E:\Dropbox\AarhusUNI\Andet 2017\HomeGarden\Home_Garden\Home_Garden\ArduinoCore\Debug\libArduinoCore.a(HardwareSerial.o)
 .debug_line    0x000008ac      0x253 E:\Dropbox\AarhusUNI\Andet 2017\HomeGarden\Home_Garden\Home_Garden\ArduinoCore\Debug\libArduinoCore.a(HardwareSerial0.o)
 .debug_line    0x00000aff      0x161 E:\Dropbox\AarhusUNI\Andet 2017\HomeGarden\Home_Garden\Home_Garden\ArduinoCore\Debug\libArduinoCore.a(main.o)
 .debug_line    0x00000c60      0x62a E:\Dropbox\AarhusUNI\Andet 2017\HomeGarden\Home_Garden\Home_Garden\ArduinoCore\Debug\libArduinoCore.a(Print.o)
 .debug_line    0x0000128a      0x2cb E:\Dropbox\AarhusUNI\Andet 2017\HomeGarden\Home_Garden\Home_Garden\ArduinoCore\Debug\libArduinoCore.a(wiring.o)
 .debug_line    0x00001555      0x284 E:\Dropbox\AarhusUNI\Andet 2017\HomeGarden\Home_Garden\Home_Garden\ArduinoCore\Debug\libArduinoCore.a(wiring_digital.o)
 .debug_line    0x000017d9       0x41 E:\Dropbox\AarhusUNI\Andet 2017\HomeGarden\Home_Garden\Home_Garden\ArduinoCore\Debug\libArduinoCore.a(hooks.o)

.debug_frame    0x00000000      0x748
 *(.debug_frame)
 .debug_frame   0x00000000       0x34 Sketch.o
 .debug_frame   0x00000034      0x110 E:\Dropbox\AarhusUNI\Andet 2017\HomeGarden\Home_Garden\Home_Garden\ArduinoCore\Debug\libArduinoCore.a(HardwareSerial.o)
 .debug_frame   0x00000144       0xc0 E:\Dropbox\AarhusUNI\Andet 2017\HomeGarden\Home_Garden\Home_Garden\ArduinoCore\Debug\libArduinoCore.a(HardwareSerial0.o)
 .debug_frame   0x00000204       0x54 E:\Dropbox\AarhusUNI\Andet 2017\HomeGarden\Home_Garden\Home_Garden\ArduinoCore\Debug\libArduinoCore.a(main.o)
 .debug_frame   0x00000258      0x38c E:\Dropbox\AarhusUNI\Andet 2017\HomeGarden\Home_Garden\Home_Garden\ArduinoCore\Debug\libArduinoCore.a(Print.o)
 .debug_frame   0x000005e4       0xc4 E:\Dropbox\AarhusUNI\Andet 2017\HomeGarden\Home_Garden\Home_Garden\ArduinoCore\Debug\libArduinoCore.a(wiring.o)
 .debug_frame   0x000006a8       0x7c E:\Dropbox\AarhusUNI\Andet 2017\HomeGarden\Home_Garden\Home_Garden\ArduinoCore\Debug\libArduinoCore.a(wiring_digital.o)
 .debug_frame   0x00000724       0x24 E:\Dropbox\AarhusUNI\Andet 2017\HomeGarden\Home_Garden\Home_Garden\ArduinoCore\Debug\libArduinoCore.a(hooks.o)

.debug_str      0x00000000     0x236d
 *(.debug_str)
 .debug_str     0x00000000      0x3e6 F:/Program Files (x86)/Atmel/Studio/7.0/Packs/atmel/ATmega_DFP/1.1.130/gcc/dev/atmega2560/avr6/crtatmega2560.o
 .debug_str     0x000003e6      0x359 Sketch.o
                                0x3ab (size before relaxing)
 .debug_str     0x0000073f     0x13fd E:\Dropbox\AarhusUNI\Andet 2017\HomeGarden\Home_Garden\Home_Garden\ArduinoCore\Debug\libArduinoCore.a(HardwareSerial.o)
                               0x16df (size before relaxing)
 .debug_str     0x00001b3c       0x99 E:\Dropbox\AarhusUNI\Andet 2017\HomeGarden\Home_Garden\Home_Garden\ArduinoCore\Debug\libArduinoCore.a(HardwareSerial0.o)
                               0x13e0 (size before relaxing)
 .debug_str     0x00001bd5       0x37 E:\Dropbox\AarhusUNI\Andet 2017\HomeGarden\Home_Garden\Home_Garden\ArduinoCore\Debug\libArduinoCore.a(main.o)
                                0x2bc (size before relaxing)
 .debug_str     0x00001c0c      0x3f1 E:\Dropbox\AarhusUNI\Andet 2017\HomeGarden\Home_Garden\Home_Garden\ArduinoCore\Debug\libArduinoCore.a(Print.o)
                               0x1201 (size before relaxing)
 .debug_str     0x00001ffd      0x164 E:\Dropbox\AarhusUNI\Andet 2017\HomeGarden\Home_Garden\Home_Garden\ArduinoCore\Debug\libArduinoCore.a(wiring.o)
                                0x252 (size before relaxing)
 .debug_str     0x00002161       0xc7 E:\Dropbox\AarhusUNI\Andet 2017\HomeGarden\Home_Garden\Home_Garden\ArduinoCore\Debug\libArduinoCore.a(wiring_digital.o)
                                0x2b7 (size before relaxing)
 .debug_str     0x00002228      0x145 E:\Dropbox\AarhusUNI\Andet 2017\HomeGarden\Home_Garden\Home_Garden\ArduinoCore\Debug\libArduinoCore.a(hooks.o)

.debug_loc      0x00000000     0x2a93
 *(.debug_loc)
 .debug_loc     0x00000000       0x16 Sketch.o
 .debug_loc     0x00000016      0x482 E:\Dropbox\AarhusUNI\Andet 2017\HomeGarden\Home_Garden\Home_Garden\ArduinoCore\Debug\libArduinoCore.a(HardwareSerial.o)
 .debug_loc     0x00000498      0x18a E:\Dropbox\AarhusUNI\Andet 2017\HomeGarden\Home_Garden\Home_Garden\ArduinoCore\Debug\libArduinoCore.a(HardwareSerial0.o)
 .debug_loc     0x00000622     0x1c79 E:\Dropbox\AarhusUNI\Andet 2017\HomeGarden\Home_Garden\Home_Garden\ArduinoCore\Debug\libArduinoCore.a(Print.o)
 .debug_loc     0x0000229b      0x28d E:\Dropbox\AarhusUNI\Andet 2017\HomeGarden\Home_Garden\Home_Garden\ArduinoCore\Debug\libArduinoCore.a(wiring.o)
 .debug_loc     0x00002528      0x56b E:\Dropbox\AarhusUNI\Andet 2017\HomeGarden\Home_Garden\Home_Garden\ArduinoCore\Debug\libArduinoCore.a(wiring_digital.o)

.debug_macinfo
 *(.debug_macinfo)

.debug_weaknames
 *(.debug_weaknames)

.debug_funcnames
 *(.debug_funcnames)

.debug_typenames
 *(.debug_typenames)

.debug_varnames
 *(.debug_varnames)

.debug_pubtypes
 *(.debug_pubtypes)

.debug_ranges   0x00000000      0x238
 *(.debug_ranges)
 .debug_ranges  0x00000000       0x18 Sketch.o
 .debug_ranges  0x00000018       0x58 E:\Dropbox\AarhusUNI\Andet 2017\HomeGarden\Home_Garden\Home_Garden\ArduinoCore\Debug\libArduinoCore.a(HardwareSerial.o)
 .debug_ranges  0x00000070       0x28 E:\Dropbox\AarhusUNI\Andet 2017\HomeGarden\Home_Garden\Home_Garden\ArduinoCore\Debug\libArduinoCore.a(HardwareSerial0.o)
 .debug_ranges  0x00000098       0x20 E:\Dropbox\AarhusUNI\Andet 2017\HomeGarden\Home_Garden\Home_Garden\ArduinoCore\Debug\libArduinoCore.a(main.o)
 .debug_ranges  0x000000b8      0x110 E:\Dropbox\AarhusUNI\Andet 2017\HomeGarden\Home_Garden\Home_Garden\ArduinoCore\Debug\libArduinoCore.a(Print.o)
 .debug_ranges  0x000001c8       0x38 E:\Dropbox\AarhusUNI\Andet 2017\HomeGarden\Home_Garden\Home_Garden\ArduinoCore\Debug\libArduinoCore.a(wiring.o)
 .debug_ranges  0x00000200       0x28 E:\Dropbox\AarhusUNI\Andet 2017\HomeGarden\Home_Garden\Home_Garden\ArduinoCore\Debug\libArduinoCore.a(wiring_digital.o)
 .debug_ranges  0x00000228       0x10 E:\Dropbox\AarhusUNI\Andet 2017\HomeGarden\Home_Garden\Home_Garden\ArduinoCore\Debug\libArduinoCore.a(hooks.o)

.debug_macro
 *(.debug_macro)
OUTPUT(Home_Garden.elf elf32-avr)
LOAD linker stubs
